Component: ARM Compiler 5.06 update 3 (build 300) Tool: armlink [4d35c9]

==============================================================================

Section Cross References

    main.o(i.AppTaskStart) refers to bsp.o(i.bsp_Init) for bsp_Init
    main.o(i.AppTaskStart) refers to cpu_core.o(i.CPU_Init) for CPU_Init
    main.o(i.AppTaskStart) refers to bsp.o(i.BSP_Tick_Init) for BSP_Tick_Init
    main.o(i.AppTaskStart) refers to init.o(i.All_Init) for All_Init
    main.o(i.AppTaskStart) refers to os_stat.o(i.OSStatTaskCPUUsageInit) for OSStatTaskCPUUsageInit
    main.o(i.AppTaskStart) refers to cpu_core.o(i.CPU_IntDisMeasMaxCurReset) for CPU_IntDisMeasMaxCurReset
    main.o(i.AppTaskStart) refers to task.o(i.AppTaskCreate) for AppTaskCreate
    main.o(i.AppTaskStart) refers to noretval__2printf.o(.text) for __2printf
    main.o(i.AppTaskStart) refers to main.o(.data) for Init_Finish
    main.o(i.main) refers to os_core.o(i.OSInit) for OSInit
    main.o(i.main) refers to os_task.o(i.OSTaskCreate) for OSTaskCreate
    main.o(i.main) refers to os_core.o(i.OSStart) for OSStart
    main.o(i.main) refers to main.o(.bss) for AppTaskStartStk
    main.o(i.main) refers to main.o(i.AppTaskStart) for AppTaskStart
    startup_stm32f40_41xxx.o(STACK) refers (Special) to heapauxi.o(.text) for __use_two_region_memory
    startup_stm32f40_41xxx.o(HEAP) refers (Special) to heapauxi.o(.text) for __use_two_region_memory
    startup_stm32f40_41xxx.o(RESET) refers (Special) to heapauxi.o(.text) for __use_two_region_memory
    startup_stm32f40_41xxx.o(RESET) refers to startup_stm32f40_41xxx.o(STACK) for __initial_sp
    startup_stm32f40_41xxx.o(RESET) refers to startup_stm32f40_41xxx.o(.text) for Reset_Handler
    startup_stm32f40_41xxx.o(RESET) refers to stm32f4xx_it.o(i.NMI_Handler) for NMI_Handler
    startup_stm32f40_41xxx.o(RESET) refers to stm32f4xx_it.o(i.MemManage_Handler) for MemManage_Handler
    startup_stm32f40_41xxx.o(RESET) refers to stm32f4xx_it.o(i.BusFault_Handler) for BusFault_Handler
    startup_stm32f40_41xxx.o(RESET) refers to stm32f4xx_it.o(i.UsageFault_Handler) for UsageFault_Handler
    startup_stm32f40_41xxx.o(RESET) refers to stm32f4xx_it.o(i.SVC_Handler) for SVC_Handler
    startup_stm32f40_41xxx.o(RESET) refers to stm32f4xx_it.o(i.DebugMon_Handler) for DebugMon_Handler
    startup_stm32f40_41xxx.o(RESET) refers to os_cpu_a.o(CODE) for OS_CPU_PendSVHandler
    startup_stm32f40_41xxx.o(RESET) refers to os_cpu_c.o(i.OS_CPU_SysTickHandler) for OS_CPU_SysTickHandler
    startup_stm32f40_41xxx.o(RESET) refers to stm32f4xx_it.o(i.TIM3_IRQHandler) for TIM3_IRQHandler
    startup_stm32f40_41xxx.o(RESET) refers to stm32f4xx_it.o(i.TIM4_IRQHandler) for TIM4_IRQHandler
    startup_stm32f40_41xxx.o(RESET) refers to usart.o(i.USART1_IRQHandler) for USART1_IRQHandler
    startup_stm32f40_41xxx.o(RESET) refers to stm32f4xx_it.o(i.USART2_IRQHandler) for USART2_IRQHandler
    startup_stm32f40_41xxx.o(RESET) refers to stm32f4xx_it.o(i.UART4_IRQHandler) for UART4_IRQHandler
    startup_stm32f40_41xxx.o(RESET) refers to stm32f4xx_it.o(i.UART5_IRQHandler) for UART5_IRQHandler
    startup_stm32f40_41xxx.o(RESET) refers to usbd_stm32f4xx_fs.o(i.OTG_FS_IRQHandler) for OTG_FS_IRQHandler
    startup_stm32f40_41xxx.o(.text) refers (Special) to heapauxi.o(.text) for __use_two_region_memory
    startup_stm32f40_41xxx.o(.text) refers to __main.o(!!!main) for __main
    startup_stm32f40_41xxx.o(.text) refers to startup_stm32f40_41xxx.o(HEAP) for Heap_Mem
    startup_stm32f40_41xxx.o(.text) refers to startup_stm32f40_41xxx.o(STACK) for Stack_Mem
    stm32f4xx_it.o(i.TIM3_IRQHandler) refers to pwm_in.o(i._TIM3_IRQHandler) for _TIM3_IRQHandler
    stm32f4xx_it.o(i.TIM4_IRQHandler) refers to pwm_in.o(i._TIM4_IRQHandler) for _TIM4_IRQHandler
    stm32f4xx_it.o(i.UART4_IRQHandler) refers to usart.o(i.Uart4_IRQ) for Uart4_IRQ
    stm32f4xx_it.o(i.UART5_IRQHandler) refers to usart.o(i.Uart5_IRQ) for Uart5_IRQ
    stm32f4xx_it.o(i.USART2_IRQHandler) refers to usart.o(i.Usart2_IRQ) for Usart2_IRQ
    ano_of.o(i.AnoOF_DataAnl) refers to dflt_clz.o(x$fpl$dflt) for __aeabi_i2d
    ano_of.o(i.AnoOF_DataAnl) refers to dmul.o(x$fpl$dmul) for __aeabi_dmul
    ano_of.o(i.AnoOF_DataAnl) refers to d2f.o(x$fpl$d2f) for __aeabi_d2f
    ano_of.o(i.AnoOF_DataAnl) refers to ano_of.o(.data) for OF_QUA
    ano_of.o(i.AnoOF_GetOneByte) refers to ano_of.o(i.AnoOF_DataAnl) for AnoOF_DataAnl
    ano_of.o(i.AnoOF_GetOneByte) refers to ano_of.o(.data) for state
    ano_of.o(i.AnoOF_GetOneByte) refers to ano_of.o(.bss) for _datatemp
    anotc_baro_ctrl.o(i.acc_fusion) refers to faddsub_clz.o(x$fpl$fsub) for __aeabi_fsub
    anotc_baro_ctrl.o(i.acc_fusion) refers to faddsub_clz.o(x$fpl$fadd) for __aeabi_fadd
    anotc_baro_ctrl.o(i.acc_fusion) refers to filter.o(i.anotc_filter_1) for anotc_filter_1
    anotc_baro_ctrl.o(i.acc_fusion) refers to mymath.o(i.my_deathzoom) for my_deathzoom
[...]
    USBD_HID_PollingCnt                      0x200005c6   Data           2  usb_config.o(.data)
    USBD_HID_IdleCnt                         0x200005c8   Data           1  usb_config.o(.data)
    USBD_HID_IdleReload                      0x200005c9   Data           1  usb_config.o(.data)
    USBD_HID_IdleSet                         0x200005ca   Data           1  usb_config.o(.data)
    USBD_HID_FeatReport                      0x200005cb   Data           2  usb_config.o(.data)
    HID_SEND_TIMEOUT                         0x200005cd   Data           1  usbd_user_hid.o(.data)
    hid_datatemp_begin                       0x200005ce   Data           1  usbd_user_hid.o(.data)
    hid_datatemp_end                         0x200005cf   Data           1  usbd_user_hid.o(.data)
    USBD_DeviceStatus                        0x200005e4   Data           2  usbd_core.o(.data)
    USBD_DeviceAddress                       0x200005e6   Data           1  usbd_core.o(.data)
    USBD_Configuration                       0x200005e7   Data           1  usbd_core.o(.data)
    USBD_EndPointMask                        0x200005e8   Data           4  usbd_core.o(.data)
    USBD_EndPointHalt                        0x200005ec   Data           4  usbd_core.o(.data)
    USBD_EndPointStall                       0x200005f0   Data           4  usbd_core.o(.data)
    USBD_NumInterfaces                       0x200005f4   Data           1  usbd_core.o(.data)
    USBD_HighSpeed                           0x200005f5   Data           1  usbd_core.o(.data)
    USBD_ZLP                                 0x200005f6   Data           1  usbd_core.o(.data)
    USBD_EP0Data                             0x200005f8   Data           8  usbd_core.o(.data)
    USBD_SetupPacket                         0x20000600   Data           8  usbd_core.o(.data)
    USBD_HID_Protocol                        0x20000608   Data           1  usbd_hid.o(.data)
    DataOutAsyncReq                          0x2000060c   Data           4  usbd_hid.o(.data)
    DataOutUpdateReqMask                     0x20000610   Data           4  usbd_hid.o(.data)
    ptrDataOut                               0x20000614   Data           4  usbd_hid.o(.data)
    DataOutToSendLen                         0x20000618   Data           2  usbd_hid.o(.data)
    DataOutSentLen                           0x2000061a   Data           2  usbd_hid.o(.data)
    DataOutEndWithShortPacket                0x2000061c   Data           4  usbd_hid.o(.data)
    ptrDataIn                                0x20000620   Data           4  usbd_hid.o(.data)
    DataInReceLen                            0x20000624   Data           2  usbd_hid.o(.data)
    ptrDataFeat                              0x20000628   Data           4  usbd_hid.o(.data)
    DataFeatReceLen                          0x2000062c   Data           2  usbd_hid.o(.data)
    ak8975                                   0x20000630   Data          44  ak8975.o(.data)
    ak8975_ok                                0x2000065c   Data           1  ak8975.o(.data)
    Mag_CALIBRATED                           0x2000065d   Data           1  ak8975.o(.data)
    I2C_FastMode                             0x2000067a   Data           1  i2c_soft.o(.data)
    led_accuracy                             0x2000067c   Data           2  led.o(.data)
    LED_Brightness                           0x20000680   Data          16  led.o(.data)
    light                                    0x200006a0   Data           3  led.o(.data)
    mpu6050_ok                               0x200006b4   Data           1  mpu6050.o(.data)
    acc_sum_cnt                              0x200006b6   Data           2  mpu6050.o(.data)
    gyro_sum_cnt                             0x200006b8   Data           2  mpu6050.o(.data)
    filter_cnt                               0x200006ba   Data           1  mpu6050.o(.data)
    filter_cnt_old                           0x200006bb   Data           1  mpu6050.o(.data)
    test_ang                                 0x200006bc   Data           4  mpu6050.o(.data)
    test_ang_old                             0x200006c0   Data           4  mpu6050.o(.data)
    test_ang_d                               0x200006c4   Data           4  mpu6050.o(.data)
    test_fli_a                               0x200006c8   Data           4  mpu6050.o(.data)
    test_i                                   0x200006cc   Data           4  mpu6050.o(.data)
    baro_height_old                          0x200006d0   Data           4  ms5611.o(.data)
    baro_Offset                              0x200006d4   Data           4  ms5611.o(.data)
    ms5611_ut                                0x200006d8   Data           4  ms5611.o(.data)
    ms5611_up                                0x200006dc   Data           4  ms5611.o(.data)
    t_rxbuf                                  0x200006e0   Data           3  ms5611.o(.data)
    p_rxbuf                                  0x200006e3   Data           3  ms5611.o(.data)
    ms5611_ok                                0x200006e6   Data           1  ms5611.o(.data)
    temperature_5611                         0x200006e8   Data           4  ms5611.o(.data)
    moavcnt                                  0x200006ec   Data           2  ms5611.o(.data)
    CH_out_Mapping                           0x20000716   Data           4  pwm_out.o(.data)
    sysTickUptime                            0x2000071c   Data           4  time.o(.data)
    time_1h                                  0x20000720   Data           4  time.o(.data)
    time_1m                                  0x20000724   Data           4  time.o(.data)
    time_1s                                  0x20000728   Data           4  time.o(.data)
    time_1ms                                 0x2000072c   Data           4  time.o(.data)
    ultra_start_f                            0x20000730   Data           1  ultrasonic.o(.data)
    ultra_distance_old                       0x20000732   Data           2  ultrasonic.o(.data)
    TxCounter                                0x20000738   Data           1  usart.o(.data)
    count                                    0x20000739   Data           1  usart.o(.data)
    Tx5Counter                               0x2000073a   Data           1  usart.o(.data)
    count5                                   0x2000073b   Data           1  usart.o(.data)
    Tx4Counter                               0x2000073c   Data           1  usart.o(.data)
    count4                                   0x2000073d   Data           1  usart.o(.data)
    __stdout                                 0x20000740   Data           4  usart.o(.data)
    USART_RX_STA                             0x20000744   Data           2  usart.o(.data)
    OutMaxPacketSize                         0x20000748   Data          16  usbd_stm32f4xx_fs.o(.data)
    InPacketDataPtr                          0x20000758   Data          16  usbd_stm32f4xx_fs.o(.data)
    InPacketDataReady                        0x20000768   Data           4  usbd_stm32f4xx_fs.o(.data)
    SyncWriteEP                              0x2000076c   Data           4  usbd_stm32f4xx_fs.o(.data)
    IsoOutTokenRead                          0x20000770   Data           4  usbd_stm32f4xx_fs.o(.data)
    SystemCoreClock                          0x20000788   Data           4  system_stm32f4xx.o(.data)
    AHBPrescTable                            0x2000078c   Data          16  system_stm32f4xx.o(.data)
    CPU_TS_TmrFreq_Hz                        0x2000079c   Data           4  cpu_core.o(.data)
    CPU_IntDisMeasCtr                        0x200007a0   Data           2  cpu_core.o(.data)
    CPU_IntDisNestCtr                        0x200007a2   Data           2  cpu_core.o(.data)
    CPU_IntDisMeasStart_cnts                 0x200007a4   Data           4  cpu_core.o(.data)
    CPU_IntDisMeasStop_cnts                  0x200007a8   Data           4  cpu_core.o(.data)
    CPU_IntDisMeasOvrhd_cnts                 0x200007ac   Data           4  cpu_core.o(.data)
    CPU_IntDisMeasMaxCur_cnts                0x200007b0   Data           4  cpu_core.o(.data)
    CPU_IntDisMeasMax_cnts                   0x200007b4   Data           4  cpu_core.o(.data)
    OSPrioTbl                                0x200007b8   Data           4  os_prio.o(.data)
    OS_AppTaskCreateHookPtr                  0x200007bc   Data           4  os_var.o(.data)
    OS_AppTaskDelHookPtr                     0x200007c0   Data           4  os_var.o(.data)
    OS_AppTaskReturnHookPtr                  0x200007c4   Data           4  os_var.o(.data)
    OS_AppIdleTaskHookPtr                    0x200007c8   Data           4  os_var.o(.data)
    OS_AppStatTaskHookPtr                    0x200007cc   Data           4  os_var.o(.data)
    OS_AppTaskSwHookPtr                      0x200007d0   Data           4  os_var.o(.data)
    OS_AppTimeTickHookPtr                    0x200007d4   Data           4  os_var.o(.data)
    OSIdleTaskCtr                            0x200007d8   Data           4  os_var.o(.data)
    OSIntNestingCtr                          0x200007dc   Data           1  os_var.o(.data)
    OSIntDisTimeMax                          0x200007e0   Data           4  os_var.o(.data)
    OSRunning                                0x200007e4   Data           1  os_var.o(.data)
    OSFlagDbgListPtr                         0x200007e8   Data           4  os_var.o(.data)
    OSFlagQty                                0x200007ec   Data           2  os_var.o(.data)
    OSMemDbgListPtr                          0x200007f0   Data           4  os_var.o(.data)
    OSMemQty                                 0x200007f4   Data           2  os_var.o(.data)
    OSMutexDbgListPtr                        0x200007f8   Data           4  os_var.o(.data)
    OSMutexQty                               0x200007fc   Data           2  os_var.o(.data)
    OSPrioCur                                0x200007fe   Data           1  os_var.o(.data)
    OSPrioHighRdy                            0x200007ff   Data           1  os_var.o(.data)
    OSPrioSaved                              0x20000800   Data           1  os_var.o(.data)
    OSQDbgListPtr                            0x20000804   Data           4  os_var.o(.data)
    OSQQty                                   0x20000808   Data           2  os_var.o(.data)
    OSSchedLockNestingCtr                    0x2000080a   Data           1  os_var.o(.data)
    OSSemDbgListPtr                          0x2000080c   Data           4  os_var.o(.data)
    OSSemQty                                 0x20000810   Data           2  os_var.o(.data)
    OSStatResetFlag                          0x20000812   Data           1  os_var.o(.data)
    OSStatTaskCPUUsage                       0x20000814   Data           2  os_var.o(.data)
    OSStatTaskCPUUsageMax                    0x20000816   Data           2  os_var.o(.data)
    OSStatTaskCtr                            0x20000818   Data           4  os_var.o(.data)
    OSStatTaskCtrMax                         0x2000081c   Data           4  os_var.o(.data)
    OSStatTaskCtrRun                         0x20000820   Data           4  os_var.o(.data)
    OSStatTaskRdy                            0x20000824   Data           1  os_var.o(.data)
    OSStatTaskTimeMax                        0x20000828   Data           4  os_var.o(.data)
    OSTaskCtxSwCtr                           0x2000082c   Data           4  os_var.o(.data)
    OSTaskDbgListPtr                         0x20000830   Data           4  os_var.o(.data)
    OSTaskQty                                0x20000834   Data           2  os_var.o(.data)
    OSTaskRegNextAvailID                     0x20000836   Data           1  os_var.o(.data)
    OSTickCtr                                0x20000838   Data           4  os_var.o(.data)
    OSTickTaskTimeMax                        0x2000083c   Data           4  os_var.o(.data)
    OSTickListDly                            0x20000840   Data           8  os_var.o(.data)
    OSTickListTimeout                        0x20000848   Data           8  os_var.o(.data)
    OSTmrDbgListPtr                          0x20000850   Data           4  os_var.o(.data)
    OSTmrListEntries                         0x20000854   Data           2  os_var.o(.data)
    OSTmrListPtr                             0x20000858   Data           4  os_var.o(.data)
    OSTmrQty                                 0x2000085c   Data           2  os_var.o(.data)
    OSTmrTaskTimeMax                         0x20000860   Data           4  os_var.o(.data)
    OSTmrTickCtr                             0x20000864   Data           4  os_var.o(.data)
    OSTmrUpdateCnt                           0x20000868   Data           4  os_var.o(.data)
    OSTmrUpdateCtr                           0x2000086c   Data           4  os_var.o(.data)
    OSTCBCurPtr                              0x20000870   Data           4  os_var.o(.data)
    OSTCBHighRdyPtr                          0x20000874   Data           4  os_var.o(.data)
    OS_CPU_ExceptStkBase                     0x20000878   Data           4  os_cpu_c.o(.data)
    sonar_av_arr                             0x20000d70   Data         200  anotc_baro_ctrl.o(.bss)
    sonar                                    0x20000e38   Data          24  anotc_baro_ctrl.o(.bss)
    sonar_fusion                             0x20000e50   Data          68  anotc_baro_ctrl.o(.bss)
    baro_av_arr                              0x20000e94   Data         400  anotc_baro_ctrl.o(.bss)
    baro_p                                   0x20001024   Data          24  anotc_baro_ctrl.o(.bss)
    baro_fusion                              0x2000103c   Data          68  anotc_baro_ctrl.o(.bss)
    ctrl_1                                   0x20001080   Data         196  ctrl.o(.bss)
    ctrl_2                                   0x20001144   Data         196  ctrl.o(.bss)
    except_A                                 0x20001208   Data          12  ctrl.o(.bss)
    ctrl_angle_offset                        0x20001214   Data          12  ctrl.o(.bss)
    compensation                             0x20001220   Data          12  ctrl.o(.bss)
    except_AS                                0x2000122c   Data          12  ctrl.o(.bss)
    g_old                                    0x20001238   Data          28  ctrl.o(.bss)
    motor                                    0x20001254   Data          16  ctrl.o(.bss)
    posture_value                            0x20001264   Data          16  ctrl.o(.bss)
    curve                                    0x20001274   Data          16  ctrl.o(.bss)
    f                                        0x20001284   Data          20  data_transfer.o(.bss)
    data_to_send                             0x20001298   Data          50  data_transfer.o(.bss)
    RX_CH                                    0x200012ca   Data          16  data_transfer.o(.bss)
    mode_value                               0x2000130c   Data          10  fly_mode.o(.bss)
    hc_value                                 0x20001318   Data          24  height_ctrl.o(.bss)
    h_acc_arg                                0x20001330   Data          28  height_ctrl.o(.bss)
    h_speed_arg                              0x2000134c   Data          28  height_ctrl.o(.bss)
    h_height_arg                             0x20001368   Data          28  height_ctrl.o(.bss)
    h_acc_val                                0x20001384   Data          36  height_ctrl.o(.bss)
    h_speed_val                              0x200013a8   Data          36  height_ctrl.o(.bss)
    h_height_val                             0x200013cc   Data          36  height_ctrl.o(.bss)
    reference_v                              0x200013f0   Data          12  imu.o(.bss)
    ref                                      0x200013fc   Data          60  imu.o(.bss)
    mag_sim_3d                               0x20001438   Data          12  imu.o(.bss)
    acc_3d_hg                                0x20001444   Data          12  imu.o(.bss)
    acc_ng                                   0x20001450   Data          12  imu.o(.bss)
    acc_ng_offset                            0x2000145c   Data          12  imu.o(.bss)
    sensor_setup                             0x20001474   Data          64  parameter.o(.bss)
    pid_setup                                0x200014b4   Data         192  parameter.o(.bss)
    CH                                       0x200035e8   Data          16  rc.o(.bss)
    CH_Old                                   0x200035f8   Data          32  rc.o(.bss)
    CH_filter                                0x20003618   Data          32  rc.o(.bss)
    CH_filter_Old                            0x20003638   Data          32  rc.o(.bss)
    CH_filter_D                              0x20003658   Data          32  rc.o(.bss)
    CLR_CH_Error                             0x20003678   Data          16  rc.o(.bss)
    USBD_EP0Buf                              0x20003698   Data          64  usb_config.o(.bss)
    USBD_HID_InReport                        0x200036d8   Data          65  usb_config.o(.bss)
    USBD_HID_OutReport                       0x20003719   Data          65  usb_config.o(.bss)
    stk_usb_msc_task                         0x20003760   Data         600  usb_config.o(.bss)
    hid_datatemp                             0x200039b8   Data         256  usbd_user_hid.o(.bss)
    hid_data2send                            0x20003ab8   Data          64  usbd_user_hid.o(.bss)
    string_auth                              0x20003af8   Data          29  version.o(.bss)
    string_auth_descriptor                   0x20003b15   Data          52  version.o(.bss)
    loop                                     0x20009fcc   Data          16  task.o(.bss)
    test                                     0x20009fdc   Data          20  task.o(.bss)
    mpu6050                                  0x2000a008   Data         128  mpu6050.o(.bss)
    mpu6050_buffer                           0x2000a088   Data          14  mpu6050.o(.bss)
    sum_temp                                 0x2000a098   Data          28  mpu6050.o(.bss)
    FILT_BUF                                 0x2000a0b4   Data         154  mpu6050.o(.bss)
    mpu6050_tmp                              0x2000a150   Data          28  mpu6050.o(.bss)
    mpu_fil_tmp                              0x2000a16c   Data          28  mpu6050.o(.bss)
    ms5611_prom                              0x2000a188   Data          16  ms5611.o(.bss)
    baro                                     0x2000a198   Data          20  ms5611.o(.bss)
    mo_av_baro                               0x2000a1ac   Data          20  ms5611.o(.bss)
    Rc_Pwm_In                                0x2000a1c0   Data          16  pwm_in.o(.bss)
    Cycle_T                                  0x2000a1d0   Data          60  time.o(.bss)
    ultra                                    0x2000a20c   Data          20  ultrasonic.o(.bss)
    TxBuffer                                 0x2000a220   Data         256  usart.o(.bss)
    Rx_Buf                                   0x2000a320   Data         256  usart.o(.bss)
    Tx5Buffer                                0x2000a420   Data         256  usart.o(.bss)
    Tx4Buffer                                0x2000a520   Data         256  usart.o(.bss)
    USART_RX_BUF                             0x2000a620   Data         200  usart.o(.bss)
    HID_IntInPacketData                      0x2000a6e8   Data          64  usbd_stm32f4xx_fs.o(.bss)
    IsoOutPacketDataPtr                      0x2000a728   Data          16  usbd_stm32f4xx_fs.o(.bss)
    InPacketDataCnt                          0x2000a738   Data          16  usbd_stm32f4xx_fs.o(.bss)
    IsoOutPacketDataCnt                      0x2000a748   Data          16  usbd_stm32f4xx_fs.o(.bss)
    CPU_Name                                 0x2000a758   Data          16  cpu_core.o(.bss)
    OSCfg_IdleTaskStk                        0x2000a768   Data         512  os_cfg_app.o(.bss)
    OSCfg_ISRStk                             0x2000a968   Data         400  os_cfg_app.o(.bss)
    OSCfg_MsgPool                            0x2000aaf8   Data        1600  os_cfg_app.o(.bss)
    OSCfg_StatTaskStk                        0x2000b138   Data         400  os_cfg_app.o(.bss)
    OSCfg_TickTaskStk                        0x2000b2c8   Data         512  os_cfg_app.o(.bss)
    OSCfg_TmrTaskStk                         0x2000b4c8   Data         512  os_cfg_app.o(.bss)
    OSIdleTaskTCB                            0x2000b6c8   Data         192  os_var.o(.bss)
    OSMsgPool                                0x2000b788   Data          12  os_var.o(.bss)
    OSRdyList                                0x2000b794   Data         384  os_var.o(.bss)
    OSStatTaskTCB                            0x2000b914   Data         192  os_var.o(.bss)
    OSTickTaskTCB                            0x2000b9d4   Data         192  os_var.o(.bss)
    OSTmrMutex                               0x2000ba94   Data          48  os_var.o(.bss)
    OSTmrTaskTCB                             0x2000bac4   Data         192  os_var.o(.bss)
    __libspace_start                         0x2000bb84   Data          96  libspace.o(.bss)
    __temporary_stack_top$libspace           0x2000bbe4   Data           0  libspace.o(.bss)



==============================================================================

Memory Map of the image

  Image Entry point : 0x08000189

  Load Region LR_IROM1 (Base: 0x08000000, Size: 0x0001513c, Max: 0x00080000, ABSOLUTE, COMPRESSED[0x00014d50])

    Execution Region ER_IROM1 (Base: 0x08000000, Size: 0x000148c0, Max: 0x00080000, ABSOLUTE)

    Base Addr    Size         Type   Attr      Idx    E Section Name        Object

    0x08000000   0x00000188   Data   RO          255    RESET               startup_stm32f40_41xxx.o
    0x08000188   0x00000008   Code   RO         7765  * !!!main             c_w.l(__main.o)
    0x08000190   0x00000034   Code   RO         8114    !!!scatter          c_w.l(__scatter.o)
    0x080001c4   0x0000005a   Code   RO         8112    !!dczerorl2         c_w.l(__dczerorl2.o)
    0x0800021e   0x00000002   PAD
    0x08000220   0x0000001c   Code   RO         8116    !!handler_zi        c_w.l(__scatter_zi.o)
    0x0800023c   0x00000000   Code   RO         7756    .ARM.Collect$$_printf_percent$$00000000  c_w.l(_printf_percent.o)
    0x0800023c   0x00000006   Code   RO         7755    .ARM.Collect$$_printf_percent$$00000003  c_w.l(_printf_f.o)
    0x08000242   0x00000004   Code   RO         7846    .ARM.Collect$$_printf_percent$$00000017  c_w.l(_printf_percent_end.o)
    0x08000246   0x00000002   Code   RO         7985    .ARM.Collect$$libinit$$00000000  c_w.l(libinit.o)
    0x08000248   0x00000000   Code   RO         7987    .ARM.Collect$$libinit$$00000002  c_w.l(libinit2.o)
    0x08000248   0x00000000   Code   RO         7989    .ARM.Collect$$libinit$$00000004  c_w.l(libinit2.o)
    0x08000248   0x00000000   Code   RO         7992    .ARM.Collect$$libinit$$0000000A  c_w.l(libinit2.o)
    0x08000248   0x00000000   Code   RO         7994    .ARM.Collect$$libinit$$0000000C  c_w.l(libinit2.o)
    0x08000248   0x00000000   Code   RO         7996    .ARM.Collect$$libinit$$0000000E  c_w.l(libinit2.o)
    0x08000248   0x00000006   Code   RO         7997    .ARM.Collect$$libinit$$0000000F  c_w.l(libinit2.o)
    0x0800024e   0x00000000   Code   RO         7999    .ARM.Collect$$libinit$$00000011  c_w.l(libinit2.o)
    0x0800024e   0x00000000   Code   RO         8001    .ARM.Collect$$libinit$$00000013  c_w.l(libinit2.o)
    0x0800024e   0x00000000   Code   RO         8003    .ARM.Collect$$libinit$$00000015  c_w.l(libinit2.o)
    0x0800024e   0x0000000a   Code   RO         8004    .ARM.Collect$$libinit$$00000016  c_w.l(libinit2.o)
    0x08000258   0x00000000   Code   RO         8005    .ARM.Collect$$libinit$$00000017  c_w.l(libinit2.o)
    0x08000258   0x00000000   Code   RO         8007    .ARM.Collect$$libinit$$00000019  c_w.l(libinit2.o)
    0x08000258   0x00000000   Code   RO         8009    .ARM.Collect$$libinit$$0000001B  c_w.l(libinit2.o)
    0x08000258   0x00000000   Code   RO         8011    .ARM.Collect$$libinit$$0000001D  c_w.l(libinit2.o)
    0x08000258   0x00000000   Code   RO         8013    .ARM.Collect$$libinit$$0000001F  c_w.l(libinit2.o)
    0x08000258   0x00000000   Code   RO         8015    .ARM.Collect$$libinit$$00000021  c_w.l(libinit2.o)
    0x08000258   0x00000000   Code   RO         8017    .ARM.Collect$$libinit$$00000023  c_w.l(libinit2.o)
    0x08000258   0x00000000   Code   RO         8019    .ARM.Collect$$libinit$$00000025  c_w.l(libinit2.o)
    0x08000258   0x00000000   Code   RO         8023    .ARM.Collect$$libinit$$0000002C  c_w.l(libinit2.o)
    0x08000258   0x00000000   Code   RO         8025    .ARM.Collect$$libinit$$0000002E  c_w.l(libinit2.o)
    0x08000258   0x00000000   Code   RO         8027    .ARM.Collect$$libinit$$00000030  c_w.l(libinit2.o)
    0x08000258   0x00000000   Code   RO         8029    .ARM.Collect$$libinit$$00000032  c_w.l(libinit2.o)
    0x08000258   0x00000002   Code   RO         8030    .ARM.Collect$$libinit$$00000033  c_w.l(libinit2.o)
    0x0800025a   0x00000002   Code   RO         8076    .ARM.Collect$$libshutdown$$00000000  c_w.l(libshutdown.o)
    0x0800025c   0x00000000   Code   RO         8095    .ARM.Collect$$libshutdown$$00000002  c_w.l(libshutdown2.o)
    0x0800025c   0x00000000   Code   RO         8097    .ARM.Collect$$libshutdown$$00000004  c_w.l(libshutdown2.o)
    0x0800025c   0x00000000   Code   RO         8100    .ARM.Collect$$libshutdown$$00000007  c_w.l(libshutdown2.o)
    0x0800025c   0x00000000   Code   RO         8103    .ARM.Collect$$libshutdown$$0000000A  c_w.l(libshutdown2.o)
    0x0800025c   0x00000000   Code   RO         8105    .ARM.Collect$$libshutdown$$0000000C  c_w.l(libshutdown2.o)
    0x0800025c   0x00000000   Code   RO         8108    .ARM.Collect$$libshutdown$$0000000F  c_w.l(libshutdown2.o)
    0x0800025c   0x00000002   Code   RO         8109    .ARM.Collect$$libshutdown$$00000010  c_w.l(libshutdown2.o)
    0x0800025e   0x00000000   Code   RO         7835    .ARM.Collect$$rtentry$$00000000  c_w.l(__rtentry.o)
    0x0800025e   0x00000000   Code   RO         7895    .ARM.Collect$$rtentry$$00000002  c_w.l(__rtentry2.o)
    0x0800025e   0x00000006   Code   RO         7907    .ARM.Collect$$rtentry$$00000004  c_w.l(__rtentry4.o)
    0x08000264   0x00000000   Code   RO         7897    .ARM.Collect$$rtentry$$00000009  c_w.l(__rtentry2.o)
    0x08000264   0x00000004   Code   RO         7898    .ARM.Collect$$rtentry$$0000000A  c_w.l(__rtentry2.o)
    0x08000268   0x00000000   Code   RO         7900    .ARM.Collect$$rtentry$$0000000C  c_w.l(__rtentry2.o)
    0x08000268   0x00000008   Code   RO         7901    .ARM.Collect$$rtentry$$0000000D  c_w.l(__rtentry2.o)
    0x08000270   0x00000002   Code   RO         8033    .ARM.Collect$$rtexit$$00000000  c_w.l(rtexit.o)
    0x08000272   0x00000000   Code   RO         8048    .ARM.Collect$$rtexit$$00000002  c_w.l(rtexit2.o)
    0x08000272   0x00000004   Code   RO         8049    .ARM.Collect$$rtexit$$00000003  c_w.l(rtexit2.o)
    0x08000276   0x00000006   Code   RO         8050    .ARM.Collect$$rtexit$$00000004  c_w.l(rtexit2.o)
    0x0800027c   0x00000044   Code   RO          256    .text               startup_stm32f40_41xxx.o
    0x080002c0   0x00000034   Code   RO         6110    .text               cpu_a.o
    0x080002f4   0x00000002   Code   RO         7725    .text               c_w.l(use_no_semi_2.o)
    0x080002f6   0x00000002   PAD
    0x080002f8   0x00000018   Code   RO         7731    .text               c_w.l(noretval__2printf.o)
    0x08000310   0x00000068   Code   RO         7733    .text               c_w.l(__printf.o)
    0x08000378   0x0000003e   Code   RO         7757    .text               c_w.l(strlen.o)
    0x080003b6   0x0000008a   Code   RO         7759    .text               c_w.l(rt_memcpy_v6.o)
    0x08000440   0x0000004e   Code   RO         7761    .text               c_w.l(rt_memclr_w.o)
    0x0800048e   0x00000006   Code   RO         7763    .text               c_w.l(heapauxi.o)
    0x08000494   0x00000002   Code   RO         7833    .text               c_w.l(use_no_semi.o)
    0x08000496   0x00000016   Code   RO         7840    .text               c_w.l(_rserrno.o)
    0x080004ac   0x0000041a   Code   RO         7842    .text               c_w.l(_printf_fp_dec.o)
    0x080008c6   0x00000002   PAD
    0x080008c8   0x00000024   Code   RO         7844    .text               c_w.l(_printf_char_file.o)
    0x080008ec   0x00000064   Code   RO         7847    .text               c_w.l(rt_memcpy_w.o)
    0x08000950   0x00000008   Code   RO         7914    .text               c_w.l(rt_locale_intlibspace.o)
    0x08000958   0x00000008   Code   RO         7919    .text               c_w.l(rt_errno_addr_intlibspace.o)
    0x08000960   0x0000008a   Code   RO         7921    .text               c_w.l(lludiv10.o)
    0x080009ea   0x00000002   PAD
    0x080009ec   0x00000030   Code   RO         7923    .text               c_w.l(_printf_char_common.o)
    0x08000a1c   0x00000080   Code   RO         7925    .text               c_w.l(_printf_fp_infnan.o)
    0x08000a9c   0x000000dc   Code   RO         7927    .text               c_w.l(bigflt0.o)
    0x08000b78   0x00000008   Code   RO         7952    .text               c_w.l(ferror.o)
    0x08000b80   0x00000008   Code   RO         7965    .text               c_w.l(libspace.o)
    0x08000b88   0x0000004a   Code   RO         7968    .text               c_w.l(sys_stackheap_outer.o)
    0x08000bd2   0x00000012   Code   RO         7972    .text               c_w.l(exit.o)
    0x08000be4   0x00000080   Code   RO         7978    .text               c_w.l(strcmpv7m.o)
    0x08000c64   0x0000003e   Code   RO         7930    CL$$btod_d2e        c_w.l(btod.o)
    0x08000ca2   0x00000046   Code   RO         7932    CL$$btod_d2e_denorm_low  c_w.l(btod.o)
    0x08000ce8   0x00000060   Code   RO         7931    CL$$btod_d2e_norm_op1  c_w.l(btod.o)
    0x08000d48   0x00000338   Code   RO         7940    CL$$btod_div_common  c_w.l(btod.o)
    0x08001080   0x000000c6   Code   RO         7937    CL$$btod_e2e        c_w.l(btod.o)
    0x08001146   0x00000028   Code   RO         7934    CL$$btod_ediv       c_w.l(btod.o)
    0x0800116e   0x00000028   Code   RO         7933    CL$$btod_emul       c_w.l(btod.o)
    0x08001196   0x00000244   Code   RO         7939    CL$$btod_mult_common  c_w.l(btod.o)
    0x080013da   0x00000002   PAD
    0x080013dc   0x000000e4   Code   RO         7720    CODE                os_cpu_a.o
    0x080014c0   0x0000028c   Code   RO         2357    i.ANO_AK8975_CalOffset_Mag  ak8975.o
    0x0800174c   0x00000008   Code   RO         2359    i.ANO_AK8975_Read   ak8975.o
    0x08001754   0x000000f4   Code   RO         2360    i.ANO_AK8975_Read_Mag_Data  ak8975.o
    0x08001848   0x00000016   Code   RO         2361    i.ANO_AK8975_Run    ak8975.o
    0x0800185e   0x00000002   PAD
    0x08001860   0x00000530   Code   RO          557    i.ANO_DT_Data_Exchange  data_transfer.o
    0x08001d90   0x000006c4   Code   RO          558    i.ANO_DT_Data_Receive_Anl  data_transfer.o
    0x08002454   0x000000e8   Code   RO          559    i.ANO_DT_Data_Receive_Prepare  data_transfer.o
    0x0800253c   0x00000044   Code   RO          560    i.ANO_DT_Send_Check  data_transfer.o
    0x08002580   0x0000001c   Code   RO          561    i.ANO_DT_Send_Data  data_transfer.o
    0x0800259c   0x0000011c   Code   RO          562    i.ANO_DT_Send_Location  data_transfer.o
    0x080026b8   0x0000012c   Code   RO          563    i.ANO_DT_Send_MotoPWM  data_transfer.o
    0x080027e4   0x00000044   Code   RO          564    i.ANO_DT_Send_Msg   data_transfer.o
    0x08002828   0x0000020c   Code   RO          565    i.ANO_DT_Send_PID   data_transfer.o
    0x08002a34   0x0000008c   Code   RO          566    i.ANO_DT_Send_Power  data_transfer.o
    0x08002ac0   0x00000164   Code   RO          567    i.ANO_DT_Send_RCData  data_transfer.o
    0x08002c24   0x0000019c   Code   RO          568    i.ANO_DT_Send_Senser  data_transfer.o
    0x08002dc0   0x000000a0   Code   RO          569    i.ANO_DT_Send_Senser2  data_transfer.o
    0x08002e60   0x000000e8   Code   RO          570    i.ANO_DT_Send_Speed  data_transfer.o
    0x08002f48   0x00000144   Code   RO          571    i.ANO_DT_Send_Status  data_transfer.o
    0x0800308c   0x00000188   Code   RO          572    i.ANO_DT_Send_User  data_transfer.o
    0x08003214   0x000000c4   Code   RO          573    i.ANO_DT_Send_Version  data_transfer.o
    0x080032d8   0x0000009c   Code   RO          863    i.All_Init          init.o
    0x08003374   0x000001c4   Code   RO          492    i.All_Out           ctrl.o
    0x08003538   0x00000324   Code   RO          351    i.AnoOF_DataAnl     ano_of.o
    0x0800385c   0x000000e8   Code   RO          352    i.AnoOF_GetOneByte  ano_of.o
    0x08003944   0x000001c4   Code   RO         2116    i.AppTaskCreate     task.o
    0x08003b08   0x0000005c   Code   RO            4    i.AppTaskStart      main.o
    0x08003b64   0x00000014   Code   RO         2117    i.AppTask_10ms      task.o
    0x08003b78   0x0000001a   Code   RO         2118    i.AppTask_1ms       task.o
    0x08003b92   0x00000014   Code   RO         2119    i.AppTask_20ms      task.o
    0x08003ba6   0x00000002   PAD
    0x08003ba8   0x000000c8   Code   RO         2120    i.AppTask_2ms       task.o
    0x08003c70   0x00000028   Code   RO         2121    i.AppTask_50ms      task.o
    0x08003c98   0x00000060   Code   RO         2122    i.AppTask_5ms       task.o
    0x08003cf8   0x0000000e   Code   RO         2293    i.BSP_CPU_ClkFreq   bsp.o
    0x08003d06   0x00000002   PAD
    0x08003d08   0x00000068   Code   RO         2294    i.BSP_Tick_Init     bsp.o
    0x08003d70   0x00000004   Code   RO          263    i.BusFault_Handler  stm32f4xx_it.o
    0x08003d74   0x00000020   Code   RO         1159    i.CH_Mapping_Fun    rc.o
    0x08003d94   0x00000010   Code   RO         5892    i.CPU_Init          cpu_core.o
    0x08003da4   0x00000084   Code   RO         5893    i.CPU_IntDisMeasInit  cpu_core.o
    0x08003e28   0x0000001c   Code   RO         5894    i.CPU_IntDisMeasMaxCalc  cpu_core.o
    0x08003e44   0x0000002c   Code   RO         5895    i.CPU_IntDisMeasMaxCurGet  cpu_core.o
    0x08003e70   0x0000002c   Code   RO         5896    i.CPU_IntDisMeasMaxCurReset  cpu_core.o
    0x08003e9c   0x0000002c   Code   RO         5897    i.CPU_IntDisMeasMaxGet  cpu_core.o
    0x08003ec8   0x00000034   Code   RO         5898    i.CPU_IntDisMeasStart  cpu_core.o
    0x08003efc   0x00000054   Code   RO         5899    i.CPU_IntDisMeasStop  cpu_core.o
    0x08003f50   0x00000038   Code   RO         5900    i.CPU_NameClr       cpu_core.o
    0x08003f88   0x00000008   Code   RO         5902    i.CPU_NameInit      cpu_core.o
    0x08003f90   0x00000014   Code   RO         5907    i.CPU_TS_Init       cpu_core.o
    0x08003fa4   0x0000000c   Code   RO         5909    i.CPU_TS_TmrFreqSet  cpu_core.o
    0x08003fb0   0x00000034   Code   RO         2296    i.CPU_TS_TmrInit    bsp.o
    0x08003fe4   0x0000000c   Code   RO         2297    i.CPU_TS_TmrRd      bsp.o
    0x08003ff0   0x0000081c   Code   RO          493    i.CTRL_1            ctrl.o
    0x0800480c   0x000005ec   Code   RO          494    i.CTRL_2            ctrl.o
    0x08004df8   0x00000020   Code   RO          495    i.Ctrl_Para_Init    ctrl.o
    0x08004e18   0x00000016   Code   RO         3026    i.Cycle_Time_Init   time.o
    0x08004e2e   0x00000002   Code   RO          264    i.DebugMon_Handler  stm32f4xx_it.o
    0x08004e30   0x00000018   Code   RO         3027    i.Delay_ms          time.o
    0x08004e48   0x00000018   Code   RO         3028    i.Delay_us          time.o
    0x08004e60   0x00000014   Code   RO         1160    i.Feed_Rc_Dog       rc.o
    0x08004e74   0x00000008   Code   RO         2438    i.Flash_GetInfo     drv_w25qxx.o
    0x08004e7c   0x00000180   Code   RO         2439    i.Flash_Init        drv_w25qxx.o
    0x08004ffc   0x00000054   Code   RO         2440    i.Flash_PageRead    drv_w25qxx.o
    0x08005050   0x00000058   Code   RO         2441    i.Flash_PageWrite   drv_w25qxx.o
    0x080050a8   0x00000048   Code   RO         2442    i.Flash_ReadID      drv_w25qxx.o
    0x080050f0   0x00000048   Code   RO         2443    i.Flash_SectorErase  drv_w25qxx.o
    0x08005138   0x00000038   Code   RO         2444    i.Flash_SectorsRead  drv_w25qxx.o
    0x08005170   0x0000006c   Code   RO         2445    i.Flash_SectorsWrite  drv_w25qxx.o
    0x080051dc   0x00000038   Code   RO         2446    i.Flash_SendByte    drv_w25qxx.o
    0x08005214   0x00000038   Code   RO         2448    i.Flash_WaitForEnd  drv_w25qxx.o
    0x0800524c   0x00000024   Code   RO         2450    i.Flash_WriteEnable  drv_w25qxx.o
    0x08005270   0x00000214   Code   RO         1161    i.Fly_Ready         rc.o
    0x08005484   0x00000090   Code   RO         4175    i.GPIO_Init         stm32f4xx_gpio.o
    0x08005514   0x00000046   Code   RO         4176    i.GPIO_PinAFConfig  stm32f4xx_gpio.o
    0x0800555a   0x00000004   Code   RO         4183    i.GPIO_SetBits      stm32f4xx_gpio.o
    0x0800555e   0x0000000a   Code   RO         4187    i.GPIO_WriteBit     stm32f4xx_gpio.o
    0x08005568   0x00000034   Code   RO         3029    i.GetSysTime_us     time.o
    0x0800559c   0x00000068   Code   RO         3030    i.Get_Cycle_T       time.o
    0x08005604   0x00000840   Code   RO          782    i.Height_Ctrl       height_ctrl.o
    0x08005e44   0x00000034   Code   RO         2537    i.I2c_Soft_Ask      i2c_soft.o
    0x08005e78   0x00000034   Code   RO         2538    i.I2c_Soft_Init     i2c_soft.o
    0x08005eac   0x00000034   Code   RO         2539    i.I2c_Soft_NoAsk    i2c_soft.o
    0x08005ee0   0x00000060   Code   RO         2540    i.I2c_Soft_ReadByte  i2c_soft.o
    0x08005f40   0x00000054   Code   RO         2541    i.I2c_Soft_SendByte  i2c_soft.o
    0x08005f94   0x00000058   Code   RO         2542    i.I2c_Soft_Start    i2c_soft.o
    0x08005fec   0x00000034   Code   RO         2543    i.I2c_Soft_Stop     i2c_soft.o
    0x08006020   0x00000058   Code   RO         2544    i.I2c_Soft_WaitAsk  i2c_soft.o
    0x08006078   0x00000030   Code   RO         2545    i.I2c_Soft_delay    i2c_soft.o
    0x080060a8   0x00000050   Code   RO         2546    i.IIC_Read_1Byte    i2c_soft.o
    0x080060f8   0x0000006c   Code   RO         2547    i.IIC_Read_nByte    i2c_soft.o
    0x08006164   0x0000003e   Code   RO         2548    i.IIC_Write_1Byte   i2c_soft.o
    0x080061a2   0x00000002   PAD
    0x080061a4   0x00000054   Code   RO         2739    i.IICwriteBit       mpu6050.o
    0x080061f8   0x00000066   Code   RO         2740    i.IICwriteBits      mpu6050.o
    0x0800625e   0x00000002   PAD
    0x08006260   0x00000cd8   Code   RO          831    i.IMUupdate         imu.o
    0x08006f38   0x0000045c   Code   RO         2640    i.LED_Duty          led.o
    0x08007394   0x00000090   Code   RO         2641    i.LED_Init          led.o
    0x08007424   0x00000038   Code   RO         2642    i.LED_MPU_Err       led.o
    0x0800745c   0x0000006c   Code   RO         2643    i.LED_MS5611_Err    led.o
    0x080074c8   0x00000054   Code   RO         2644    i.LED_Mag_Err       led.o
    0x0800751c   0x00000248   Code   RO         2741    i.MPU6050_Data_Offset  mpu6050.o
    0x08007764   0x00000408   Code   RO         2742    i.MPU6050_Data_Prepare  mpu6050.o
    0x08007b6c   0x0000003c   Code   RO         2743    i.MPU6050_INT_Config  mpu6050.o
    0x08007ba8   0x000000c6   Code   RO         2744    i.MPU6050_Init      mpu6050.o
    0x08007c6e   0x00000002   PAD
    0x08007c70   0x00000020   Code   RO         2745    i.MPU6050_Read      mpu6050.o
    0x08007c90   0x00000014   Code   RO         2746    i.MPU6050_setClockSource  mpu6050.o
    0x08007ca4   0x00000014   Code   RO         2747    i.MPU6050_setDLPF   mpu6050.o
    0x08007cb8   0x00000024   Code   RO         2748    i.MPU6050_setFullScaleAccelRange  mpu6050.o
    0x08007cdc   0x00000024   Code   RO         2749    i.MPU6050_setFullScaleGyroRange  mpu6050.o
    0x08007d00   0x00000012   Code   RO         2750    i.MPU6050_setI2CBypassEnabled  mpu6050.o
    0x08007d12   0x00000012   Code   RO         2751    i.MPU6050_setI2CMasterModeEnabled  mpu6050.o
    0x08007d24   0x00000012   Code   RO         2752    i.MPU6050_setSleepEnabled  mpu6050.o
    0x08007d36   0x0000001c   Code   RO         2753    i.MPU6050_set_SMPLRT_DIV  mpu6050.o
    0x08007d52   0x00000002   PAD
    0x08007d54   0x000002e0   Code   RO         2861    i.MS5611_BaroAltCalculate  ms5611.o
    0x08008034   0x0000002c   Code   RO         2862    i.MS5611_Init       ms5611.o
    0x08008060   0x00000014   Code   RO         2863    i.MS5611_Read_Adc_P  ms5611.o
    0x08008074   0x00000014   Code   RO         2864    i.MS5611_Read_Adc_T  ms5611.o
    0x08008088   0x0000004c   Code   RO         2865    i.MS5611_Read_Prom  ms5611.o
    0x080080d4   0x0000000e   Code   RO         2866    i.MS5611_Reset      ms5611.o
    0x080080e2   0x0000000e   Code   RO         2867    i.MS5611_Start_P    ms5611.o
    0x080080f0   0x0000000e   Code   RO         2868    i.MS5611_Start_T    ms5611.o
    0x080080fe   0x00000002   PAD
    0x08008100   0x00000034   Code   RO         2869    i.MS5611_Update     ms5611.o
    0x08008134   0x00000004   Code   RO          265    i.MemManage_Handler  stm32f4xx_it.o
    0x08008138   0x00000012   Code   RO         6254    i.Mem_Clr           lib_mem.o
    0x0800814a   0x00000054   Code   RO         6281    i.Mem_Set           lib_mem.o
    0x0800819e   0x00000002   PAD
    0x080081a0   0x00000070   Code   RO          702    i.Moving_Average    filter.o
    0x08008210   0x0000013a   Code   RO          703    i.Moving_Median     filter.o
    0x0800834a   0x00000002   Code   RO          266    i.NMI_Handler       stm32f4xx_it.o
    0x0800834c   0x0000000c   Code   RO         2298    i.NVIC_Configuration  bsp.o
    0x08008358   0x00000078   Code   RO         3436    i.NVIC_Init         misc.o
    0x080083d0   0x00000014   Code   RO         3437    i.NVIC_PriorityGroupConfig  misc.o
    0x080083e4   0x00000002   Code   RO         6586    i.OSCfg_Init        os_cfg_app.o
    0x080083e6   0x00000002   PAD
    0x080083e8   0x00000014   Code   RO         7634    i.OSIdleTaskHook    os_cpu_c.o
    0x080083fc   0x0000014c   Code   RO         6620    i.OSInit            os_core.o
    0x08008548   0x00000028   Code   RO         7635    i.OSInitHook        os_cpu_c.o
    0x08008570   0x000000dc   Code   RO         6622    i.OSIntExit         os_core.o
    0x0800864c   0x0000006c   Code   RO         6993    i.OSMutexCreate     os_mutex.o
    0x080086b8   0x000001ec   Code   RO         6994    i.OSMutexPend       os_mutex.o
    0x080088a4   0x0000017c   Code   RO         6995    i.OSMutexPost       os_mutex.o
    0x08008a20   0x000000a4   Code   RO         6623    i.OSSched           os_core.o
    0x08008ac4   0x00000064   Code   RO         6624    i.OSSchedLock       os_core.o
    0x08008b28   0x00000088   Code   RO         6625    i.OSSchedUnlock     os_core.o
    0x08008bb0   0x00000068   Code   RO         6626    i.OSStart           os_core.o
    0x08008c18   0x00000148   Code   RO         7264    i.OSStatReset       os_stat.o
    0x08008d60   0x00000100   Code   RO         7265    i.OSStatTaskCPUUsageInit  os_stat.o
    0x08008e60   0x00000014   Code   RO         7636    i.OSStatTaskHook    os_cpu_c.o
    0x08008e74   0x00000144   Code   RO         7295    i.OSTaskCreate      os_task.o
    0x08008fb8   0x00000018   Code   RO         7637    i.OSTaskCreateHook  os_cpu_c.o
    0x08008fd0   0x00000036   Code   RO         7302    i.OSTaskResume      os_task.o
    0x08009006   0x00000002   PAD
    0x08009008   0x00000018   Code   RO         7639    i.OSTaskReturnHook  os_cpu_c.o
    0x08009020   0x000001c8   Code   RO         7303    i.OSTaskSemPend     os_task.o
    0x080091e8   0x00000024   Code   RO         7305    i.OSTaskSemPost     os_task.o
    0x0800920c   0x000000bc   Code   RO         7307    i.OSTaskStkChk      os_task.o
    0x080092c8   0x000000c4   Code   RO         7640    i.OSTaskStkInit     os_cpu_c.o
    0x0800938c   0x00000024   Code   RO         7308    i.OSTaskSuspend     os_task.o
    0x080093b0   0x0000007c   Code   RO         7641    i.OSTaskSwHook      os_cpu_c.o
    0x0800942c   0x000000b0   Code   RO         7496    i.OSTimeDly         os_time.o
    0x080094dc   0x00000044   Code   RO         7500    i.OSTimeTick        os_time.o
    0x08009520   0x00000014   Code   RO         7642    i.OSTimeTickHook    os_cpu_c.o
    0x08009534   0x00000050   Code   RO         7643    i.OS_CPU_SysTickHandler  os_cpu_c.o
    0x08009584   0x000001a8   Code   RO         6828    i.OS_Dbg_Init       os_dbg.o
    0x0800972c   0x00000018   Code   RO         6851    i.OS_FlagInit       os_flag.o
    0x08009744   0x0000004c   Code   RO         6628    i.OS_IdleTask       os_core.o
    0x08009790   0x00000070   Code   RO         6629    i.OS_IdleTaskInit   os_core.o
    0x08009800   0x00000018   Code   RO         6925    i.OS_MemInit        os_mem.o
    0x08009818   0x0000005c   Code   RO         6957    i.OS_MsgPoolInit    os_msg.o
    0x08009874   0x0000000e   Code   RO         6960    i.OS_MsgQInit       os_msg.o
    0x08009882   0x00000002   PAD
    0x08009884   0x00000030   Code   RO         6997    i.OS_MutexDbgListAdd  os_mutex.o
    0x080098b4   0x00000008   Code   RO         6999    i.OS_MutexGrpAdd    os_mutex.o
    0x080098bc   0x0000002c   Code   RO         7001    i.OS_MutexGrpPrioFindHighest  os_mutex.o
    0x080098e8   0x0000001c   Code   RO         7002    i.OS_MutexGrpRemove  os_mutex.o
    0x08009904   0x00000018   Code   RO         7003    i.OS_MutexInit      os_mutex.o
    0x0800991c   0x00000068   Code   RO         6630    i.OS_Pend           os_core.o
    0x08009984   0x00000028   Code   RO         6633    i.OS_PendDataInit   os_core.o
    0x080099ac   0x0000005c   Code   RO         6634    i.OS_PendDbgNameAdd  os_core.o
    0x08009a08   0x00000024   Code   RO         6635    i.OS_PendDbgNameRemove  os_core.o
    0x08009a2c   0x0000003a   Code   RO         6636    i.OS_PendListChangePrio  os_core.o
    0x08009a66   0x0000000a   Code   RO         6637    i.OS_PendListInit   os_core.o
    0x08009a70   0x00000066   Code   RO         6639    i.OS_PendListInsertPrio  os_core.o
    0x08009ad6   0x00000034   Code   RO         6640    i.OS_PendListRemove  os_core.o
    0x08009b0a   0x00000042   Code   RO         6641    i.OS_PendListRemove1  os_core.o
    0x08009b4c   0x000000d6   Code   RO         6644    i.OS_Post           os_core.o
    0x08009c22   0x0000002c   Code   RO         6645    i.OS_Post1          os_core.o
    0x08009c4e   0x00000002   PAD
    0x08009c50   0x00000028   Code   RO         7095    i.OS_PrioGetHighest  os_prio.o
    0x08009c78   0x00000018   Code   RO         7096    i.OS_PrioInit       os_prio.o
    0x08009c90   0x00000024   Code   RO         7097    i.OS_PrioInsert     os_prio.o
    0x08009cb4   0x00000024   Code   RO         7098    i.OS_PrioRemove     os_prio.o
    0x08009cd8   0x00000018   Code   RO         7139    i.OS_QInit          os_q.o
    0x08009cf0   0x00000024   Code   RO         6646    i.OS_RdyListInit    os_core.o
    0x08009d14   0x0000002c   Code   RO         6647    i.OS_RdyListInsert  os_core.o
    0x08009d40   0x00000040   Code   RO         6648    i.OS_RdyListInsertHead  os_core.o
    0x08009d80   0x0000003c   Code   RO         6649    i.OS_RdyListInsertTail  os_core.o
    0x08009dbc   0x0000005c   Code   RO         6651    i.OS_RdyListRemove  os_core.o
    0x08009e18   0x00000018   Code   RO         7201    i.OS_SemInit        os_sem.o
    0x08009e30   0x00000324   Code   RO         7266    i.OS_StatTask       os_stat.o
    0x0800a154   0x000000cc   Code   RO         7267    i.OS_StatTaskInit   os_stat.o
    0x0800a220   0x0000002c   Code   RO         6652    i.OS_TaskBlock      os_core.o
    0x0800a24c   0x000000ec   Code   RO         7309    i.OS_TaskChangePrio  os_task.o
    0x0800a338   0x00000030   Code   RO         7310    i.OS_TaskDbgListAdd  os_task.o
    0x0800a368   0x00000020   Code   RO         7312    i.OS_TaskInit       os_task.o
    0x0800a388   0x000000c4   Code   RO         7313    i.OS_TaskInitTCB    os_task.o
    0x0800a44c   0x0000011c   Code   RO         7315    i.OS_TaskResume     os_task.o
    0x0800a568   0x00000024   Code   RO         7316    i.OS_TaskReturn     os_task.o
    0x0800a58c   0x000001f0   Code   RO         7317    i.OS_TaskSemPost    os_task.o
    0x0800a77c   0x00000138   Code   RO         7318    i.OS_TaskSuspend    os_task.o
    0x0800a8b4   0x00000086   Code   RO         7450    i.OS_TickListInsert  os_tick.o
    0x0800a93a   0x00000002   PAD
    0x0800a93c   0x000000bc   Code   RO         7451    i.OS_TickListInsertDly  os_tick.o
    0x0800a9f8   0x00000058   Code   RO         7452    i.OS_TickListRemove  os_tick.o
    0x0800aa50   0x000000a0   Code   RO         7453    i.OS_TickListUpdateDly  os_tick.o
    0x0800aaf0   0x0000011c   Code   RO         7454    i.OS_TickListUpdateTimeout  os_tick.o
    0x0800ac0c   0x0000006c   Code   RO         7455    i.OS_TickTask       os_tick.o
    0x0800ac78   0x000000c8   Code   RO         7456    i.OS_TickTaskInit   os_tick.o
    0x0800ad40   0x00000134   Code   RO         7541    i.OS_TmrInit        os_tmr.o
    0x0800ae74   0x00000018   Code   RO         7542    i.OS_TmrLock        os_tmr.o
    0x0800ae8c   0x00000094   Code   RO         7543    i.OS_TmrTask        os_tmr.o
    0x0800af20   0x00000044   Code   RO         7544    i.OS_TmrUnlink      os_tmr.o
    0x0800af64   0x00000014   Code   RO         7545    i.OS_TmrUnlock      os_tmr.o
    0x0800af78   0x00000668   Code   RO         3267    i.OTG_FS_IRQHandler  usbd_stm32f4xx_fs.o
    0x0800b5e0   0x0000000c   Code   RO         1012    i.PID_Para_Init     parameter.o
    0x0800b5ec   0x000001c4   Code   RO         1132    i.PID_calculate     pid.o
    0x0800b7b0   0x000002d0   Code   RO         2944    i.PWM_IN_Init       pwm_in.o
    0x0800ba80   0x000002e4   Code   RO         2988    i.PWM_Out_Init      pwm_out.o
    0x0800bd64   0x00000024   Code   RO         1013    i.Para_Init         parameter.o
    0x0800bd88   0x00000138   Code   RO         1014    i.Para_ReadSettingFromFile  parameter.o
    0x0800bec0   0x000000e8   Code   RO         1015    i.Para_ResetToFactorySetup  parameter.o
    0x0800bfa8   0x00000134   Code   RO         1016    i.Para_WriteSettingToFile  parameter.o
    0x0800c0dc   0x0000002c   Code   RO         1017    i.Param_SaveAccelOffset  parameter.o
    0x0800c108   0x00000030   Code   RO         1018    i.Param_SaveGyroOffset  parameter.o
    0x0800c138   0x00000028   Code   RO         1019    i.Param_SaveMagOffset  parameter.o
    0x0800c160   0x00000088   Code   RO         1020    i.Param_SavePID     parameter.o
    0x0800c1e8   0x000000c8   Code   RO         1022    i.Param_SetSettingToFC  parameter.o
    0x0800c2b0   0x00000034   Code   RO         1023    i.Parameter_Save    parameter.o
    0x0800c2e4   0x00000020   Code   RO         4582    i.RCC_AHB1PeriphClockCmd  stm32f4xx_rcc.o
    0x0800c304   0x00000020   Code   RO         4591    i.RCC_APB1PeriphClockCmd  stm32f4xx_rcc.o
    0x0800c324   0x00000020   Code   RO         4593    i.RCC_APB1PeriphResetCmd  stm32f4xx_rcc.o
    0x0800c344   0x00000020   Code   RO         4594    i.RCC_APB2PeriphClockCmd  stm32f4xx_rcc.o
    0x0800c364   0x00000020   Code   RO         4596    i.RCC_APB2PeriphResetCmd  stm32f4xx_rcc.o
    0x0800c384   0x000000e8   Code   RO         4603    i.RCC_GetClocksFreq  stm32f4xx_rcc.o
    0x0800c46c   0x0000046a   Code   RO         1162    i.RC_Duty           rc.o
    0x0800c8d6   0x00000018   Code   RO         5684    i.SPI_Cmd           stm32f4xx_spi.o
    0x0800c8ee   0x00000002   PAD
    0x0800c8f0   0x00000058   Code   RO         5691    i.SPI_I2S_DeInit    stm32f4xx_spi.o
    0x0800c948   0x00000012   Code   RO         5692    i.SPI_I2S_GetFlagStatus  stm32f4xx_spi.o
    0x0800c95a   0x00000006   Code   RO         5695    i.SPI_I2S_ReceiveData  stm32f4xx_spi.o
    0x0800c960   0x00000004   Code   RO         5696    i.SPI_I2S_SendData  stm32f4xx_spi.o
    0x0800c964   0x0000003c   Code   RO         5697    i.SPI_Init          stm32f4xx_spi.o
    0x0800c9a0   0x00000002   Code   RO          267    i.SVC_Handler       stm32f4xx_it.o
    0x0800c9a2   0x00000002   PAD
    0x0800c9a4   0x00000084   Code   RO         2989    i.SetPwm            pwm_out.o
    0x0800ca28   0x0000003a   Code   RO         4920    i.TI1_Config        stm32f4xx_tim.o
    0x0800ca62   0x00000050   Code   RO         4921    i.TI2_Config        stm32f4xx_tim.o
    0x0800cab2   0x00000048   Code   RO         4922    i.TI3_Config        stm32f4xx_tim.o
    0x0800cafa   0x00000050   Code   RO         4923    i.TI4_Config        stm32f4xx_tim.o
    0x0800cb4a   0x00000008   Code   RO          268    i.TIM3_IRQHandler   stm32f4xx_it.o
    0x0800cb52   0x00000008   Code   RO          269    i.TIM4_IRQHandler   stm32f4xx_it.o
    0x0800cb5a   0x00000018   Code   RO         4924    i.TIM_ARRPreloadConfig  stm32f4xx_tim.o
    0x0800cb72   0x00000018   Code   RO         4936    i.TIM_Cmd           stm32f4xx_tim.o
    0x0800cb8a   0x0000001e   Code   RO         4938    i.TIM_CtrlPWMOutputs  stm32f4xx_tim.o
    0x0800cba8   0x00000006   Code   RO         4951    i.TIM_GetCapture1   stm32f4xx_tim.o
    0x0800cbae   0x00000006   Code   RO         4952    i.TIM_GetCapture2   stm32f4xx_tim.o
    0x0800cbb4   0x00000006   Code   RO         4953    i.TIM_GetCapture3   stm32f4xx_tim.o
    0x0800cbba   0x00000006   Code   RO         4954    i.TIM_GetCapture4   stm32f4xx_tim.o
    0x0800cbc0   0x0000006e   Code   RO         4959    i.TIM_ICInit        stm32f4xx_tim.o
    0x0800cc2e   0x00000012   Code   RO         4961    i.TIM_ITConfig      stm32f4xx_tim.o
    0x0800cc40   0x0000007c   Code   RO         4965    i.TIM_OC1Init       stm32f4xx_tim.o
    0x0800ccbc   0x000000a4   Code   RO         4970    i.TIM_OC2Init       stm32f4xx_tim.o
    0x0800cd60   0x000000a0   Code   RO         4975    i.TIM_OC3Init       stm32f4xx_tim.o
    0x0800ce00   0x00000012   Code   RO         4978    i.TIM_OC3PreloadConfig  stm32f4xx_tim.o
    0x0800ce12   0x00000002   PAD
    0x0800ce14   0x00000078   Code   RO         4980    i.TIM_OC4Init       stm32f4xx_tim.o
    0x0800ce8c   0x0000001a   Code   RO         4982    i.TIM_OC4PreloadConfig  stm32f4xx_tim.o
    0x0800cea6   0x00000014   Code   RO         4983    i.TIM_OCStructInit  stm32f4xx_tim.o
    0x0800ceba   0x00000012   Code   RO         5003    i.TIM_SetIC1Prescaler  stm32f4xx_tim.o
    0x0800cecc   0x0000001a   Code   RO         5004    i.TIM_SetIC2Prescaler  stm32f4xx_tim.o
    0x0800cee6   0x00000012   Code   RO         5005    i.TIM_SetIC3Prescaler  stm32f4xx_tim.o
    0x0800cef8   0x0000001a   Code   RO         5006    i.TIM_SetIC4Prescaler  stm32f4xx_tim.o
    0x0800cf12   0x00000002   PAD
    0x0800cf14   0x00000084   Code   RO         5008    i.TIM_TimeBaseInit  stm32f4xx_tim.o
    0x0800cf98   0x00000012   Code   RO         5009    i.TIM_TimeBaseStructInit  stm32f4xx_tim.o
    0x0800cfaa   0x00000002   PAD
    0x0800cfac   0x00000188   Code   RO          496    i.Thr_Ctrl          ctrl.o
    0x0800d134   0x0000003c   Code   RO          907    i.To_180_degrees    mymath.o
    0x0800d170   0x0000000e   Code   RO         2754    i.Transform         mpu6050.o
    0x0800d17e   0x00000008   Code   RO          270    i.UART4_IRQHandler  stm32f4xx_it.o
    0x0800d186   0x00000008   Code   RO          271    i.UART5_IRQHandler  stm32f4xx_it.o
    0x0800d18e   0x00000002   PAD
    0x0800d190   0x00000088   Code   RO         3154    i.USART1_IRQHandler  usart.o
    0x0800d218   0x00000008   Code   RO          272    i.USART2_IRQHandler  stm32f4xx_it.o
    0x0800d220   0x0000001e   Code   RO         5487    i.USART_ClearITPendingBit  stm32f4xx_usart.o
    0x0800d23e   0x00000020   Code   RO         5488    i.USART_ClockInit   stm32f4xx_usart.o
    0x0800d25e   0x00000018   Code   RO         5490    i.USART_Cmd         stm32f4xx_usart.o
    0x0800d276   0x00000054   Code   RO         5494    i.USART_GetITStatus  stm32f4xx_usart.o
    0x0800d2ca   0x0000004a   Code   RO         5496    i.USART_ITConfig    stm32f4xx_usart.o
    0x0800d314   0x000000d4   Code   RO         5497    i.USART_Init        stm32f4xx_usart.o
    0x0800d3e8   0x0000000a   Code   RO         5504    i.USART_ReceiveData  stm32f4xx_usart.o
    0x0800d3f2   0x00000002   PAD
    0x0800d3f4   0x000000b4   Code   RO         3269    i.USBD_ClrStallEP   usbd_stm32f4xx_fs.o
    0x0800d4a8   0x000000c8   Code   RO         3270    i.USBD_ConfigEP     usbd_stm32f4xx_fs.o
    0x0800d570   0x00000014   Code   RO         3271    i.USBD_Configure    usbd_stm32f4xx_fs.o
    0x0800d584   0x00000004   Code   RO         1214    i.USBD_Configure_Event  usb_config.o
    0x0800d588   0x00000044   Code   RO         3272    i.USBD_Connect      usbd_stm32f4xx_fs.o
    0x0800d5cc   0x00000050   Code   RO         1841    i.USBD_DataInStage  usbd_core.o
    0x0800d61c   0x00000028   Code   RO         1842    i.USBD_DataOutStage  usbd_core.o
    0x0800d644   0x00000002   Code   RO         3273    i.USBD_DirCtrlEP    usbd_stm32f4xx_fs.o
    0x0800d646   0x00000002   PAD
    0x0800d648   0x000001a0   Code   RO         3274    i.USBD_DisableEP    usbd_stm32f4xx_fs.o
    0x0800d7e8   0x000000d4   Code   RO         3275    i.USBD_EnableEP     usbd_stm32f4xx_fs.o
    0x0800d8bc   0x00000284   Code   RO         1843    i.USBD_EndPoint0    usbd_core.o
    0x0800db40   0x00000004   Code   RO         1217    i.USBD_EndPoint0_Out_CDC_ReqToIF  usb_config.o
    0x0800db44   0x00000034   Code   RO         1978    i.USBD_EndPoint0_Out_HID_ReqToIF  usbd_core_hid.o
    0x0800db78   0x00000004   Code   RO         1224    i.USBD_EndPoint0_Setup_CDC_ReqToIF  usb_config.o
    0x0800db7c   0x000000e4   Code   RO         1979    i.USBD_EndPoint0_Setup_HID_ReqToIF  usbd_core_hid.o
    0x0800dc60   0x00000004   Code   RO         1228    i.USBD_EndPoint0_Setup_MSC_ReqToIF  usb_config.o
    0x0800dc64   0x0000003c   Code   RO         3276    i.USBD_FlushInEpFifo  usbd_stm32f4xx_fs.o
    0x0800dca0   0x00000010   Code   RO         3277    i.USBD_GetFrame     usbd_stm32f4xx_fs.o
    0x0800dcb0   0x0000005c   Code   RO         2002    i.USBD_HID_Configure_Event  usbd_hid.o
    0x0800dd0c   0x000001d0   Code   RO         2003    i.USBD_HID_EP_INTIN_Event  usbd_hid.o
    0x0800dedc   0x000000b0   Code   RO         2004    i.USBD_HID_EP_INTOUT_Event  usbd_hid.o
    0x0800df8c   0x0000001e   Code   RO         2005    i.USBD_HID_EP_INT_Event  usbd_hid.o
    0x0800dfaa   0x00000002   PAD
    0x0800dfac   0x0000001c   Code   RO         2006    i.USBD_HID_GetIdle  usbd_hid.o
    0x0800dfc8   0x00000014   Code   RO         2007    i.USBD_HID_GetProtocol  usbd_hid.o
    0x0800dfdc   0x00000044   Code   RO         2008    i.USBD_HID_GetReport  usbd_hid.o
    0x0800e020   0x00000178   Code   RO         2009    i.USBD_HID_SOF_Event  usbd_hid.o
    0x0800e198   0x0000003c   Code   RO         2010    i.USBD_HID_SetIdle  usbd_hid.o
    0x0800e1d4   0x00000014   Code   RO         2011    i.USBD_HID_SetProtocol  usbd_hid.o
    0x0800e1e8   0x00000048   Code   RO         2012    i.USBD_HID_SetReport  usbd_hid.o
    0x0800e230   0x000001e4   Code   RO         3278    i.USBD_Init         usbd_stm32f4xx_fs.o
    0x0800e414   0x0000001a   Code   RO         3279    i.USBD_IntrEna      usbd_stm32f4xx_fs.o
    0x0800e42e   0x00000002   Code   RO         1229    i.USBD_RTX_TaskInit  usb_config.o
    0x0800e430   0x000000e0   Code   RO         3280    i.USBD_ReadEP       usbd_stm32f4xx_fs.o
    0x0800e510   0x00000002   Code   RO         1230    i.USBD_ReqClrFeature_MSC  usb_config.o
    0x0800e512   0x00000002   PAD
    0x0800e514   0x00000028   Code   RO         1844    i.USBD_ReqGetConfiguration  usbd_core.o
    0x0800e53c   0x000001cc   Code   RO         1845    i.USBD_ReqGetDescriptor  usbd_core.o
    0x0800e708   0x000000ac   Code   RO         1980    i.USBD_ReqGetDescriptor_HID  usbd_core_hid.o
    0x0800e7b4   0x00000050   Code   RO         1846    i.USBD_ReqGetInterface  usbd_core.o
    0x0800e804   0x000000c0   Code   RO         1847    i.USBD_ReqGetStatus  usbd_core.o
    0x0800e8c4   0x000000f0   Code   RO         1848    i.USBD_ReqSetClrFeature  usbd_core.o
    0x0800e9b4   0x000001e4   Code   RO         1849    i.USBD_ReqSetConfiguration  usbd_core.o
    0x0800eb98   0x00000158   Code   RO         1850    i.USBD_ReqSetInterface  usbd_core.o
    0x0800ecf0   0x000000dc   Code   RO         3281    i.USBD_Reset        usbd_stm32f4xx_fs.o
    0x0800edcc   0x000000c0   Code   RO         3282    i.USBD_ResetEP      usbd_stm32f4xx_fs.o
    0x0800ee8c   0x00000002   Code   RO         3283    i.USBD_Resume       usbd_stm32f4xx_fs.o
    0x0800ee8e   0x00000004   Code   RO         1231    i.USBD_SOF_Event    usb_config.o
    0x0800ee92   0x00000002   PAD
    0x0800ee94   0x00000018   Code   RO         3284    i.USBD_SetAddress   usbd_stm32f4xx_fs.o
    0x0800eeac   0x000000f8   Code   RO         3285    i.USBD_SetStallEP   usbd_stm32f4xx_fs.o
    0x0800efa4   0x00000010   Code   RO         1851    i.USBD_SetupStage   usbd_core.o
    0x0800efb4   0x0000000e   Code   RO         1852    i.USBD_StatusInStage  usbd_core.o
    0x0800efc2   0x00000002   PAD
    0x0800efc4   0x00000010   Code   RO         1853    i.USBD_StatusOutStage  usbd_core.o
    0x0800efd4   0x00000002   Code   RO         3286    i.USBD_Suspend      usbd_stm32f4xx_fs.o
    0x0800efd6   0x00000002   Code   RO         3288    i.USBD_WakeUpCfg    usbd_stm32f4xx_fs.o
    0x0800efd8   0x00000178   Code   RO         3289    i.USBD_WriteEP      usbd_stm32f4xx_fs.o
    0x0800f150   0x00000078   Code   RO         3155    i.Uart4_IRQ         usart.o
    0x0800f1c8   0x000000cc   Code   RO         3156    i.Uart4_Init        usart.o
    0x0800f294   0x00000070   Code   RO         3157    i.Uart5_IRQ         usart.o
    0x0800f304   0x000000dc   Code   RO         3158    i.Uart5_Init        usart.o
    0x0800f3e0   0x00000048   Code   RO         3159    i.Uart5_Send        usart.o
    0x0800f428   0x00000064   Code   RO         3111    i.Ultra_Duty        ultrasonic.o
    0x0800f48c   0x00000094   Code   RO         3112    i.Ultra_Get         ultrasonic.o
    0x0800f520   0x0000000c   Code   RO         3113    i.Ultrasonic_Init   ultrasonic.o
    0x0800f52c   0x00000004   Code   RO          273    i.UsageFault_Handler  stm32f4xx_it.o
    0x0800f530   0x00000088   Code   RO         3160    i.Usart2_IRQ        usart.o
    0x0800f5b8   0x000000f0   Code   RO         3161    i.Usart2_Init       usart.o
    0x0800f6a8   0x0000004c   Code   RO         3162    i.Usart2_Send       usart.o
    0x0800f6f4   0x0000002c   Code   RO         1417    i.Usb_Hid_Adddata   usbd_user_hid.o
    0x0800f720   0x0000000e   Code   RO         1418    i.Usb_Hid_Init      usbd_user_hid.o
    0x0800f72e   0x00000002   PAD
    0x0800f730   0x000001b0   Code   RO         1419    i.Usb_Hid_Send      usbd_user_hid.o
    0x0800f8e0   0x000001f4   Code   RO         2945    i._TIM3_IRQHandler  pwm_in.o
    0x0800fad4   0x000001f0   Code   RO         2946    i._TIM4_IRQHandler  pwm_in.o
    0x0800fcc4   0x00000028   Code   RO         7882    i.__ARM_fpclassify  m_ws.l(fpclassify.o)
    0x0800fcec   0x000000aa   Code   RO         7884    i.__kernel_poly     m_ws.l(poly.o)
    0x0800fd96   0x00000006   Code   RO         7869    i.__mathlib_dbl_infnan  m_ws.l(dunder.o)
    0x0800fd9c   0x0000000c   Code   RO         7871    i.__mathlib_dbl_invalid  m_ws.l(dunder.o)
    0x0800fda8   0x00000010   Code   RO         7874    i.__mathlib_dbl_underflow  m_ws.l(dunder.o)
    0x0800fdb8   0x00000006   Code   RO         3163    i._sys_exit         usart.o
    0x0800fdbe   0x00000002   PAD
    0x0800fdc0   0x00000120   Code   RO          388    i.acc_fusion        anotc_baro_ctrl.o
    0x0800fee0   0x00000042   Code   RO         2645    i.aircraft_mode_led  led.o
    0x0800ff22   0x00000002   PAD
    0x0800ff24   0x000001c4   Code   RO          704    i.anotc_filter_1    filter.o
    0x080100e8   0x00000270   Code   RO         7824    i.asin              m_ws.l(asin.o)
    0x08010358   0x00000148   Code   RO          389    i.baro_compensate   anotc_baro_ctrl.o
    0x080104a0   0x000002ac   Code   RO          390    i.baro_ctrl         anotc_baro_ctrl.o
    0x0801074c   0x00000008   Code   RO         2299    i.bsp_Init          bsp.o
    0x08010754   0x00000090   Code   RO         1504    i.check_fs          ff.o
    0x080107e4   0x00000014   Code   RO         1505    i.chk_chr           ff.o
    0x080107f8   0x00000038   Code   RO         1506    i.clmt_clust        ff.o
    0x08010830   0x0000001a   Code   RO         1507    i.clust2sect        ff.o
    0x0801084a   0x000000d6   Code   RO         1508    i.create_chain      ff.o
    0x08010920   0x00000160   Code   RO         1509    i.create_name       ff.o
    0x08010a80   0x0000005c   Code   RO         1510    i.dir_alloc         ff.o
    0x08010adc   0x0000005c   Code   RO         1511    i.dir_find          ff.o
    0x08010b38   0x0000013a   Code   RO         1512    i.dir_next          ff.o
    0x08010c72   0x0000003a   Code   RO         1514    i.dir_register      ff.o
    0x08010cac   0x000000c8   Code   RO         1516    i.dir_sdi           ff.o
    0x08010d74   0x00000028   Code   RO         1784    i.disk_initialize   diskio.o
    0x08010d9c   0x00000040   Code   RO         1785    i.disk_ioctl        diskio.o
    0x08010ddc   0x0000003c   Code   RO         1786    i.disk_read         diskio.o
    0x08010e18   0x0000001c   Code   RO         1787    i.disk_status       diskio.o
    0x08010e34   0x0000003c   Code   RO         1788    i.disk_write        diskio.o
    0x08010e70   0x00000084   Code   RO         2646    i.double_flash      led.o
    0x08010ef4   0x00000020   Code   RO         1518    i.f_close           ff.o
    0x08010f14   0x00000684   Code   RO         1523    i.f_mkfs            ff.o
    0x08011598   0x0000005c   Code   RO         1524    i.f_mount           ff.o
    0x080115f4   0x00000164   Code   RO         1525    i.f_open            ff.o
    0x08011758   0x0000006e   Code   RO         1526    i.f_opendir         ff.o
    0x080117c6   0x000001e2   Code   RO         1527    i.f_read            ff.o
    0x080119a8   0x000000b0   Code   RO         1531    i.f_sync            ff.o
    0x08011a58   0x0000021c   Code   RO         1535    i.f_write           ff.o
    0x08011c74   0x0000016c   Code   RO          909    i.fast_atan2        mymath.o
    0x08011de0   0x000003d8   Code   RO         1536    i.find_volume       ff.o
    0x080121b8   0x00000090   Code   RO         1537    i.follow_path       ff.o
    0x08012248   0x0000001c   Code   RO         3164    i.fputc             usart.o
    0x08012264   0x0000008c   Code   RO          391    i.fusion_prepare    anotc_baro_ctrl.o
    0x080122f0   0x0000013e   Code   RO         1538    i.get_fat           ff.o
    0x0801242e   0x00000004   Code   RO         1789    i.get_fattime       diskio.o
    0x08012432   0x0000004a   Code   RO         1540    i.get_ldnumber      ff.o
    0x0801247c   0x00000018   Code   RO         1473    i.get_len_string_interface  version.o
    0x08012494   0x00000008   Code   RO         1474    i.get_uid_string_interface  version.o
    0x0801249c   0x000000cc   Code   RO          784    i.h_pid_init        height_ctrl.o
    0x08012568   0x00000020   Code   RO         1541    i.ld_clust          ff.o
    0x08012588   0x00000130   Code   RO         2647    i.led_breath        led.o
    0x080126b8   0x00000020   Code   RO         2648    i.led_cnt_res_check  led.o
    0x080126d8   0x00000030   Code   RO         2649    i.led_cnt_restar    led.o
    0x08012708   0x000000d8   Code   RO         2650    i.led_flash         led.o
    0x080127e0   0x00000064   Code   RO            5    i.main              main.o
    0x08012844   0x00000026   Code   RO         1542    i.mem_cmp           ff.o
    0x0801286a   0x0000001a   Code   RO         1543    i.mem_cpy           ff.o
    0x08012884   0x00000014   Code   RO         1544    i.mem_set           ff.o
    0x08012898   0x00000060   Code   RO          751    i.mode_check        fly_mode.o
    0x080128f8   0x00000034   Code   RO         1545    i.move_window       ff.o
    0x0801292c   0x00000018   Code   RO          912    i.my_abs            mymath.o
    0x08012944   0x00000048   Code   RO          917    i.my_deathzoom      mymath.o
    0x0801298c   0x0000003e   Code   RO          918    i.my_deathzoom_2    mymath.o
    0x080129ca   0x00000002   PAD
    0x080129cc   0x00000078   Code   RO          920    i.my_sqrt           mymath.o
    0x08012a44   0x00000188   Code   RO         1546    i.put_fat           ff.o
    0x08012bcc   0x0000006c   Code   RO         1547    i.remove_chain      ff.o
    0x08012c38   0x00000108   Code   RO          705    i.simple_3d_trans   filter.o
    0x08012d40   0x0000004c   Code   RO         7887    i.sqrt              m_ws.l(sqrt.o)
    0x08012d8c   0x00000010   Code   RO         1548    i.st_clust          ff.o
    0x08012d9c   0x000000c8   Code   RO         1549    i.sync_fs           ff.o
    0x08012e64   0x00000052   Code   RO         1550    i.sync_window       ff.o
    0x08012eb6   0x00000002   PAD
    0x08012eb8   0x000000ac   Code   RO         3165    i.uart_init         usart.o
    0x08012f64   0x00000004   Code   RO         1232    i.usbd_class_init   usb_config.o
    0x08012f68   0x0000000c   Code   RO         1855    i.usbd_connect      usbd_core.o
    0x08012f74   0x00000004   Code   RO         2013    i.usbd_hid_get_protocol  usbd_hid.o
    0x08012f78   0x00000036   Code   RO         1420    i.usbd_hid_get_report  usbd_user_hid.o
    0x08012fae   0x00000002   PAD
    0x08012fb0   0x000000b8   Code   RO         2015    i.usbd_hid_get_report_trigger  usbd_hid.o
    0x08013068   0x00000002   Code   RO         2016    i.usbd_hid_init     usbd_hid.o
    0x0801306a   0x00000002   Code   RO         2017    i.usbd_hid_set_protocol  usbd_hid.o
    0x0801306c   0x00000036   Code   RO         1421    i.usbd_hid_set_report  usbd_user_hid.o
    0x080130a2   0x00000002   PAD
    0x080130a4   0x0000001c   Code   RO         1856    i.usbd_init         usbd_core.o
    0x080130c0   0x00000044   Code   RO         1857    i.usbd_reset_core   usbd_core.o
    0x08013104   0x00000030   Code   RO         3290    i.usbd_stm32_delay  usbd_stm32f4xx_fs.o
    0x08013134   0x00000036   Code   RO         1551    i.validate          ff.o
    0x0801316a   0x00000002   PAD
    0x0801316c   0x0000002c   Code   RO         7957    locale$$code        c_w.l(lc_numeric_c.o)
    0x08013198   0x00000062   Code   RO         7767    x$fpl$d2f           fz_ws.l(d2f.o)
    0x080131fa   0x00000002   PAD
    0x080131fc   0x00000150   Code   RO         7769    x$fpl$dadd          fz_ws.l(daddsub_clz.o)
    0x0801334c   0x00000010   Code   RO         7959    x$fpl$dcheck1       fz_ws.l(dcheck1.o)
    0x0801335c   0x000002b0   Code   RO         7852    x$fpl$ddiv          fz_ws.l(ddiv.o)
    0x0801360c   0x0000002e   Code   RO         7776    x$fpl$dflt          fz_ws.l(dflt_clz.o)
    0x0801363a   0x00000002   PAD
    0x0801363c   0x00000154   Code   RO         7783    x$fpl$dmul          fz_ws.l(dmul.o)
    0x08013790   0x0000009c   Code   RO         7855    x$fpl$dnaninf       fz_ws.l(dnaninf.o)
    0x0801382c   0x0000000c   Code   RO         7857    x$fpl$dretinf       fz_ws.l(dretinf.o)
    0x08013838   0x00000016   Code   RO         7770    x$fpl$drsb          fz_ws.l(daddsub_clz.o)
    0x0801384e   0x00000002   PAD
    0x08013850   0x00000198   Code   RO         7961    x$fpl$dsqrt         fz_ws.l(dsqrt_umaal.o)
    0x080139e8   0x000001d4   Code   RO         7771    x$fpl$dsub          fz_ws.l(daddsub_clz.o)
    0x08013bbc   0x00000056   Code   RO         7787    x$fpl$f2d           fz_ws.l(f2d.o)
    0x08013c12   0x00000002   PAD
    0x08013c14   0x000000c4   Code   RO         7789    x$fpl$fadd          fz_ws.l(faddsub_clz.o)
    0x08013cd8   0x00000018   Code   RO         7859    x$fpl$fcmpinf       fz_ws.l(fcmpi.o)
    0x08013cf0   0x00000184   Code   RO         7796    x$fpl$fdiv          fz_ws.l(fdiv.o)
    0x08013e74   0x00000068   Code   RO         7799    x$fpl$feqf          fz_ws.l(feqf.o)
    0x08013edc   0x00000036   Code   RO         7801    x$fpl$ffix          fz_ws.l(ffix.o)
    0x08013f12   0x00000002   PAD
    0x08013f14   0x0000003e   Code   RO         7805    x$fpl$ffixu         fz_ws.l(ffixu.o)
    0x08013f52   0x00000002   PAD
    0x08013f54   0x00000030   Code   RO         7810    x$fpl$fflt          fz_ws.l(fflt_clz.o)
    0x08013f84   0x00000026   Code   RO         7809    x$fpl$ffltu         fz_ws.l(fflt_clz.o)
    0x08013faa   0x00000002   PAD
    0x08013fac   0x00000068   Code   RO         7815    x$fpl$fleqf         fz_ws.l(fleqf.o)
    0x08014014   0x00000102   Code   RO         7817    x$fpl$fmul          fz_ws.l(fmul.o)
    0x08014116   0x0000008c   Code   RO         7861    x$fpl$fnaninf       fz_ws.l(fnaninf.o)
    0x080141a2   0x0000000a   Code   RO         7863    x$fpl$fretinf       fz_ws.l(fretinf.o)
    0x080141ac   0x00000062   Code   RO         7819    x$fpl$frleqf        fz_ws.l(frleqf.o)
    0x0801420e   0x00000014   Code   RO         7790    x$fpl$frsb          fz_ws.l(faddsub_clz.o)
    0x08014222   0x00000002   PAD
    0x08014224   0x000000ea   Code   RO         7791    x$fpl$fsub          fz_ws.l(faddsub_clz.o)
    0x0801430e   0x00000004   Code   RO         7821    x$fpl$printf1       fz_ws.l(printf1.o)
    0x08014312   0x00000064   Code   RO         8031    x$fpl$retnan        fz_ws.l(retnan.o)
    0x08014376   0x0000005c   Code   RO         7865    x$fpl$scalbn        fz_ws.l(scalbn.o)
    0x080143d2   0x00000030   Code   RO         8045    x$fpl$trapveneer    fz_ws.l(trapv.o)
    0x08014402   0x00000000   Code   RO         7867    x$fpl$usenofp       fz_ws.l(usenofp.o)
    0x08014402   0x00000002   PAD
    0x08014404   0x00000170   Data   RO         1237    .constdata          usb_config.o
    0x08014574   0x0000002c   Data   RO         1552    .constdata          ff.o
    0x080145a0   0x00000094   Data   RO         6588    .constdata          os_cfg_app.o
    0x08014634   0x0000016c   Data   RO         6829    .constdata          os_dbg.o
    0x080147a0   0x00000050   Data   RO         7825    .constdata          m_ws.l(asin.o)
    0x080147f0   0x00000094   Data   RO         7928    .constdata          c_w.l(bigflt0.o)
    0x08014884   0x00000020   Data   RO         8110    Region$$Table       anon$$obj.o
    0x080148a4   0x0000001c   Data   RO         7956    locale$$data        c_w.l(lc_numeric_c.o)


    Execution Region RW_IRAM1 (Base: 0x20000000, Size: 0x0000bfe8, Max: 0x00020000, ABSOLUTE, COMPRESSED[0x00000490])

    Base Addr    Size         Type   Attr      Idx    E Section Name        Object

    0x20000000   0x00000001   Data   RW            7    .data               main.o
    0x20000001   0x00000003   PAD
    0x20000004   0x00000047   Data   RW          354    .data               ano_of.o
    0x2000004b   0x00000001   PAD
    0x2000004c   0x00000054   Data   RW          393    .data               anotc_baro_ctrl.o
    0x200000a0   0x0000001c   Data   RW          498    .data               ctrl.o
    0x200000bc   0x00000011   Data   RW          575    .data               data_transfer.o
    0x200000cd   0x00000003   PAD
    0x200000d0   0x0000000c   Data   RW          706    .data               filter.o
    0x200000dc   0x00000002   Data   RW          753    .data               fly_mode.o
    0x200000de   0x00000002   PAD
    0x200000e0   0x00000058   Data   RW          786    .data               height_ctrl.o
    0x20000138   0x0000003c   Data   RW          833    .data               imu.o
    0x20000174   0x00000404   Data   RW          921    .data               mymath.o
    0x20000578   0x00000001   Data   RW         1025    .data               parameter.o
    0x20000579   0x00000003   PAD
    0x2000057c   0x00000048   Data   RW         1164    .data               rc.o
    0x200005c4   0x00000009   Data   RW         1238    .data               usb_config.o
    0x200005cd   0x00000004   Data   RW         1423    .data               usbd_user_hid.o
    0x200005d1   0x00000003   PAD
    0x200005d4   0x0000000a   Data   RW         1553    .data               ff.o
    0x200005de   0x00000002   PAD
    0x200005e0   0x00000004   Data   RW         1790    .data               diskio.o
    0x200005e4   0x00000024   Data   RW         1858    .data               usbd_core.o
    0x20000608   0x00000027   Data   RW         2019    .data               usbd_hid.o
    0x2000062f   0x00000001   PAD
    0x20000630   0x0000004a   Data   RW         2364    .data               ak8975.o
    0x2000067a   0x00000001   Data   RW         2550    .data               i2c_soft.o
    0x2000067b   0x00000001   PAD
    0x2000067c   0x00000035   Data   RW         2651    .data               led.o
    0x200006b1   0x00000003   PAD
    0x200006b4   0x0000001c   Data   RW         2756    .data               mpu6050.o
    0x200006d0   0x00000026   Data   RW         2871    .data               ms5611.o
    0x200006f6   0x00000020   Data   RW         2948    .data               pwm_in.o
    0x20000716   0x00000004   Data   RW         2990    .data               pwm_out.o
    0x2000071a   0x00000002   PAD
    0x2000071c   0x00000014   Data   RW         3037    .data               time.o
    0x20000730   0x00000005   Data   RW         3115    .data               ultrasonic.o
    0x20000735   0x00000003   PAD
    0x20000738   0x0000000e   Data   RW         3167    .data               usart.o
    0x20000746   0x00000002   PAD
    0x20000748   0x00000030   Data   RW         3292    .data               usbd_stm32f4xx_fs.o
    0x20000778   0x00000010   Data   RW         4626    .data               stm32f4xx_rcc.o
    0x20000788   0x00000014   Data   RW         5849    .data               system_stm32f4xx.o
    0x2000079c   0x0000001c   Data   RW         5913    .data               cpu_core.o
    0x200007b8   0x00000004   Data   RW         7099    .data               os_prio.o
    0x200007bc   0x000000bc   Data   RW         7621    .data               os_var.o
    0x20000878   0x00000004   Data   RW         7645    .data               os_cpu_c.o
    0x2000087c   0x000004c0   Zero   RW            6    .bss                main.o
    0x20000d3c   0x00000032   Zero   RW          353    .bss                ano_of.o
    0x20000d6e   0x00000002   PAD
    0x20000d70   0x00000310   Zero   RW          392    .bss                anotc_baro_ctrl.o
    0x20001080   0x00000204   Zero   RW          497    .bss                ctrl.o
    0x20001284   0x00000088   Zero   RW          574    .bss                data_transfer.o
    0x2000130c   0x0000000a   Zero   RW          752    .bss                fly_mode.o
    0x20001316   0x00000002   PAD
    0x20001318   0x000000d8   Zero   RW          785    .bss                height_ctrl.o
    0x200013f0   0x00000084   Zero   RW          832    .bss                imu.o
    0x20001474   0x00002174   Zero   RW         1024    .bss                parameter.o
    0x200035e8   0x000000b0   Zero   RW         1163    .bss                rc.o
    0x20003698   0x00000320   Zero   RW         1236    .bss                usb_config.o
    0x200039b8   0x00000140   Zero   RW         1422    .bss                usbd_user_hid.o
    0x20003af8   0x00000051   Zero   RW         1475    .bss                version.o
    0x20003b49   0x00000003   PAD
    0x20003b4c   0x000064a4   Zero   RW         2123    .bss                task.o
    0x20009ff0   0x0000000c   Zero   RW         2363    .bss                ak8975.o
    0x20009ffc   0x0000000c   Zero   RW         2451    .bss                drv_w25qxx.o
    0x2000a008   0x00000180   Zero   RW         2755    .bss                mpu6050.o
    0x2000a188   0x00000038   Zero   RW         2870    .bss                ms5611.o
    0x2000a1c0   0x00000010   Zero   RW         2947    .bss                pwm_in.o
    0x2000a1d0   0x0000003c   Zero   RW         3036    .bss                time.o
    0x2000a20c   0x00000014   Zero   RW         3114    .bss                ultrasonic.o
    0x2000a220   0x000004c8   Zero   RW         3166    .bss                usart.o
    0x2000a6e8   0x00000070   Zero   RW         3291    .bss                usbd_stm32f4xx_fs.o
    0x2000a758   0x00000010   Zero   RW         5911    .bss                cpu_core.o
    0x2000a768   0x00000f60   Zero   RW         6587    .bss                os_cfg_app.o
    0x2000b6c8   0x000004bc   Zero   RW         7620    .bss                os_var.o
    0x2000bb84   0x00000060   Zero   RW         7966    .bss                c_w.l(libspace.o)
    0x2000bbe4   0x00000004   PAD
    0x2000bbe8   0x00000000   Zero   RW          254    HEAP                startup_stm32f40_41xxx.o
    0x2000bbe8   0x00000400   Zero   RW          253    STACK               startup_stm32f40_41xxx.o


==============================================================================

Image component sizes


      Code (inc. data)   RO Data    RW Data    ZI Data      Debug   Object Name

       926         40          0         74         12       3067   ak8975.o
      1036        150          0         71         50       3041   ano_of.o
      1440        174          0         84        784       7977   anotc_baro_ctrl.o
       202         28          0          0          0      29161   bsp.o
        52          0          0          0          0        300   cpu_a.o
       540         98          0         28         16      15916   cpu_core.o
      4468        274          0         28        516       5237   ctrl.o
      6776        334          0         17        136      16339   data_transfer.o
       256         22          0          4          0       4520   diskio.o
      1020         66          0          0         12       8109   drv_w25qxx.o
      7564        114         44         10          0      32107   ff.o
      1142         22          0         12          0       3988   filter.o
        96         18          0          2         10       1180   fly_mode.o
      2316        328          0         88        216       5092   height_ctrl.o
       862         44          0          1          0       7144   i2c_soft.o
      3288        180          0         60        132       3084   imu.o
       156         18          0          0          0        539   init.o
      2306        174          0         53          0       8338   led.o
       102          0          0          0          0      12584   lib_mem.o
       192         52          0          1       1216     316341   main.o
       140         24          0          0          0       1523   misc.o
      2300        110          0         28        384      20957   mpu6050.o
       990        106          0         38         56       6409   ms5611.o
       702         38          0       1028          0       4499   mymath.o
         2          0        148          0       3936      21317   os_cfg_app.o
      2402        306          0          0          0      32842   os_core.o
       228          6          0          0          0        372   os_cpu_a.o
       548         58          0          4          0      24504   os_cpu_c.o
       424        278        364          0          0       4605   os_dbg.o
        24         10          0          0          0        762   os_flag.o
        24         10          0          0          0        769   os_mem.o
       106         12          0          0          0       1415   os_msg.o
      1132         56          0          0          0       5798   os_mutex.o
       136         16          0          4          0       2522   os_prio.o
        24         10          0          0          0        759   os_q.o
        24         10          0          0          0        761   os_sem.o
      1592        196          0          0          0       3731   os_stat.o
      2734        128          0          0          0      11042   os_task.o
      1162         88          0          0          0       5367   os_tick.o
       244         26          0          0          0       1497   os_time.o
       568        142          0          0          0       3165   os_tmr.o
         0          0          0        188       1212      17670   os_var.o
      1420        210          0          1       8564      10427   parameter.o
       452          8          0          0          0       1912   pid.o
      1716        118          0         32         16       3024   pwm_in.o
       872         42          0          4          0       2401   pwm_out.o
      1714        160          0         72        176       4009   rc.o
        68         24        392          0       1024        780   startup_stm32f40_41xxx.o
       228          0          0          0          0       2846   stm32f4xx_gpio.o
        58          0          0          0          0       4669   stm32f4xx_it.o
       392         48          0         16          0       5401   stm32f4xx_rcc.o
       200         12          0          0          0       3963   stm32f4xx_spi.o
      1390         66          0          0          0      16211   stm32f4xx_tim.o
       466          8          0          0          0       5410   stm32f4xx_usart.o
         0          0          0         20          0        600   system_stm32f4xx.o
       854        224          0          0      25764       4764   task.o
       226         10          0         20         60       3131   time.o
       260         34          0          5         20       1740   ultrasonic.o
      1522        140          0         14       1224       9192   usart.o
        28          0        368          9        800      27403   usb_config.o
      2758        344          0         36          0      11938   usbd_core.o
       452         88          0          0          0       2268   usbd_core_hid.o
      1598        270          0         39          0       9379   usbd_hid.o
      4662        304          0         48        112      41193   usbd_stm32f4xx_fs.o
       598         34          0          4        320       4242   usbd_user_hid.o
        32         10          0          0         81       1706   version.o

    ----------------------------------------------------------------------
     72280       5920       1348       2172      46856     834959   Object Totals
         0          0         32          0          0          0   (incl. Generated)
        68          0          0         29          7          0   (incl. Padding)

    ----------------------------------------------------------------------

      Code (inc. data)   RO Data    RW Data    ZI Data      Debug   Library Member Name

        90          0          0          0          0          0   __dczerorl2.o
         8          0          0          0          0         68   __main.o
       104          0          0          0          0         84   __printf.o
         0          0          0          0          0          0   __rtentry.o
        12          0          0          0          0          0   __rtentry2.o
         6          0          0          0          0          0   __rtentry4.o
        52          8          0          0          0          0   __scatter.o
        28          0          0          0          0          0   __scatter_zi.o
        48          6          0          0          0         96   _printf_char_common.o
        36          4          0          0          0         80   _printf_char_file.o
         6          0          0          0          0          0   _printf_f.o
      1050          0          0          0          0        216   _printf_fp_dec.o
       128         16          0          0          0         84   _printf_fp_infnan.o
         0          0          0          0          0          0   _printf_percent.o
         4          0          0          0          0          0   _printf_percent_end.o
        22          0          0          0          0        100   _rserrno.o
       220          4        148          0          0         96   bigflt0.o
      1910        128          0          0          0        672   btod.o
        18          0          0          0          0         80   exit.o
         8          0          0          0          0         68   ferror.o
         6          0          0          0          0        152   heapauxi.o
        44         10         28          0          0         76   lc_numeric_c.o
         2          0          0          0          0          0   libinit.o
        18          0          0          0          0          0   libinit2.o
         2          0          0          0          0          0   libshutdown.o
         2          0          0          0          0          0   libshutdown2.o
         8          4          0          0         96         68   libspace.o
       138          0          0          0          0         80   lludiv10.o
        24          4          0          0          0         84   noretval__2printf.o
         8          4          0          0          0         68   rt_errno_addr_intlibspace.o
         8          4          0          0          0         68   rt_locale_intlibspace.o
        78          0          0          0          0         80   rt_memclr_w.o
       138          0          0          0          0         68   rt_memcpy_v6.o
       100          0          0          0          0         80   rt_memcpy_w.o
         2          0          0          0          0          0   rtexit.o
        10          0          0          0          0          0   rtexit2.o
       128          0          0          0          0         68   strcmpv7m.o
        62          0          0          0          0         76   strlen.o
        74          0          0          0          0         80   sys_stackheap_outer.o
         2          0          0          0          0         68   use_no_semi.o
         2          0          0          0          0         68   use_no_semi_2.o
        98          4          0          0          0         92   d2f.o
       826         16          0          0          0        348   daddsub_clz.o
        16          4          0          0          0         68   dcheck1.o
       688        140          0          0          0        208   ddiv.o
        46          0          0          0          0         68   dflt_clz.o
       340         12          0          0          0        104   dmul.o
       156          4          0          0          0         92   dnaninf.o
        12          0          0          0          0         68   dretinf.o
       408         56          0          0          0        120   dsqrt_umaal.o
        86          4          0          0          0         84   f2d.o
       450          8          0          0          0        236   faddsub_clz.o
        24          0          0          0          0         68   fcmpi.o
       388         76          0          0          0         96   fdiv.o
       104          4          0          0          0         84   feqf.o
        54          4          0          0          0         84   ffix.o
        62          4          0          0          0         84   ffixu.o
        86          0          0          0          0        136   fflt_clz.o
       104          4          0          0          0         84   fleqf.o
       258          4          0          0          0         84   fmul.o
       140          4          0          0          0         84   fnaninf.o
        10          0          0          0          0         68   fretinf.o
        98          0          0          0          0         68   frleqf.o
         4          0          0          0          0         68   printf1.o
       100          0          0          0          0         68   retnan.o
        92          0          0          0          0         68   scalbn.o
        48          0          0          0          0         68   trapv.o
         0          0          0          0          0          0   usenofp.o
       624         52         80          0          0        168   asin.o
        34          6          0          0          0        204   dunder.o
        40          0          0          0          0         68   fpclassify.o
       170          0          0          0          0         96   poly.o
        76          0          0          0          0         84   sqrt.o

    ----------------------------------------------------------------------
     10276        598        256          0        100       6148   Library Totals
        28          0          0          0          4          0   (incl. Padding)

    ----------------------------------------------------------------------

      Code (inc. data)   RO Data    RW Data    ZI Data      Debug   Library Name

      4606        192        176          0         96       2828   c_w.l
      4698        348          0          0          0       2700   fz_ws.l
       944         58         80          0          0        620   m_ws.l

    ----------------------------------------------------------------------
     10276        598        256          0        100       6148   Library Totals

    ----------------------------------------------------------------------

==============================================================================


      Code (inc. data)   RO Data    RW Data    ZI Data      Debug   

     82556       6518       1604       2172      46956     815259   Grand Totals
     82556       6518       1604       1168      46956     815259   ELF Image Totals (compressed)
     82556       6518       1604       1168          0          0   ROM Totals

==============================================================================

    Total RO  Size (Code + RO Data)                84160 (  82.19kB)
    Total RW  Size (RW Data + ZI Data)             49128 (  47.98kB)
    Total ROM Size (Code + RO Data + RW Data)      85328 (  83.33kB)

==============================================================================

