Component: ARM Compiler 5.06 update 3 (build 300) Tool: armlink [4d35c9]

==============================================================================

Section Cross References

    main.o(i.AppTaskStart) refers to bsp.o(i.bsp_Init) for bsp_Init
    main.o(i.AppTaskStart) refers to cpu_core.o(i.CPU_Init) for CPU_Init
    main.o(i.AppTaskStart) refers to bsp.o(i.BSP_Tick_Init) for BSP_Tick_Init
    main.o(i.AppTaskStart) refers to init.o(i.All_Init) for All_Init
    main.o(i.AppTaskStart) refers to os_stat.o(i.OSStatTaskCPUUsageInit) for OSStatTaskCPUUsageInit
    main.o(i.AppTaskStart) refers to cpu_core.o(i.CPU_IntDisMeasMaxCurReset) for CPU_IntDisMeasMaxCurReset
    main.o(i.AppTaskStart) refers to task.o(i.AppTaskCreate) for AppTaskCreate
    main.o(i.AppTaskStart) refers to led.o(i.LED_MPU_Err) for LED_MPU_Err
    main.o(i.AppTaskStart) refers to os_time.o(i.OSTimeDly) for OSTimeDly
    main.o(i.AppTaskStart) refers to main.o(.data) for Init_Finish
    main.o(i.main) refers to os_core.o(i.OSInit) for OSInit
    main.o(i.main) refers to os_task.o(i.OSTaskCreate) for OSTaskCreate
    main.o(i.main) refers to os_core.o(i.OSStart) for OSStart
    main.o(i.main) refers to main.o(.bss) for AppTaskStartStk
    main.o(i.main) refers to main.o(i.AppTaskStart) for AppTaskStart
    startup_stm32f40_41xxx.o(STACK) refers (Special) to heapauxi.o(.text) for __use_two_region_memory
    startup_stm32f40_41xxx.o(HEAP) refers (Special) to heapauxi.o(.text) for __use_two_region_memory
    startup_stm32f40_41xxx.o(RESET) refers (Special) to heapauxi.o(.text) for __use_two_region_memory
    startup_stm32f40_41xxx.o(RESET) refers to startup_stm32f40_41xxx.o(STACK) for __initial_sp
    startup_stm32f40_41xxx.o(RESET) refers to startup_stm32f40_41xxx.o(.text) for Reset_Handler
    startup_stm32f40_41xxx.o(RESET) refers to stm32f4xx_it.o(i.NMI_Handler) for NMI_Handler
    startup_stm32f40_41xxx.o(RESET) refers to stm32f4xx_it.o(i.MemManage_Handler) for MemManage_Handler
    startup_stm32f40_41xxx.o(RESET) refers to stm32f4xx_it.o(i.BusFault_Handler) for BusFault_Handler
    startup_stm32f40_41xxx.o(RESET) refers to stm32f4xx_it.o(i.UsageFault_Handler) for UsageFault_Handler
    startup_stm32f40_41xxx.o(RESET) refers to stm32f4xx_it.o(i.SVC_Handler) for SVC_Handler
    startup_stm32f40_41xxx.o(RESET) refers to stm32f4xx_it.o(i.DebugMon_Handler) for DebugMon_Handler
    startup_stm32f40_41xxx.o(RESET) refers to os_cpu_a.o(CODE) for OS_CPU_PendSVHandler
    startup_stm32f40_41xxx.o(RESET) refers to os_cpu_c.o(i.OS_CPU_SysTickHandler) for OS_CPU_SysTickHandler
    startup_stm32f40_41xxx.o(RESET) refers to stm32f4xx_it.o(i.TIM3_IRQHandler) for TIM3_IRQHandler
    startup_stm32f40_41xxx.o(RESET) refers to stm32f4xx_it.o(i.TIM4_IRQHandler) for TIM4_IRQHandler
    startup_stm32f40_41xxx.o(RESET) refers to stm32f4xx_it.o(i.USART2_IRQHandler) for USART2_IRQHandler
    startup_stm32f40_41xxx.o(RESET) refers to stm32f4xx_it.o(i.UART4_IRQHandler) for UART4_IRQHandler
    startup_stm32f40_41xxx.o(RESET) refers to stm32f4xx_it.o(i.UART5_IRQHandler) for UART5_IRQHandler
    startup_stm32f40_41xxx.o(RESET) refers to usbd_stm32f4xx_fs.o(i.OTG_FS_IRQHandler) for OTG_FS_IRQHandler
    startup_stm32f40_41xxx.o(.text) refers (Special) to heapauxi.o(.text) for __use_two_region_memory
    startup_stm32f40_41xxx.o(.text) refers to __main.o(!!!main) for __main
    startup_stm32f40_41xxx.o(.text) refers to startup_stm32f40_41xxx.o(HEAP) for Heap_Mem
    startup_stm32f40_41xxx.o(.text) refers to startup_stm32f40_41xxx.o(STACK) for Stack_Mem
    ano_of.o(i.AnoOF_DataAnl) refers to dflt_clz.o(x$fpl$dflt) for __aeabi_i2d
    ano_of.o(i.AnoOF_DataAnl) refers to dmul.o(x$fpl$dmul) for __aeabi_dmul
    ano_of.o(i.AnoOF_DataAnl) refers to d2f.o(x$fpl$d2f) for __aeabi_d2f
    ano_of.o(i.AnoOF_DataAnl) refers to ano_of.o(.data) for OF_QUA
    ano_of.o(i.AnoOF_GetOneByte) refers to ano_of.o(i.AnoOF_DataAnl) for AnoOF_DataAnl
    ano_of.o(i.AnoOF_GetOneByte) refers to ano_of.o(.data) for state
    ano_of.o(i.AnoOF_GetOneByte) refers to ano_of.o(.bss) for _datatemp
    anotc_baro_ctrl.o(i.acc_fusion) refers to faddsub_clz.o(x$fpl$fsub) for __aeabi_fsub
    anotc_baro_ctrl.o(i.acc_fusion) refers to faddsub_clz.o(x$fpl$fadd) for __aeabi_fadd
    anotc_baro_ctrl.o(i.acc_fusion) refers to filter.o(i.anotc_filter_1) for anotc_filter_1
    anotc_baro_ctrl.o(i.acc_fusion) refers to mymath.o(i.my_deathzoom) for my_deathzoom
    anotc_baro_ctrl.o(i.acc_fusion) refers to fmul.o(x$fpl$fmul) for __aeabi_fmul
    anotc_baro_ctrl.o(i.acc_fusion) refers to fleqf.o(x$fpl$fleqf) for __aeabi_cfcmple
    anotc_baro_ctrl.o(i.acc_fusion) refers to frleqf.o(x$fpl$frleqf) for __aeabi_cfrcmple
    anotc_baro_ctrl.o(i.baro_compensate) refers to fmul.o(x$fpl$fmul) for __aeabi_fmul
    anotc_baro_ctrl.o(i.baro_compensate) refers to faddsub_clz.o(x$fpl$frsb) for __aeabi_frsub
    anotc_baro_ctrl.o(i.baro_compensate) refers to mymath.o(i.my_sqrt) for my_sqrt
[...]
    usbd_reset_core                          0x0800ae2d   Thumb Code    38  usbd_core.o(i.usbd_reset_core)
    usbd_stm32_delay                         0x0800ae71   Thumb Code    40  usbd_stm32f4xx_fs.o(i.usbd_stm32_delay)
    __aeabi_d2f                              0x0800aed9   Thumb Code     0  d2f.o(x$fpl$d2f)
    _d2f                                     0x0800aed9   Thumb Code    98  d2f.o(x$fpl$d2f)
    __aeabi_i2d                              0x0800af3b   Thumb Code     0  dflt_clz.o(x$fpl$dflt)
    _dflt                                    0x0800af3b   Thumb Code    46  dflt_clz.o(x$fpl$dflt)
    __aeabi_dmul                             0x0800af69   Thumb Code     0  dmul.o(x$fpl$dmul)
    _dmul                                    0x0800af69   Thumb Code   332  dmul.o(x$fpl$dmul)
    __fpl_dnaninf                            0x0800b0bd   Thumb Code   156  dnaninf.o(x$fpl$dnaninf)
    __fpl_dretinf                            0x0800b159   Thumb Code    12  dretinf.o(x$fpl$dretinf)
    __aeabi_fadd                             0x0800b165   Thumb Code     0  faddsub_clz.o(x$fpl$fadd)
    _fadd                                    0x0800b165   Thumb Code   196  faddsub_clz.o(x$fpl$fadd)
    __aeabi_f2uiz                            0x0800b229   Thumb Code     0  ffixu.o(x$fpl$ffixu)
    _ffixu                                   0x0800b229   Thumb Code    62  ffixu.o(x$fpl$ffixu)
    __aeabi_i2f                              0x0800b269   Thumb Code     0  fflt_clz.o(x$fpl$fflt)
    _fflt                                    0x0800b269   Thumb Code    48  fflt_clz.o(x$fpl$fflt)
    __aeabi_ui2f                             0x0800b299   Thumb Code     0  fflt_clz.o(x$fpl$ffltu)
    _ffltu                                   0x0800b299   Thumb Code    38  fflt_clz.o(x$fpl$ffltu)
    __aeabi_fmul                             0x0800b2c1   Thumb Code     0  fmul.o(x$fpl$fmul)
    _fmul                                    0x0800b2c1   Thumb Code   258  fmul.o(x$fpl$fmul)
    __fpl_fnaninf                            0x0800b3c3   Thumb Code   140  fnaninf.o(x$fpl$fnaninf)
    __fpl_fretinf                            0x0800b44f   Thumb Code    10  fretinf.o(x$fpl$fretinf)
    __aeabi_frsub                            0x0800b459   Thumb Code     0  faddsub_clz.o(x$fpl$frsb)
    _frsb                                    0x0800b459   Thumb Code    20  faddsub_clz.o(x$fpl$frsb)
    __aeabi_fsub                             0x0800b46d   Thumb Code     0  faddsub_clz.o(x$fpl$fsub)
    _fsub                                    0x0800b46d   Thumb Code   234  faddsub_clz.o(x$fpl$fsub)
    __I$use$fp                               0x0800b556   Number         0  usenofp.o(x$fpl$usenofp)
    usbd_power                               0x0800b558   Data           1  usb_config.o(.constdata)
    usbd_hs_enable                           0x0800b559   Data           1  usb_config.o(.constdata)
    usbd_if_num                              0x0800b55a   Data           2  usb_config.o(.constdata)
    usbd_ep_num                              0x0800b55c   Data           1  usb_config.o(.constdata)
    usbd_max_packet0                         0x0800b55d   Data           1  usb_config.o(.constdata)
    usbd_hid_if_num                          0x0800b55e   Data           1  usb_config.o(.constdata)
    usbd_hid_ep_intin                        0x0800b55f   Data           1  usb_config.o(.constdata)
    usbd_hid_ep_intout                       0x0800b560   Data           1  usb_config.o(.constdata)
    usbd_hid_interval                        0x0800b562   Data           4  usb_config.o(.constdata)
    usbd_hid_maxpacketsize                   0x0800b566   Data           4  usb_config.o(.constdata)
    usbd_hid_inreport_num                    0x0800b56a   Data           1  usb_config.o(.constdata)
    usbd_hid_outreport_num                   0x0800b56b   Data           1  usb_config.o(.constdata)
    usbd_hid_inreport_max_sz                 0x0800b56c   Data           2  usb_config.o(.constdata)
    usbd_hid_outreport_max_sz                0x0800b56e   Data           2  usb_config.o(.constdata)
    usbd_hid_featreport_max_sz               0x0800b570   Data           2  usb_config.o(.constdata)
    USBD_P_Power_Event                       0x0800b574   Data           4  usb_config.o(.constdata)
    USBD_P_Reset_Event                       0x0800b578   Data           4  usb_config.o(.constdata)
    USBD_P_Suspend_Event                     0x0800b57c   Data           4  usb_config.o(.constdata)
    USBD_P_Resume_Event                      0x0800b580   Data           4  usb_config.o(.constdata)
    USBD_P_WakeUp_Event                      0x0800b584   Data           4  usb_config.o(.constdata)
    USBD_P_SOF_Event                         0x0800b588   Data           4  usb_config.o(.constdata)
    USBD_P_Error_Event                       0x0800b58c   Data           4  usb_config.o(.constdata)
    USBD_P_EP                                0x0800b590   Data          64  usb_config.o(.constdata)
    USBD_P_Configure_Event                   0x0800b5d0   Data           4  usb_config.o(.constdata)
    USBD_P_Interface_Event                   0x0800b5d4   Data           4  usb_config.o(.constdata)
    USBD_P_Feature_Event                     0x0800b5d8   Data           4  usb_config.o(.constdata)
    __rtx                                    0x0800b5dc   Data           4  usb_config.o(.constdata)
    USBD_HID_ReportDescriptor                0x0800b5e0   Data          33  usb_config.o(.constdata)
    USBD_HID_ReportDescriptorSize            0x0800b602   Data           2  usb_config.o(.constdata)
    USBD_HID_DescriptorOffset                0x0800b604   Data           2  usb_config.o(.constdata)
    USBD_DeviceDescriptor                    0x0800b606   Data          18  usb_config.o(.constdata)
    USBD_DeviceQualifier                     0x0800b618   Data           1  usb_config.o(.constdata)
    USBD_DeviceQualifier_HS                  0x0800b619   Data           1  usb_config.o(.constdata)
    USBD_ConfigDescriptor                    0x0800b61a   Data          42  usb_config.o(.constdata)
    USBD_ConfigDescriptor_HS                 0x0800b644   Data           1  usb_config.o(.constdata)
    USBD_OtherSpeedConfigDescriptor          0x0800b645   Data           1  usb_config.o(.constdata)
    USBD_OtherSpeedConfigDescriptor_HS       0x0800b646   Data           1  usb_config.o(.constdata)
    USBD_StringDescriptor                    0x0800b648   Data         128  usb_config.o(.constdata)
    OSCfg_IdleTaskStkBasePtr                 0x0800b6f4   Data           4  os_cfg_app.o(.constdata)
    OSCfg_IdleTaskStkLimit                   0x0800b6f8   Data           4  os_cfg_app.o(.constdata)
    OSCfg_IdleTaskStkSize                    0x0800b6fc   Data           4  os_cfg_app.o(.constdata)
    OSCfg_IdleTaskStkSizeRAM                 0x0800b700   Data           4  os_cfg_app.o(.constdata)
    OSCfg_IntQBasePtr                        0x0800b704   Data           4  os_cfg_app.o(.constdata)
    OSCfg_IntQSize                           0x0800b708   Data           2  os_cfg_app.o(.constdata)
    OSCfg_IntQSizeRAM                        0x0800b70c   Data           4  os_cfg_app.o(.constdata)
    OSCfg_IntQTaskStkBasePtr                 0x0800b710   Data           4  os_cfg_app.o(.constdata)
    OSCfg_IntQTaskStkLimit                   0x0800b714   Data           4  os_cfg_app.o(.constdata)
    OSCfg_IntQTaskStkSize                    0x0800b718   Data           4  os_cfg_app.o(.constdata)
    OSCfg_IntQTaskStkSizeRAM                 0x0800b71c   Data           4  os_cfg_app.o(.constdata)
    OSCfg_ISRStkBasePtr                      0x0800b720   Data           4  os_cfg_app.o(.constdata)
    OSCfg_ISRStkSize                         0x0800b724   Data           4  os_cfg_app.o(.constdata)
    OSCfg_ISRStkSizeRAM                      0x0800b728   Data           4  os_cfg_app.o(.constdata)
    OSCfg_MsgPoolSize                        0x0800b72c   Data           2  os_cfg_app.o(.constdata)
    OSCfg_MsgPoolSizeRAM                     0x0800b730   Data           4  os_cfg_app.o(.constdata)
    OSCfg_MsgPoolBasePtr                     0x0800b734   Data           4  os_cfg_app.o(.constdata)
    OSCfg_StatTaskPrio                       0x0800b738   Data           1  os_cfg_app.o(.constdata)
    OSCfg_StatTaskRate_Hz                    0x0800b73c   Data           4  os_cfg_app.o(.constdata)
    OSCfg_StatTaskStkBasePtr                 0x0800b740   Data           4  os_cfg_app.o(.constdata)
    OSCfg_StatTaskStkLimit                   0x0800b744   Data           4  os_cfg_app.o(.constdata)
    OSCfg_StatTaskStkSize                    0x0800b748   Data           4  os_cfg_app.o(.constdata)
    OSCfg_StatTaskStkSizeRAM                 0x0800b74c   Data           4  os_cfg_app.o(.constdata)
    OSCfg_StkSizeMin                         0x0800b750   Data           4  os_cfg_app.o(.constdata)
    OSCfg_TickRate_Hz                        0x0800b754   Data           4  os_cfg_app.o(.constdata)
    OSCfg_TickTaskPrio                       0x0800b758   Data           1  os_cfg_app.o(.constdata)
    OSCfg_TickTaskStkBasePtr                 0x0800b75c   Data           4  os_cfg_app.o(.constdata)
    OSCfg_TickTaskStkLimit                   0x0800b760   Data           4  os_cfg_app.o(.constdata)
    OSCfg_TickTaskStkSize                    0x0800b764   Data           4  os_cfg_app.o(.constdata)
    OSCfg_TickTaskStkSizeRAM                 0x0800b768   Data           4  os_cfg_app.o(.constdata)
    OSCfg_TmrTaskPrio                        0x0800b76c   Data           1  os_cfg_app.o(.constdata)
    OSCfg_TmrTaskRate_Hz                     0x0800b770   Data           4  os_cfg_app.o(.constdata)
    OSCfg_TmrTaskStkBasePtr                  0x0800b774   Data           4  os_cfg_app.o(.constdata)
    OSCfg_TmrTaskStkLimit                    0x0800b778   Data           4  os_cfg_app.o(.constdata)
    OSCfg_TmrTaskStkSize                     0x0800b77c   Data           4  os_cfg_app.o(.constdata)
    OSCfg_TmrTaskStkSizeRAM                  0x0800b780   Data           4  os_cfg_app.o(.constdata)
    OSCfg_DataSizeRAM                        0x0800b784   Data           4  os_cfg_app.o(.constdata)
    OSDbg_DbgEn                              0x0800b788   Data           1  os_dbg.o(.constdata)
    OSDbg_ArgChkEn                           0x0800b789   Data           1  os_dbg.o(.constdata)
    OSDbg_AppHooksEn                         0x0800b78a   Data           1  os_dbg.o(.constdata)
    OSDbg_EndiannessTest                     0x0800b78c   Data           4  os_dbg.o(.constdata)
    OSDbg_CalledFromISRChkEn                 0x0800b790   Data           1  os_dbg.o(.constdata)
    OSDbg_FlagEn                             0x0800b791   Data           1  os_dbg.o(.constdata)
    OSDbg_FlagGrp                            0x0800b794   Data          40  os_dbg.o(.constdata)
    OSDbg_FlagDelEn                          0x0800b7bc   Data           1  os_dbg.o(.constdata)
    OSDbg_FlagModeClrEn                      0x0800b7bd   Data           1  os_dbg.o(.constdata)
    OSDbg_FlagPendAbortEn                    0x0800b7be   Data           1  os_dbg.o(.constdata)
    OSDbg_FlagGrpSize                        0x0800b7c0   Data           2  os_dbg.o(.constdata)
    OSDbg_FlagWidth                          0x0800b7c2   Data           2  os_dbg.o(.constdata)
    OSDbg_IntQ                               0x0800b7c4   Data           2  os_dbg.o(.constdata)
    OSDbg_ISRPostDeferredEn                  0x0800b7c6   Data           1  os_dbg.o(.constdata)
    OSDbg_Mem                                0x0800b7c8   Data          32  os_dbg.o(.constdata)
    OSDbg_MemEn                              0x0800b7e8   Data           1  os_dbg.o(.constdata)
    OSDbg_MemSize                            0x0800b7ea   Data           2  os_dbg.o(.constdata)
    OSDbg_MsgEn                              0x0800b7ec   Data           1  os_dbg.o(.constdata)
    OSDbg_MsgSize                            0x0800b7ee   Data           2  os_dbg.o(.constdata)
    OSDbg_MsgPoolSize                        0x0800b7f0   Data           2  os_dbg.o(.constdata)
    OSDbg_MsgQSize                           0x0800b7f2   Data           2  os_dbg.o(.constdata)
    OSDbg_Mutex                              0x0800b7f4   Data          48  os_dbg.o(.constdata)
    OSDbg_MutexEn                            0x0800b824   Data           1  os_dbg.o(.constdata)
    OSDbg_MutexDelEn                         0x0800b825   Data           1  os_dbg.o(.constdata)
    OSDbg_MutexPendAbortEn                   0x0800b826   Data           1  os_dbg.o(.constdata)
    OSDbg_MutexSize                          0x0800b828   Data           2  os_dbg.o(.constdata)
    OSDbg_ObjTypeChkEn                       0x0800b82a   Data           1  os_dbg.o(.constdata)
    OSDbg_PendMultiEn                        0x0800b82b   Data           1  os_dbg.o(.constdata)
    OSDbg_PendDataSize                       0x0800b82c   Data           2  os_dbg.o(.constdata)
    OSDbg_PendListSize                       0x0800b82e   Data           2  os_dbg.o(.constdata)
    OSDbg_PendObjSize                        0x0800b830   Data           2  os_dbg.o(.constdata)
    OSDbg_PrioMax                            0x0800b832   Data           2  os_dbg.o(.constdata)
    OSDbg_PrioTblSize                        0x0800b834   Data           2  os_dbg.o(.constdata)
    OSDbg_PtrSize                            0x0800b836   Data           2  os_dbg.o(.constdata)
    OSDbg_Q                                  0x0800b838   Data          48  os_dbg.o(.constdata)
    OSDbg_QEn                                0x0800b868   Data           1  os_dbg.o(.constdata)
    OSDbg_QDelEn                             0x0800b869   Data           1  os_dbg.o(.constdata)
    OSDbg_QFlushEn                           0x0800b86a   Data           1  os_dbg.o(.constdata)
    OSDbg_QPendAbortEn                       0x0800b86b   Data           1  os_dbg.o(.constdata)
    OSDbg_QSize                              0x0800b86c   Data           2  os_dbg.o(.constdata)
    OSDbg_SchedRoundRobinEn                  0x0800b86e   Data           1  os_dbg.o(.constdata)
    OSDbg_Sem                                0x0800b870   Data          40  os_dbg.o(.constdata)
    OSDbg_SemEn                              0x0800b898   Data           1  os_dbg.o(.constdata)
    OSDbg_SemDelEn                           0x0800b899   Data           1  os_dbg.o(.constdata)
    OSDbg_SemPendAbortEn                     0x0800b89a   Data           1  os_dbg.o(.constdata)
    OSDbg_SemSetEn                           0x0800b89b   Data           1  os_dbg.o(.constdata)
    OSDbg_SemSize                            0x0800b89c   Data           2  os_dbg.o(.constdata)
    OSDbg_RdyList                            0x0800b89e   Data           2  os_dbg.o(.constdata)
    OSDbg_RdyListSize                        0x0800b8a0   Data           4  os_dbg.o(.constdata)
    OSDbg_StkWidth                           0x0800b8a4   Data           1  os_dbg.o(.constdata)
    OSDbg_StatTaskEn                         0x0800b8a5   Data           1  os_dbg.o(.constdata)
    OSDbg_StatTaskStkChkEn                   0x0800b8a6   Data           1  os_dbg.o(.constdata)
    OSDbg_TaskChangePrioEn                   0x0800b8a7   Data           1  os_dbg.o(.constdata)
    OSDbg_TaskDelEn                          0x0800b8a8   Data           1  os_dbg.o(.constdata)
    OSDbg_TaskQEn                            0x0800b8a9   Data           1  os_dbg.o(.constdata)
    OSDbg_TaskQPendAbortEn                   0x0800b8aa   Data           1  os_dbg.o(.constdata)
    OSDbg_TaskProfileEn                      0x0800b8ab   Data           1  os_dbg.o(.constdata)
    OSDbg_TaskRegTblSize                     0x0800b8ac   Data           2  os_dbg.o(.constdata)
    OSDbg_TaskSemPendAbortEn                 0x0800b8ae   Data           1  os_dbg.o(.constdata)
    OSDbg_TaskSuspendEn                      0x0800b8af   Data           1  os_dbg.o(.constdata)
    OSDbg_TCBSize                            0x0800b8b0   Data           2  os_dbg.o(.constdata)
    OSDbg_TickListSize                       0x0800b8b2   Data           2  os_dbg.o(.constdata)
    OSDbg_TimeDlyHMSMEn                      0x0800b8b4   Data           1  os_dbg.o(.constdata)
    OSDbg_TimeDlyResumeEn                    0x0800b8b5   Data           1  os_dbg.o(.constdata)
    OSDbg_TLS_TblSize                        0x0800b8b6   Data           2  os_dbg.o(.constdata)
    OSDbg_Tmr                                0x0800b8b8   Data          48  os_dbg.o(.constdata)
    OSDbg_TmrEn                              0x0800b8e8   Data           1  os_dbg.o(.constdata)
    OSDbg_TmrDelEn                           0x0800b8e9   Data           1  os_dbg.o(.constdata)
    OSDbg_TmrSize                            0x0800b8ea   Data           2  os_dbg.o(.constdata)
    OSDbg_VersionNbr                         0x0800b8ec   Data           2  os_dbg.o(.constdata)
    OSDbg_DataSize                           0x0800b8f0   Data           4  os_dbg.o(.constdata)
    Region$$Table$$Base                      0x0800b8f4   Number         0  anon$$obj.o(Region$$Table)
    Region$$Table$$Limit                     0x0800b914   Number         0  anon$$obj.o(Region$$Table)
    Init_Finish                              0x20000000   Data           1  main.o(.data)
    OF_QUA                                   0x20000004   Data           1  ano_of.o(.data)
    OF_LIGHT                                 0x20000005   Data           1  ano_of.o(.data)
    OF_DX                                    0x20000006   Data           1  ano_of.o(.data)
    OF_DY                                    0x20000007   Data           1  ano_of.o(.data)
    OF_DX2                                   0x20000008   Data           2  ano_of.o(.data)
    OF_DY2                                   0x2000000a   Data           2  ano_of.o(.data)
    OF_DX2FIX                                0x2000000c   Data           2  ano_of.o(.data)
    OF_DY2FIX                                0x2000000e   Data           2  ano_of.o(.data)
    OF_ALT                                   0x20000010   Data           2  ano_of.o(.data)
    OF_ALT2                                  0x20000012   Data           2  ano_of.o(.data)
    OF_GYR_X                                 0x20000014   Data           2  ano_of.o(.data)
    OF_GYR_Y                                 0x20000016   Data           2  ano_of.o(.data)
    OF_GYR_Z                                 0x20000018   Data           2  ano_of.o(.data)
    OF_GYR_X2                                0x2000001a   Data           2  ano_of.o(.data)
    OF_GYR_Y2                                0x2000001c   Data           2  ano_of.o(.data)
    OF_GYR_Z2                                0x2000001e   Data           2  ano_of.o(.data)
    OF_ACC_X                                 0x20000020   Data           2  ano_of.o(.data)
    OF_ACC_Y                                 0x20000022   Data           2  ano_of.o(.data)
    OF_ACC_Z                                 0x20000024   Data           2  ano_of.o(.data)
    OF_ACC_X2                                0x20000026   Data           2  ano_of.o(.data)
    OF_ACC_Y2                                0x20000028   Data           2  ano_of.o(.data)
    OF_ACC_Z2                                0x2000002a   Data           2  ano_of.o(.data)
    OF_ATT_ROL                               0x2000002c   Data           4  ano_of.o(.data)
    OF_ATT_PIT                               0x20000030   Data           4  ano_of.o(.data)
    OF_ATT_YAW                               0x20000034   Data           4  ano_of.o(.data)
    OF_ATT_S1                                0x20000038   Data           4  ano_of.o(.data)
    OF_ATT_S2                                0x2000003c   Data           4  ano_of.o(.data)
    OF_ATT_S3                                0x20000040   Data           4  ano_of.o(.data)
    OF_ATT_S4                                0x20000044   Data           4  ano_of.o(.data)
    checkdata_to_send                        0x2000004c   Data           1  data_transfer.o(.data)
    checksum_to_send                         0x2000004d   Data           1  data_transfer.o(.data)
    flash_save_en_cnt                        0x2000004e   Data           2  data_transfer.o(.data)
    flash_init_error                         0x2000005d   Data           1  parameter.o(.data)
    CH_in_Mapping                            0x20000060   Data           8  rc.o(.data)
    rc_lose                                  0x20000068   Data           1  rc.o(.data)
    NS                                       0x20000069   Data           1  rc.o(.data)
    CH_Error                                 0x2000006a   Data           8  rc.o(.data)
    NS_cnt                                   0x20000072   Data           2  rc.o(.data)
    MAX_CH                                   0x20000074   Data          16  rc.o(.data)
    MIN_CH                                   0x20000084   Data          16  rc.o(.data)
    CH_DIR                                   0x20000094   Data           8  rc.o(.data)
    filter_A                                 0x2000009c   Data           4  rc.o(.data)
    fly_ready                                0x200000a0   Data           1  rc.o(.data)
    thr_stick_low                            0x200000a1   Data           1  rc.o(.data)
    ready_cnt                                0x200000a2   Data           2  rc.o(.data)
    mag_cali_cnt                             0x200000a4   Data           2  rc.o(.data)
    locked_cnt                               0x200000a6   Data           2  rc.o(.data)
    USBD_AltSetting                          0x200000a8   Data           1  usb_config.o(.data)
    USBD_HID_PollingCnt                      0x200000aa   Data           2  usb_config.o(.data)
    USBD_HID_IdleCnt                         0x200000ac   Data           1  usb_config.o(.data)
    USBD_HID_IdleReload                      0x200000ad   Data           1  usb_config.o(.data)
    USBD_HID_IdleSet                         0x200000ae   Data           1  usb_config.o(.data)
    USBD_HID_FeatReport                      0x200000af   Data           2  usb_config.o(.data)
    USBD_DeviceStatus                        0x200000c4   Data           2  usbd_core.o(.data)
    USBD_DeviceAddress                       0x200000c6   Data           1  usbd_core.o(.data)
    USBD_Configuration                       0x200000c7   Data           1  usbd_core.o(.data)
    USBD_EndPointMask                        0x200000c8   Data           4  usbd_core.o(.data)
    USBD_EndPointHalt                        0x200000cc   Data           4  usbd_core.o(.data)
    USBD_EndPointStall                       0x200000d0   Data           4  usbd_core.o(.data)
    USBD_NumInterfaces                       0x200000d4   Data           1  usbd_core.o(.data)
    USBD_HighSpeed                           0x200000d5   Data           1  usbd_core.o(.data)
    USBD_ZLP                                 0x200000d6   Data           1  usbd_core.o(.data)
    USBD_EP0Data                             0x200000d8   Data           8  usbd_core.o(.data)
    USBD_SetupPacket                         0x200000e0   Data           8  usbd_core.o(.data)
    USBD_HID_Protocol                        0x200000e8   Data           1  usbd_hid.o(.data)
    DataOutAsyncReq                          0x200000ec   Data           4  usbd_hid.o(.data)
    DataOutUpdateReqMask                     0x200000f0   Data           4  usbd_hid.o(.data)
    ptrDataOut                               0x200000f4   Data           4  usbd_hid.o(.data)
    DataOutToSendLen                         0x200000f8   Data           2  usbd_hid.o(.data)
    DataOutSentLen                           0x200000fa   Data           2  usbd_hid.o(.data)
    DataOutEndWithShortPacket                0x200000fc   Data           4  usbd_hid.o(.data)
    ptrDataIn                                0x20000100   Data           4  usbd_hid.o(.data)
    DataInReceLen                            0x20000104   Data           2  usbd_hid.o(.data)
    ptrDataFeat                              0x20000108   Data           4  usbd_hid.o(.data)
    DataFeatReceLen                          0x2000010c   Data           2  usbd_hid.o(.data)
    ak8975                                   0x20000110   Data          44  ak8975.o(.data)
    ak8975_ok                                0x2000013c   Data           1  ak8975.o(.data)
    Mag_CALIBRATED                           0x2000013d   Data           1  ak8975.o(.data)
    I2C_FastMode                             0x2000015a   Data           1  i2c_soft.o(.data)
    mpu6050_ok                               0x2000015c   Data           1  mpu6050.o(.data)
    acc_sum_cnt                              0x2000015e   Data           2  mpu6050.o(.data)
    gyro_sum_cnt                             0x20000160   Data           2  mpu6050.o(.data)
    filter_cnt                               0x20000162   Data           1  mpu6050.o(.data)
    filter_cnt_old                           0x20000163   Data           1  mpu6050.o(.data)
    test_ang                                 0x20000164   Data           4  mpu6050.o(.data)
    test_ang_old                             0x20000168   Data           4  mpu6050.o(.data)
    test_ang_d                               0x2000016c   Data           4  mpu6050.o(.data)
    test_fli_a                               0x20000170   Data           4  mpu6050.o(.data)
    test_i                                   0x20000174   Data           4  mpu6050.o(.data)
    baro_height_old                          0x20000178   Data           4  ms5611.o(.data)
    baro_Offset                              0x2000017c   Data           4  ms5611.o(.data)
    ms5611_ut                                0x20000180   Data           4  ms5611.o(.data)
    ms5611_up                                0x20000184   Data           4  ms5611.o(.data)
    t_rxbuf                                  0x20000188   Data           3  ms5611.o(.data)
    p_rxbuf                                  0x2000018b   Data           3  ms5611.o(.data)
    ms5611_ok                                0x2000018e   Data           1  ms5611.o(.data)
    temperature_5611                         0x20000190   Data           4  ms5611.o(.data)
    moavcnt                                  0x20000194   Data           2  ms5611.o(.data)
    sysTickUptime                            0x200001c0   Data           4  time.o(.data)
    time_1h                                  0x200001c4   Data           4  time.o(.data)
    time_1m                                  0x200001c8   Data           4  time.o(.data)
    time_1s                                  0x200001cc   Data           4  time.o(.data)
    time_1ms                                 0x200001d0   Data           4  time.o(.data)
    ultra_start_f                            0x200001d4   Data           1  ultrasonic.o(.data)
    ultra_distance_old                       0x200001d6   Data           2  ultrasonic.o(.data)
    TxCounter                                0x200001d9   Data           1  usart.o(.data)
    count                                    0x200001da   Data           1  usart.o(.data)
    Tx5Counter                               0x200001db   Data           1  usart.o(.data)
    count5                                   0x200001dc   Data           1  usart.o(.data)
    Tx4Counter                               0x200001dd   Data           1  usart.o(.data)
    count4                                   0x200001de   Data           1  usart.o(.data)
    OutMaxPacketSize                         0x200001e0   Data          16  usbd_stm32f4xx_fs.o(.data)
    InPacketDataPtr                          0x200001f0   Data          16  usbd_stm32f4xx_fs.o(.data)
    InPacketDataReady                        0x20000200   Data           4  usbd_stm32f4xx_fs.o(.data)
    SyncWriteEP                              0x20000204   Data           4  usbd_stm32f4xx_fs.o(.data)
    IsoOutTokenRead                          0x20000208   Data           4  usbd_stm32f4xx_fs.o(.data)
    SystemCoreClock                          0x20000220   Data           4  system_stm32f4xx.o(.data)
    AHBPrescTable                            0x20000224   Data          16  system_stm32f4xx.o(.data)
    CPU_TS_TmrFreq_Hz                        0x20000234   Data           4  cpu_core.o(.data)
    CPU_IntDisMeasCtr                        0x20000238   Data           2  cpu_core.o(.data)
    CPU_IntDisNestCtr                        0x2000023a   Data           2  cpu_core.o(.data)
    CPU_IntDisMeasStart_cnts                 0x2000023c   Data           4  cpu_core.o(.data)
    CPU_IntDisMeasStop_cnts                  0x20000240   Data           4  cpu_core.o(.data)
    CPU_IntDisMeasOvrhd_cnts                 0x20000244   Data           4  cpu_core.o(.data)
    CPU_IntDisMeasMaxCur_cnts                0x20000248   Data           4  cpu_core.o(.data)
    CPU_IntDisMeasMax_cnts                   0x2000024c   Data           4  cpu_core.o(.data)
    OSPrioTbl                                0x20000250   Data           4  os_prio.o(.data)
    OS_AppTaskCreateHookPtr                  0x20000254   Data           4  os_var.o(.data)
    OS_AppTaskDelHookPtr                     0x20000258   Data           4  os_var.o(.data)
    OS_AppTaskReturnHookPtr                  0x2000025c   Data           4  os_var.o(.data)
    OS_AppIdleTaskHookPtr                    0x20000260   Data           4  os_var.o(.data)
    OS_AppStatTaskHookPtr                    0x20000264   Data           4  os_var.o(.data)
    OS_AppTaskSwHookPtr                      0x20000268   Data           4  os_var.o(.data)
    OS_AppTimeTickHookPtr                    0x2000026c   Data           4  os_var.o(.data)
    OSIdleTaskCtr                            0x20000270   Data           4  os_var.o(.data)
    OSIntNestingCtr                          0x20000274   Data           1  os_var.o(.data)
    OSIntDisTimeMax                          0x20000278   Data           4  os_var.o(.data)
    OSRunning                                0x2000027c   Data           1  os_var.o(.data)
    OSFlagDbgListPtr                         0x20000280   Data           4  os_var.o(.data)
    OSFlagQty                                0x20000284   Data           2  os_var.o(.data)
    OSMemDbgListPtr                          0x20000288   Data           4  os_var.o(.data)
    OSMemQty                                 0x2000028c   Data           2  os_var.o(.data)
    OSMutexDbgListPtr                        0x20000290   Data           4  os_var.o(.data)
    OSMutexQty                               0x20000294   Data           2  os_var.o(.data)
    OSPrioCur                                0x20000296   Data           1  os_var.o(.data)
    OSPrioHighRdy                            0x20000297   Data           1  os_var.o(.data)
    OSPrioSaved                              0x20000298   Data           1  os_var.o(.data)
    OSQDbgListPtr                            0x2000029c   Data           4  os_var.o(.data)
    OSQQty                                   0x200002a0   Data           2  os_var.o(.data)
    OSSchedLockNestingCtr                    0x200002a2   Data           1  os_var.o(.data)
    OSSemDbgListPtr                          0x200002a4   Data           4  os_var.o(.data)
    OSSemQty                                 0x200002a8   Data           2  os_var.o(.data)
    OSStatResetFlag                          0x200002aa   Data           1  os_var.o(.data)
    OSStatTaskCPUUsage                       0x200002ac   Data           2  os_var.o(.data)
    OSStatTaskCPUUsageMax                    0x200002ae   Data           2  os_var.o(.data)
    OSStatTaskCtr                            0x200002b0   Data           4  os_var.o(.data)
    OSStatTaskCtrMax                         0x200002b4   Data           4  os_var.o(.data)
    OSStatTaskCtrRun                         0x200002b8   Data           4  os_var.o(.data)
    OSStatTaskRdy                            0x200002bc   Data           1  os_var.o(.data)
    OSStatTaskTimeMax                        0x200002c0   Data           4  os_var.o(.data)
    OSTaskCtxSwCtr                           0x200002c4   Data           4  os_var.o(.data)
    OSTaskDbgListPtr                         0x200002c8   Data           4  os_var.o(.data)
    OSTaskQty                                0x200002cc   Data           2  os_var.o(.data)
    OSTaskRegNextAvailID                     0x200002ce   Data           1  os_var.o(.data)
    OSTickCtr                                0x200002d0   Data           4  os_var.o(.data)
    OSTickTaskTimeMax                        0x200002d4   Data           4  os_var.o(.data)
    OSTickListDly                            0x200002d8   Data           8  os_var.o(.data)
    OSTickListTimeout                        0x200002e0   Data           8  os_var.o(.data)
    OSTmrDbgListPtr                          0x200002e8   Data           4  os_var.o(.data)
    OSTmrListEntries                         0x200002ec   Data           2  os_var.o(.data)
    OSTmrListPtr                             0x200002f0   Data           4  os_var.o(.data)
    OSTmrQty                                 0x200002f4   Data           2  os_var.o(.data)
    OSTmrTaskTimeMax                         0x200002f8   Data           4  os_var.o(.data)
    OSTmrTickCtr                             0x200002fc   Data           4  os_var.o(.data)
    OSTmrUpdateCnt                           0x20000300   Data           4  os_var.o(.data)
    OSTmrUpdateCtr                           0x20000304   Data           4  os_var.o(.data)
    OSTCBCurPtr                              0x20000308   Data           4  os_var.o(.data)
    OSTCBHighRdyPtr                          0x2000030c   Data           4  os_var.o(.data)
    OS_CPU_ExceptStkBase                     0x20000310   Data           4  os_cpu_c.o(.data)
    ctrl_1                                   0x20000808   Data         196  ctrl.o(.bss)
    ctrl_2                                   0x200008cc   Data         196  ctrl.o(.bss)
    except_A                                 0x20000990   Data          12  ctrl.o(.bss)
    ctrl_angle_offset                        0x2000099c   Data          12  ctrl.o(.bss)
    compensation                             0x200009a8   Data          12  ctrl.o(.bss)
    except_AS                                0x200009b4   Data          12  ctrl.o(.bss)
    g_old                                    0x200009c0   Data          28  ctrl.o(.bss)
    motor                                    0x200009dc   Data          16  ctrl.o(.bss)
    posture_value                            0x200009ec   Data          16  ctrl.o(.bss)
    curve                                    0x200009fc   Data          16  ctrl.o(.bss)
    f                                        0x20000a0c   Data          20  data_transfer.o(.bss)
    data_to_send                             0x20000a20   Data          50  data_transfer.o(.bss)
    RX_CH                                    0x20000a52   Data          16  data_transfer.o(.bss)
    hc_value                                 0x20000a94   Data          24  height_ctrl.o(.bss)
    h_acc_arg                                0x20000aac   Data          28  height_ctrl.o(.bss)
    h_speed_arg                              0x20000ac8   Data          28  height_ctrl.o(.bss)
    h_height_arg                             0x20000ae4   Data          28  height_ctrl.o(.bss)
    h_acc_val                                0x20000b00   Data          36  height_ctrl.o(.bss)
    h_speed_val                              0x20000b24   Data          36  height_ctrl.o(.bss)
    h_height_val                             0x20000b48   Data          36  height_ctrl.o(.bss)
    sensor_setup                             0x20000b6c   Data          64  parameter.o(.bss)
    pid_setup                                0x20000bac   Data         192  parameter.o(.bss)
    USBD_EP0Buf                              0x20002ce0   Data          64  usb_config.o(.bss)
    USBD_HID_InReport                        0x20002d20   Data          65  usb_config.o(.bss)
    USBD_HID_OutReport                       0x20002d61   Data          65  usb_config.o(.bss)
    stk_usb_msc_task                         0x20002da8   Data         600  usb_config.o(.bss)
    string_auth                              0x20003000   Data          29  version.o(.bss)
    string_auth_descriptor                   0x2000301d   Data          52  version.o(.bss)
    mpu6050                                  0x20005aa0   Data         128  mpu6050.o(.bss)
    mpu6050_buffer                           0x20005b20   Data          14  mpu6050.o(.bss)
    sum_temp                                 0x20005b30   Data          28  mpu6050.o(.bss)
    FILT_BUF                                 0x20005b4c   Data         154  mpu6050.o(.bss)
    mpu6050_tmp                              0x20005be8   Data          28  mpu6050.o(.bss)
    mpu_fil_tmp                              0x20005c04   Data          28  mpu6050.o(.bss)
    ms5611_prom                              0x20005c20   Data          16  ms5611.o(.bss)
    baro                                     0x20005c30   Data          20  ms5611.o(.bss)
    mo_av_baro                               0x20005c44   Data          20  ms5611.o(.bss)
    Rc_Pwm_In                                0x20005c58   Data          16  pwm_in.o(.bss)
    ultra                                    0x20005c68   Data          20  ultrasonic.o(.bss)
    TxBuffer                                 0x20005c7c   Data         256  usart.o(.bss)
    Rx_Buf                                   0x20005d7c   Data         256  usart.o(.bss)
    Tx5Buffer                                0x20005e7c   Data         256  usart.o(.bss)
    Tx4Buffer                                0x20005f7c   Data         256  usart.o(.bss)
    HID_IntInPacketData                      0x2000607c   Data          64  usbd_stm32f4xx_fs.o(.bss)
    IsoOutPacketDataPtr                      0x200060bc   Data          16  usbd_stm32f4xx_fs.o(.bss)
    InPacketDataCnt                          0x200060cc   Data          16  usbd_stm32f4xx_fs.o(.bss)
    IsoOutPacketDataCnt                      0x200060dc   Data          16  usbd_stm32f4xx_fs.o(.bss)
    CPU_Name                                 0x200060ec   Data          16  cpu_core.o(.bss)
    OSCfg_IdleTaskStk                        0x200060fc   Data         512  os_cfg_app.o(.bss)
    OSCfg_ISRStk                             0x200062fc   Data         400  os_cfg_app.o(.bss)
    OSCfg_MsgPool                            0x2000648c   Data        1600  os_cfg_app.o(.bss)
    OSCfg_StatTaskStk                        0x20006acc   Data         400  os_cfg_app.o(.bss)
    OSCfg_TickTaskStk                        0x20006c5c   Data         512  os_cfg_app.o(.bss)
    OSCfg_TmrTaskStk                         0x20006e5c   Data         512  os_cfg_app.o(.bss)
    OSIdleTaskTCB                            0x2000705c   Data         192  os_var.o(.bss)
    OSMsgPool                                0x2000711c   Data          12  os_var.o(.bss)
    OSRdyList                                0x20007128   Data         384  os_var.o(.bss)
    OSStatTaskTCB                            0x200072a8   Data         192  os_var.o(.bss)
    OSTickTaskTCB                            0x20007368   Data         192  os_var.o(.bss)
    OSTmrMutex                               0x20007428   Data          48  os_var.o(.bss)
    OSTmrTaskTCB                             0x20007458   Data         192  os_var.o(.bss)
    __libspace_start                         0x20007518   Data          96  libspace.o(.bss)
    __temporary_stack_top$libspace           0x20007578   Data           0  libspace.o(.bss)



==============================================================================

Memory Map of the image

  Image Entry point : 0x08000189

  Load Region LR_IROM1 (Base: 0x08000000, Size: 0x0000bc28, Max: 0x00080000, ABSOLUTE, COMPRESSED[0x0000b970])

    Execution Region ER_IROM1 (Base: 0x08000000, Size: 0x0000b914, Max: 0x00080000, ABSOLUTE)

    Base Addr    Size         Type   Attr      Idx    E Section Name        Object

    0x08000000   0x00000188   Data   RO          261    RESET               startup_stm32f40_41xxx.o
    0x08000188   0x00000008   Code   RO         7786  * !!!main             c_w.l(__main.o)
    0x08000190   0x00000034   Code   RO         8081    !!!scatter          c_w.l(__scatter.o)
    0x080001c4   0x0000005a   Code   RO         8079    !!dczerorl2         c_w.l(__dczerorl2.o)
    0x0800021e   0x00000002   PAD
    0x08000220   0x0000001c   Code   RO         8083    !!handler_zi        c_w.l(__scatter_zi.o)
    0x0800023c   0x00000002   Code   RO         7948    .ARM.Collect$$libinit$$00000000  c_w.l(libinit.o)
    0x0800023e   0x00000000   Code   RO         7960    .ARM.Collect$$libinit$$00000002  c_w.l(libinit2.o)
    0x0800023e   0x00000000   Code   RO         7962    .ARM.Collect$$libinit$$00000004  c_w.l(libinit2.o)
    0x0800023e   0x00000000   Code   RO         7965    .ARM.Collect$$libinit$$0000000A  c_w.l(libinit2.o)
    0x0800023e   0x00000000   Code   RO         7967    .ARM.Collect$$libinit$$0000000C  c_w.l(libinit2.o)
    0x0800023e   0x00000000   Code   RO         7969    .ARM.Collect$$libinit$$0000000E  c_w.l(libinit2.o)
    0x0800023e   0x00000000   Code   RO         7972    .ARM.Collect$$libinit$$00000011  c_w.l(libinit2.o)
    0x0800023e   0x00000000   Code   RO         7974    .ARM.Collect$$libinit$$00000013  c_w.l(libinit2.o)
    0x0800023e   0x00000000   Code   RO         7976    .ARM.Collect$$libinit$$00000015  c_w.l(libinit2.o)
    0x0800023e   0x00000000   Code   RO         7978    .ARM.Collect$$libinit$$00000017  c_w.l(libinit2.o)
    0x0800023e   0x00000000   Code   RO         7980    .ARM.Collect$$libinit$$00000019  c_w.l(libinit2.o)
    0x0800023e   0x00000000   Code   RO         7982    .ARM.Collect$$libinit$$0000001B  c_w.l(libinit2.o)
    0x0800023e   0x00000000   Code   RO         7984    .ARM.Collect$$libinit$$0000001D  c_w.l(libinit2.o)
    0x0800023e   0x00000000   Code   RO         7986    .ARM.Collect$$libinit$$0000001F  c_w.l(libinit2.o)
    0x0800023e   0x00000000   Code   RO         7988    .ARM.Collect$$libinit$$00000021  c_w.l(libinit2.o)
    0x0800023e   0x00000000   Code   RO         7990    .ARM.Collect$$libinit$$00000023  c_w.l(libinit2.o)
    0x0800023e   0x00000000   Code   RO         7992    .ARM.Collect$$libinit$$00000025  c_w.l(libinit2.o)
    0x0800023e   0x00000000   Code   RO         7996    .ARM.Collect$$libinit$$0000002C  c_w.l(libinit2.o)
    0x0800023e   0x00000000   Code   RO         7998    .ARM.Collect$$libinit$$0000002E  c_w.l(libinit2.o)
    0x0800023e   0x00000000   Code   RO         8000    .ARM.Collect$$libinit$$00000030  c_w.l(libinit2.o)
    0x0800023e   0x00000000   Code   RO         8002    .ARM.Collect$$libinit$$00000032  c_w.l(libinit2.o)
    0x0800023e   0x00000002   Code   RO         8003    .ARM.Collect$$libinit$$00000033  c_w.l(libinit2.o)
    0x08000240   0x00000002   Code   RO         8036    .ARM.Collect$$libshutdown$$00000000  c_w.l(libshutdown.o)
    0x08000242   0x00000000   Code   RO         8062    .ARM.Collect$$libshutdown$$00000002  c_w.l(libshutdown2.o)
    0x08000242   0x00000000   Code   RO         8064    .ARM.Collect$$libshutdown$$00000004  c_w.l(libshutdown2.o)
    0x08000242   0x00000000   Code   RO         8067    .ARM.Collect$$libshutdown$$00000007  c_w.l(libshutdown2.o)
    0x08000242   0x00000000   Code   RO         8070    .ARM.Collect$$libshutdown$$0000000A  c_w.l(libshutdown2.o)
    0x08000242   0x00000000   Code   RO         8072    .ARM.Collect$$libshutdown$$0000000C  c_w.l(libshutdown2.o)
    0x08000242   0x00000000   Code   RO         8075    .ARM.Collect$$libshutdown$$0000000F  c_w.l(libshutdown2.o)
    0x08000242   0x00000002   Code   RO         8076    .ARM.Collect$$libshutdown$$00000010  c_w.l(libshutdown2.o)
    0x08000244   0x00000000   Code   RO         7852    .ARM.Collect$$rtentry$$00000000  c_w.l(__rtentry.o)
    0x08000244   0x00000000   Code   RO         7907    .ARM.Collect$$rtentry$$00000002  c_w.l(__rtentry2.o)
    0x08000244   0x00000006   Code   RO         7919    .ARM.Collect$$rtentry$$00000004  c_w.l(__rtentry4.o)
    0x0800024a   0x00000000   Code   RO         7909    .ARM.Collect$$rtentry$$00000009  c_w.l(__rtentry2.o)
    0x0800024a   0x00000004   Code   RO         7910    .ARM.Collect$$rtentry$$0000000A  c_w.l(__rtentry2.o)
    0x0800024e   0x00000000   Code   RO         7912    .ARM.Collect$$rtentry$$0000000C  c_w.l(__rtentry2.o)
    0x0800024e   0x00000008   Code   RO         7913    .ARM.Collect$$rtentry$$0000000D  c_w.l(__rtentry2.o)
    0x08000256   0x00000002   Code   RO         7951    .ARM.Collect$$rtexit$$00000000  c_w.l(rtexit.o)
    0x08000258   0x00000000   Code   RO         8009    .ARM.Collect$$rtexit$$00000002  c_w.l(rtexit2.o)
    0x08000258   0x00000004   Code   RO         8010    .ARM.Collect$$rtexit$$00000003  c_w.l(rtexit2.o)
    0x0800025c   0x00000006   Code   RO         8011    .ARM.Collect$$rtexit$$00000004  c_w.l(rtexit2.o)
    0x08000262   0x00000002   PAD
    0x08000264   0x00000044   Code   RO          262    .text               startup_stm32f40_41xxx.o
    0x080002a8   0x00000034   Code   RO         6162    .text               cpu_a.o
    0x080002dc   0x0000003e   Code   RO         7778    .text               c_w.l(strlen.o)
    0x0800031a   0x00000006   Code   RO         7784    .text               c_w.l(heapauxi.o)
    0x08000320   0x00000008   Code   RO         7932    .text               c_w.l(libspace.o)
    0x08000328   0x0000004a   Code   RO         7935    .text               c_w.l(sys_stackheap_outer.o)
    0x08000372   0x00000012   Code   RO         7937    .text               c_w.l(exit.o)
    0x08000384   0x0000000c   Code   RO         8006    .text               c_w.l(sys_exit.o)
    0x08000390   0x00000002   Code   RO         8025    .text               c_w.l(use_no_semi.o)
    0x08000392   0x00000000   Code   RO         8027    .text               c_w.l(indicate_semi.o)
    0x08000392   0x00000002   PAD
    0x08000394   0x000000e4   Code   RO         7771    CODE                os_cpu_a.o
    0x08000478   0x00000016   Code   RO         2433    i.ANO_AK8975_Run    ak8975.o
    0x0800048e   0x00000002   PAD
    0x08000490   0x000006c4   Code   RO          476    i.ANO_DT_Data_Receive_Anl  data_transfer.o
    0x08000b54   0x000000e8   Code   RO          477    i.ANO_DT_Data_Receive_Prepare  data_transfer.o
    0x08000c3c   0x00000060   Code   RO          785    i.All_Init          init.o
    0x08000c9c   0x00000324   Code   RO          269    i.AnoOF_DataAnl     ano_of.o
    0x08000fc0   0x000000e8   Code   RO          270    i.AnoOF_GetOneByte  ano_of.o
    0x080010a8   0x00000012   Code   RO         2201    i.AppTaskCOM        task.o
    0x080010ba   0x00000002   PAD
    0x080010bc   0x000000e8   Code   RO         2202    i.AppTaskCreate     task.o
    0x080011a4   0x00000024   Code   RO         2203    i.AppTaskGUIUpdate  task.o
    0x080011c8   0x0000003c   Code   RO            4    i.AppTaskStart      main.o
    0x08001204   0x00000010   Code   RO         2204    i.AppTaskUserIF     task.o
    0x08001214   0x0000000e   Code   RO         2369    i.BSP_CPU_ClkFreq   bsp.o
    0x08001222   0x00000002   PAD
    0x08001224   0x0000001c   Code   RO         2370    i.BSP_Tick_Init     bsp.o
    0x08001240   0x00000004   Code   RO         1212    i.BusFault_Handler  stm32f4xx_it.o
    0x08001244   0x00000010   Code   RO         5944    i.CPU_Init          cpu_core.o
    0x08001254   0x00000084   Code   RO         5945    i.CPU_IntDisMeasInit  cpu_core.o
    0x080012d8   0x0000001c   Code   RO         5946    i.CPU_IntDisMeasMaxCalc  cpu_core.o
    0x080012f4   0x0000002c   Code   RO         5947    i.CPU_IntDisMeasMaxCurGet  cpu_core.o
    0x08001320   0x0000002c   Code   RO         5948    i.CPU_IntDisMeasMaxCurReset  cpu_core.o
    0x0800134c   0x0000002c   Code   RO         5949    i.CPU_IntDisMeasMaxGet  cpu_core.o
    0x08001378   0x00000034   Code   RO         5950    i.CPU_IntDisMeasStart  cpu_core.o
    0x080013ac   0x00000054   Code   RO         5951    i.CPU_IntDisMeasStop  cpu_core.o
    0x08001400   0x00000038   Code   RO         5952    i.CPU_NameClr       cpu_core.o
    0x08001438   0x00000008   Code   RO         5954    i.CPU_NameInit      cpu_core.o
    0x08001440   0x00000014   Code   RO         5959    i.CPU_TS_Init       cpu_core.o
    0x08001454   0x0000000c   Code   RO         5961    i.CPU_TS_TmrFreqSet  cpu_core.o
    0x08001460   0x00000034   Code   RO         2372    i.CPU_TS_TmrInit    bsp.o
    0x08001494   0x0000000c   Code   RO         2373    i.CPU_TS_TmrRd      bsp.o
    0x080014a0   0x00000020   Code   RO          413    i.Ctrl_Para_Init    ctrl.o
    0x080014c0   0x00000002   Code   RO         1213    i.DebugMon_Handler  stm32f4xx_it.o
    0x080014c2   0x00000018   Code   RO         3103    i.Delay_ms          time.o
    0x080014da   0x00000018   Code   RO         3104    i.Delay_us          time.o
    0x080014f2   0x00000002   PAD
    0x080014f4   0x00000014   Code   RO         1082    i.Feed_Rc_Dog       rc.o
    0x08001508   0x00000008   Code   RO         2506    i.Flash_GetInfo     drv_w25qxx.o
    0x08001510   0x00000180   Code   RO         2507    i.Flash_Init        drv_w25qxx.o
    0x08001690   0x00000054   Code   RO         2508    i.Flash_PageRead    drv_w25qxx.o
    0x080016e4   0x00000058   Code   RO         2509    i.Flash_PageWrite   drv_w25qxx.o
    0x0800173c   0x00000048   Code   RO         2510    i.Flash_ReadID      drv_w25qxx.o
    0x08001784   0x00000048   Code   RO         2511    i.Flash_SectorErase  drv_w25qxx.o
    0x080017cc   0x00000038   Code   RO         2512    i.Flash_SectorsRead  drv_w25qxx.o
    0x08001804   0x0000006c   Code   RO         2513    i.Flash_SectorsWrite  drv_w25qxx.o
    0x08001870   0x00000038   Code   RO         2514    i.Flash_SendByte    drv_w25qxx.o
    0x080018a8   0x00000038   Code   RO         2516    i.Flash_WaitForEnd  drv_w25qxx.o
    0x080018e0   0x00000024   Code   RO         2518    i.Flash_WriteEnable  drv_w25qxx.o
    0x08001904   0x00000090   Code   RO         4227    i.GPIO_Init         stm32f4xx_gpio.o
    0x08001994   0x00000046   Code   RO         4228    i.GPIO_PinAFConfig  stm32f4xx_gpio.o
    0x080019da   0x00000004   Code   RO         4235    i.GPIO_SetBits      stm32f4xx_gpio.o
    0x080019de   0x0000000a   Code   RO         4239    i.GPIO_WriteBit     stm32f4xx_gpio.o
    0x080019e8   0x00000034   Code   RO         3105    i.GetSysTime_us     time.o
    0x08001a1c   0x00000034   Code   RO         2605    i.I2c_Soft_Ask      i2c_soft.o
    0x08001a50   0x00000034   Code   RO         2606    i.I2c_Soft_Init     i2c_soft.o
    0x08001a84   0x00000034   Code   RO         2607    i.I2c_Soft_NoAsk    i2c_soft.o
    0x08001ab8   0x00000060   Code   RO         2608    i.I2c_Soft_ReadByte  i2c_soft.o
    0x08001b18   0x00000054   Code   RO         2609    i.I2c_Soft_SendByte  i2c_soft.o
    0x08001b6c   0x00000058   Code   RO         2610    i.I2c_Soft_Start    i2c_soft.o
    0x08001bc4   0x00000034   Code   RO         2611    i.I2c_Soft_Stop     i2c_soft.o
    0x08001bf8   0x00000058   Code   RO         2612    i.I2c_Soft_WaitAsk  i2c_soft.o
    0x08001c50   0x00000030   Code   RO         2613    i.I2c_Soft_delay    i2c_soft.o
    0x08001c80   0x0000006c   Code   RO         2615    i.IIC_Read_nByte    i2c_soft.o
    0x08001cec   0x0000003e   Code   RO         2616    i.IIC_Write_1Byte   i2c_soft.o
    0x08001d2a   0x00000002   PAD
    0x08001d2c   0x00000054   Code   RO         2811    i.IICwriteBit       mpu6050.o
    0x08001d80   0x00000066   Code   RO         2812    i.IICwriteBits      mpu6050.o
    0x08001de6   0x00000002   PAD
    0x08001de8   0x00000090   Code   RO         2709    i.LED_Init          led.o
    0x08001e78   0x00000038   Code   RO         2710    i.LED_MPU_Err       led.o
    0x08001eb0   0x0000003c   Code   RO         2815    i.MPU6050_INT_Config  mpu6050.o
    0x08001eec   0x000000c6   Code   RO         2816    i.MPU6050_Init      mpu6050.o
    0x08001fb2   0x00000014   Code   RO         2818    i.MPU6050_setClockSource  mpu6050.o
    0x08001fc6   0x00000014   Code   RO         2819    i.MPU6050_setDLPF   mpu6050.o
    0x08001fda   0x00000024   Code   RO         2820    i.MPU6050_setFullScaleAccelRange  mpu6050.o
    0x08001ffe   0x00000024   Code   RO         2821    i.MPU6050_setFullScaleGyroRange  mpu6050.o
    0x08002022   0x00000012   Code   RO         2822    i.MPU6050_setI2CBypassEnabled  mpu6050.o
    0x08002034   0x00000012   Code   RO         2823    i.MPU6050_setI2CMasterModeEnabled  mpu6050.o
    0x08002046   0x00000012   Code   RO         2824    i.MPU6050_setSleepEnabled  mpu6050.o
    0x08002058   0x0000001c   Code   RO         2825    i.MPU6050_set_SMPLRT_DIV  mpu6050.o
    0x08002074   0x0000002c   Code   RO         2938    i.MS5611_Init       ms5611.o
    0x080020a0   0x0000004c   Code   RO         2941    i.MS5611_Read_Prom  ms5611.o
    0x080020ec   0x0000000e   Code   RO         2942    i.MS5611_Reset      ms5611.o
    0x080020fa   0x0000000e   Code   RO         2944    i.MS5611_Start_T    ms5611.o
    0x08002108   0x00000004   Code   RO         1214    i.MemManage_Handler  stm32f4xx_it.o
    0x0800210c   0x00000012   Code   RO         6306    i.Mem_Clr           lib_mem.o
    0x0800211e   0x00000054   Code   RO         6333    i.Mem_Set           lib_mem.o
    0x08002172   0x00000002   Code   RO         1215    i.NMI_Handler       stm32f4xx_it.o
    0x08002174   0x0000000c   Code   RO         2374    i.NVIC_Configuration  bsp.o
    0x08002180   0x00000078   Code   RO         3488    i.NVIC_Init         misc.o
    0x080021f8   0x00000014   Code   RO         3489    i.NVIC_PriorityGroupConfig  misc.o
    0x0800220c   0x00000002   Code   RO         6638    i.OSCfg_Init        os_cfg_app.o
    0x0800220e   0x00000002   PAD
    0x08002210   0x00000014   Code   RO         7686    i.OSIdleTaskHook    os_cpu_c.o
    0x08002224   0x0000014c   Code   RO         6672    i.OSInit            os_core.o
    0x08002370   0x00000028   Code   RO         7687    i.OSInitHook        os_cpu_c.o
    0x08002398   0x000000dc   Code   RO         6674    i.OSIntExit         os_core.o
    0x08002474   0x0000006c   Code   RO         7045    i.OSMutexCreate     os_mutex.o
    0x080024e0   0x000001ec   Code   RO         7046    i.OSMutexPend       os_mutex.o
    0x080026cc   0x0000017c   Code   RO         7047    i.OSMutexPost       os_mutex.o
    0x08002848   0x000000a4   Code   RO         6675    i.OSSched           os_core.o
    0x080028ec   0x00000064   Code   RO         6676    i.OSSchedLock       os_core.o
    0x08002950   0x00000088   Code   RO         6677    i.OSSchedUnlock     os_core.o
    0x080029d8   0x00000068   Code   RO         6678    i.OSStart           os_core.o
    0x08002a40   0x00000148   Code   RO         7316    i.OSStatReset       os_stat.o
    0x08002b88   0x00000100   Code   RO         7317    i.OSStatTaskCPUUsageInit  os_stat.o
    0x08002c88   0x00000014   Code   RO         7688    i.OSStatTaskHook    os_cpu_c.o
    0x08002c9c   0x00000144   Code   RO         7347    i.OSTaskCreate      os_task.o
    0x08002de0   0x00000018   Code   RO         7689    i.OSTaskCreateHook  os_cpu_c.o
    0x08002df8   0x00000036   Code   RO         7354    i.OSTaskResume      os_task.o
    0x08002e2e   0x00000002   PAD
    0x08002e30   0x00000018   Code   RO         7691    i.OSTaskReturnHook  os_cpu_c.o
    0x08002e48   0x000001c8   Code   RO         7355    i.OSTaskSemPend     os_task.o
    0x08003010   0x00000024   Code   RO         7357    i.OSTaskSemPost     os_task.o
    0x08003034   0x000000bc   Code   RO         7359    i.OSTaskStkChk      os_task.o
    0x080030f0   0x000000c4   Code   RO         7692    i.OSTaskStkInit     os_cpu_c.o
    0x080031b4   0x00000024   Code   RO         7360    i.OSTaskSuspend     os_task.o
    0x080031d8   0x0000007c   Code   RO         7693    i.OSTaskSwHook      os_cpu_c.o
    0x08003254   0x000000b0   Code   RO         7548    i.OSTimeDly         os_time.o
    0x08003304   0x00000044   Code   RO         7552    i.OSTimeTick        os_time.o
    0x08003348   0x00000014   Code   RO         7694    i.OSTimeTickHook    os_cpu_c.o
    0x0800335c   0x00000040   Code   RO         7695    i.OS_CPU_SysTickHandler  os_cpu_c.o
    0x0800339c   0x00000030   Code   RO         7696    i.OS_CPU_SysTickInit  os_cpu_c.o
    0x080033cc   0x000001a8   Code   RO         6880    i.OS_Dbg_Init       os_dbg.o
    0x08003574   0x00000018   Code   RO         6903    i.OS_FlagInit       os_flag.o
    0x0800358c   0x0000004c   Code   RO         6680    i.OS_IdleTask       os_core.o
    0x080035d8   0x00000070   Code   RO         6681    i.OS_IdleTaskInit   os_core.o
    0x08003648   0x00000018   Code   RO         6977    i.OS_MemInit        os_mem.o
    0x08003660   0x0000005c   Code   RO         7009    i.OS_MsgPoolInit    os_msg.o
    0x080036bc   0x0000000e   Code   RO         7012    i.OS_MsgQInit       os_msg.o
    0x080036ca   0x00000002   PAD
    0x080036cc   0x00000030   Code   RO         7049    i.OS_MutexDbgListAdd  os_mutex.o
    0x080036fc   0x00000008   Code   RO         7051    i.OS_MutexGrpAdd    os_mutex.o
    0x08003704   0x0000002c   Code   RO         7053    i.OS_MutexGrpPrioFindHighest  os_mutex.o
    0x08003730   0x0000001c   Code   RO         7054    i.OS_MutexGrpRemove  os_mutex.o
    0x0800374c   0x00000018   Code   RO         7055    i.OS_MutexInit      os_mutex.o
    0x08003764   0x00000068   Code   RO         6682    i.OS_Pend           os_core.o
    0x080037cc   0x00000028   Code   RO         6685    i.OS_PendDataInit   os_core.o
    0x080037f4   0x0000005c   Code   RO         6686    i.OS_PendDbgNameAdd  os_core.o
    0x08003850   0x00000024   Code   RO         6687    i.OS_PendDbgNameRemove  os_core.o
    0x08003874   0x0000003a   Code   RO         6688    i.OS_PendListChangePrio  os_core.o
    0x080038ae   0x0000000a   Code   RO         6689    i.OS_PendListInit   os_core.o
    0x080038b8   0x00000066   Code   RO         6691    i.OS_PendListInsertPrio  os_core.o
    0x0800391e   0x00000034   Code   RO         6692    i.OS_PendListRemove  os_core.o
    0x08003952   0x00000042   Code   RO         6693    i.OS_PendListRemove1  os_core.o
    0x08003994   0x000000d6   Code   RO         6696    i.OS_Post           os_core.o
    0x08003a6a   0x0000002c   Code   RO         6697    i.OS_Post1          os_core.o
    0x08003a96   0x00000002   PAD
    0x08003a98   0x00000028   Code   RO         7147    i.OS_PrioGetHighest  os_prio.o
    0x08003ac0   0x00000018   Code   RO         7148    i.OS_PrioInit       os_prio.o
    0x08003ad8   0x00000024   Code   RO         7149    i.OS_PrioInsert     os_prio.o
    0x08003afc   0x00000024   Code   RO         7150    i.OS_PrioRemove     os_prio.o
    0x08003b20   0x00000018   Code   RO         7191    i.OS_QInit          os_q.o
    0x08003b38   0x00000024   Code   RO         6698    i.OS_RdyListInit    os_core.o
    0x08003b5c   0x0000002c   Code   RO         6699    i.OS_RdyListInsert  os_core.o
    0x08003b88   0x00000040   Code   RO         6700    i.OS_RdyListInsertHead  os_core.o
    0x08003bc8   0x0000003c   Code   RO         6701    i.OS_RdyListInsertTail  os_core.o
    0x08003c04   0x0000005c   Code   RO         6703    i.OS_RdyListRemove  os_core.o
    0x08003c60   0x00000018   Code   RO         7253    i.OS_SemInit        os_sem.o
    0x08003c78   0x00000324   Code   RO         7318    i.OS_StatTask       os_stat.o
    0x08003f9c   0x000000cc   Code   RO         7319    i.OS_StatTaskInit   os_stat.o
    0x08004068   0x0000002c   Code   RO         6704    i.OS_TaskBlock      os_core.o
    0x08004094   0x000000ec   Code   RO         7361    i.OS_TaskChangePrio  os_task.o
    0x08004180   0x00000030   Code   RO         7362    i.OS_TaskDbgListAdd  os_task.o
    0x080041b0   0x00000020   Code   RO         7364    i.OS_TaskInit       os_task.o
    0x080041d0   0x000000c4   Code   RO         7365    i.OS_TaskInitTCB    os_task.o
    0x08004294   0x0000011c   Code   RO         7367    i.OS_TaskResume     os_task.o
    0x080043b0   0x00000024   Code   RO         7368    i.OS_TaskReturn     os_task.o
    0x080043d4   0x000001f0   Code   RO         7369    i.OS_TaskSemPost    os_task.o
    0x080045c4   0x00000138   Code   RO         7370    i.OS_TaskSuspend    os_task.o
    0x080046fc   0x00000086   Code   RO         7502    i.OS_TickListInsert  os_tick.o
    0x08004782   0x00000002   PAD
    0x08004784   0x000000bc   Code   RO         7503    i.OS_TickListInsertDly  os_tick.o
    0x08004840   0x00000058   Code   RO         7504    i.OS_TickListRemove  os_tick.o
    0x08004898   0x000000a0   Code   RO         7505    i.OS_TickListUpdateDly  os_tick.o
    0x08004938   0x0000011c   Code   RO         7506    i.OS_TickListUpdateTimeout  os_tick.o
    0x08004a54   0x0000006c   Code   RO         7507    i.OS_TickTask       os_tick.o
    0x08004ac0   0x000000c8   Code   RO         7508    i.OS_TickTaskInit   os_tick.o
    0x08004b88   0x00000134   Code   RO         7593    i.OS_TmrInit        os_tmr.o
    0x08004cbc   0x00000018   Code   RO         7594    i.OS_TmrLock        os_tmr.o
    0x08004cd4   0x00000094   Code   RO         7595    i.OS_TmrTask        os_tmr.o
    0x08004d68   0x00000044   Code   RO         7596    i.OS_TmrUnlink      os_tmr.o
    0x08004dac   0x00000014   Code   RO         7597    i.OS_TmrUnlock      os_tmr.o
    0x08004dc0   0x00000668   Code   RO         3319    i.OTG_FS_IRQHandler  usbd_stm32f4xx_fs.o
    0x08005428   0x0000000c   Code   RO          934    i.PID_Para_Init     parameter.o
    0x08005434   0x000002d0   Code   RO         3020    i.PWM_IN_Init       pwm_in.o
    0x08005704   0x000002e4   Code   RO         3064    i.PWM_Out_Init      pwm_out.o
    0x080059e8   0x00000024   Code   RO          935    i.Para_Init         parameter.o
    0x08005a0c   0x00000138   Code   RO          936    i.Para_ReadSettingFromFile  parameter.o
    0x08005b44   0x000000e8   Code   RO          937    i.Para_ResetToFactorySetup  parameter.o
    0x08005c2c   0x00000134   Code   RO          938    i.Para_WriteSettingToFile  parameter.o
    0x08005d60   0x000000c8   Code   RO          944    i.Param_SetSettingToFC  parameter.o
    0x08005e28   0x00000020   Code   RO         4634    i.RCC_AHB1PeriphClockCmd  stm32f4xx_rcc.o
    0x08005e48   0x00000020   Code   RO         4643    i.RCC_APB1PeriphClockCmd  stm32f4xx_rcc.o
    0x08005e68   0x00000020   Code   RO         4645    i.RCC_APB1PeriphResetCmd  stm32f4xx_rcc.o
    0x08005e88   0x00000020   Code   RO         4646    i.RCC_APB2PeriphClockCmd  stm32f4xx_rcc.o
    0x08005ea8   0x00000020   Code   RO         4648    i.RCC_APB2PeriphResetCmd  stm32f4xx_rcc.o
    0x08005ec8   0x000000e8   Code   RO         4655    i.RCC_GetClocksFreq  stm32f4xx_rcc.o
    0x08005fb0   0x00000018   Code   RO         5736    i.SPI_Cmd           stm32f4xx_spi.o
    0x08005fc8   0x00000058   Code   RO         5743    i.SPI_I2S_DeInit    stm32f4xx_spi.o
    0x08006020   0x00000012   Code   RO         5744    i.SPI_I2S_GetFlagStatus  stm32f4xx_spi.o
    0x08006032   0x00000006   Code   RO         5747    i.SPI_I2S_ReceiveData  stm32f4xx_spi.o
    0x08006038   0x00000004   Code   RO         5748    i.SPI_I2S_SendData  stm32f4xx_spi.o
    0x0800603c   0x0000003c   Code   RO         5749    i.SPI_Init          stm32f4xx_spi.o
    0x08006078   0x00000002   Code   RO         1216    i.SVC_Handler       stm32f4xx_it.o
    0x0800607a   0x0000003a   Code   RO         4972    i.TI1_Config        stm32f4xx_tim.o
    0x080060b4   0x00000050   Code   RO         4973    i.TI2_Config        stm32f4xx_tim.o
    0x08006104   0x00000048   Code   RO         4974    i.TI3_Config        stm32f4xx_tim.o
    0x0800614c   0x00000050   Code   RO         4975    i.TI4_Config        stm32f4xx_tim.o
    0x0800619c   0x00000008   Code   RO         1218    i.TIM3_IRQHandler   stm32f4xx_it.o
    0x080061a4   0x00000008   Code   RO         1219    i.TIM4_IRQHandler   stm32f4xx_it.o
    0x080061ac   0x00000018   Code   RO         4976    i.TIM_ARRPreloadConfig  stm32f4xx_tim.o
    0x080061c4   0x00000018   Code   RO         4988    i.TIM_Cmd           stm32f4xx_tim.o
    0x080061dc   0x0000001e   Code   RO         4990    i.TIM_CtrlPWMOutputs  stm32f4xx_tim.o
    0x080061fa   0x00000006   Code   RO         5003    i.TIM_GetCapture1   stm32f4xx_tim.o
    0x08006200   0x00000006   Code   RO         5004    i.TIM_GetCapture2   stm32f4xx_tim.o
    0x08006206   0x00000006   Code   RO         5005    i.TIM_GetCapture3   stm32f4xx_tim.o
    0x0800620c   0x00000006   Code   RO         5006    i.TIM_GetCapture4   stm32f4xx_tim.o
    0x08006212   0x0000006e   Code   RO         5011    i.TIM_ICInit        stm32f4xx_tim.o
    0x08006280   0x00000012   Code   RO         5013    i.TIM_ITConfig      stm32f4xx_tim.o
    0x08006292   0x00000002   PAD
    0x08006294   0x0000007c   Code   RO         5017    i.TIM_OC1Init       stm32f4xx_tim.o
    0x08006310   0x000000a4   Code   RO         5022    i.TIM_OC2Init       stm32f4xx_tim.o
    0x080063b4   0x000000a0   Code   RO         5027    i.TIM_OC3Init       stm32f4xx_tim.o
    0x08006454   0x00000012   Code   RO         5030    i.TIM_OC3PreloadConfig  stm32f4xx_tim.o
    0x08006466   0x00000002   PAD
    0x08006468   0x00000078   Code   RO         5032    i.TIM_OC4Init       stm32f4xx_tim.o
    0x080064e0   0x0000001a   Code   RO         5034    i.TIM_OC4PreloadConfig  stm32f4xx_tim.o
    0x080064fa   0x00000014   Code   RO         5035    i.TIM_OCStructInit  stm32f4xx_tim.o
    0x0800650e   0x00000012   Code   RO         5055    i.TIM_SetIC1Prescaler  stm32f4xx_tim.o
    0x08006520   0x0000001a   Code   RO         5056    i.TIM_SetIC2Prescaler  stm32f4xx_tim.o
    0x0800653a   0x00000012   Code   RO         5057    i.TIM_SetIC3Prescaler  stm32f4xx_tim.o
    0x0800654c   0x0000001a   Code   RO         5058    i.TIM_SetIC4Prescaler  stm32f4xx_tim.o
    0x08006566   0x00000002   PAD
    0x08006568   0x00000084   Code   RO         5060    i.TIM_TimeBaseInit  stm32f4xx_tim.o
    0x080065ec   0x00000012   Code   RO         5061    i.TIM_TimeBaseStructInit  stm32f4xx_tim.o
    0x080065fe   0x00000008   Code   RO         1220    i.UART4_IRQHandler  stm32f4xx_it.o
    0x08006606   0x00000008   Code   RO         1221    i.UART5_IRQHandler  stm32f4xx_it.o
    0x0800660e   0x00000008   Code   RO         1222    i.USART2_IRQHandler  stm32f4xx_it.o
    0x08006616   0x0000001e   Code   RO         5539    i.USART_ClearITPendingBit  stm32f4xx_usart.o
    0x08006634   0x00000020   Code   RO         5540    i.USART_ClockInit   stm32f4xx_usart.o
    0x08006654   0x00000018   Code   RO         5542    i.USART_Cmd         stm32f4xx_usart.o
    0x0800666c   0x00000054   Code   RO         5546    i.USART_GetITStatus  stm32f4xx_usart.o
    0x080066c0   0x0000004a   Code   RO         5548    i.USART_ITConfig    stm32f4xx_usart.o
    0x0800670a   0x00000002   PAD
    0x0800670c   0x000000d4   Code   RO         5549    i.USART_Init        stm32f4xx_usart.o
    0x080067e0   0x000000b4   Code   RO         3321    i.USBD_ClrStallEP   usbd_stm32f4xx_fs.o
    0x08006894   0x000000c8   Code   RO         3322    i.USBD_ConfigEP     usbd_stm32f4xx_fs.o
    0x0800695c   0x00000014   Code   RO         3323    i.USBD_Configure    usbd_stm32f4xx_fs.o
    0x08006970   0x00000004   Code   RO         1299    i.USBD_Configure_Event  usb_config.o
    0x08006974   0x00000044   Code   RO         3324    i.USBD_Connect      usbd_stm32f4xx_fs.o
    0x080069b8   0x00000050   Code   RO         1926    i.USBD_DataInStage  usbd_core.o
    0x08006a08   0x00000028   Code   RO         1927    i.USBD_DataOutStage  usbd_core.o
    0x08006a30   0x00000002   Code   RO         3325    i.USBD_DirCtrlEP    usbd_stm32f4xx_fs.o
    0x08006a32   0x00000002   PAD
    0x08006a34   0x000001a0   Code   RO         3326    i.USBD_DisableEP    usbd_stm32f4xx_fs.o
    0x08006bd4   0x000000d4   Code   RO         3327    i.USBD_EnableEP     usbd_stm32f4xx_fs.o
    0x08006ca8   0x00000284   Code   RO         1928    i.USBD_EndPoint0    usbd_core.o
    0x08006f2c   0x00000004   Code   RO         1302    i.USBD_EndPoint0_Out_CDC_ReqToIF  usb_config.o
    0x08006f30   0x00000034   Code   RO         2063    i.USBD_EndPoint0_Out_HID_ReqToIF  usbd_core_hid.o
    0x08006f64   0x00000004   Code   RO         1309    i.USBD_EndPoint0_Setup_CDC_ReqToIF  usb_config.o
    0x08006f68   0x000000e4   Code   RO         2064    i.USBD_EndPoint0_Setup_HID_ReqToIF  usbd_core_hid.o
    0x0800704c   0x00000004   Code   RO         1313    i.USBD_EndPoint0_Setup_MSC_ReqToIF  usb_config.o
    0x08007050   0x0000003c   Code   RO         3328    i.USBD_FlushInEpFifo  usbd_stm32f4xx_fs.o
    0x0800708c   0x00000010   Code   RO         3329    i.USBD_GetFrame     usbd_stm32f4xx_fs.o
    0x0800709c   0x0000005c   Code   RO         2087    i.USBD_HID_Configure_Event  usbd_hid.o
    0x080070f8   0x000001d0   Code   RO         2088    i.USBD_HID_EP_INTIN_Event  usbd_hid.o
    0x080072c8   0x000000b0   Code   RO         2089    i.USBD_HID_EP_INTOUT_Event  usbd_hid.o
    0x08007378   0x0000001e   Code   RO         2090    i.USBD_HID_EP_INT_Event  usbd_hid.o
    0x08007396   0x00000002   PAD
    0x08007398   0x0000001c   Code   RO         2091    i.USBD_HID_GetIdle  usbd_hid.o
    0x080073b4   0x00000014   Code   RO         2092    i.USBD_HID_GetProtocol  usbd_hid.o
    0x080073c8   0x00000044   Code   RO         2093    i.USBD_HID_GetReport  usbd_hid.o
    0x0800740c   0x00000178   Code   RO         2094    i.USBD_HID_SOF_Event  usbd_hid.o
    0x08007584   0x0000003c   Code   RO         2095    i.USBD_HID_SetIdle  usbd_hid.o
    0x080075c0   0x00000014   Code   RO         2096    i.USBD_HID_SetProtocol  usbd_hid.o
    0x080075d4   0x00000048   Code   RO         2097    i.USBD_HID_SetReport  usbd_hid.o
    0x0800761c   0x000001e4   Code   RO         3330    i.USBD_Init         usbd_stm32f4xx_fs.o
    0x08007800   0x0000001a   Code   RO         3331    i.USBD_IntrEna      usbd_stm32f4xx_fs.o
    0x0800781a   0x00000002   Code   RO         1314    i.USBD_RTX_TaskInit  usb_config.o
    0x0800781c   0x000000e0   Code   RO         3332    i.USBD_ReadEP       usbd_stm32f4xx_fs.o
    0x080078fc   0x00000002   Code   RO         1315    i.USBD_ReqClrFeature_MSC  usb_config.o
    0x080078fe   0x00000002   PAD
    0x08007900   0x00000028   Code   RO         1929    i.USBD_ReqGetConfiguration  usbd_core.o
    0x08007928   0x000001cc   Code   RO         1930    i.USBD_ReqGetDescriptor  usbd_core.o
    0x08007af4   0x000000ac   Code   RO         2065    i.USBD_ReqGetDescriptor_HID  usbd_core_hid.o
    0x08007ba0   0x00000050   Code   RO         1931    i.USBD_ReqGetInterface  usbd_core.o
    0x08007bf0   0x000000c0   Code   RO         1932    i.USBD_ReqGetStatus  usbd_core.o
    0x08007cb0   0x000000f0   Code   RO         1933    i.USBD_ReqSetClrFeature  usbd_core.o
    0x08007da0   0x000001e4   Code   RO         1934    i.USBD_ReqSetConfiguration  usbd_core.o
    0x08007f84   0x00000158   Code   RO         1935    i.USBD_ReqSetInterface  usbd_core.o
    0x080080dc   0x000000dc   Code   RO         3333    i.USBD_Reset        usbd_stm32f4xx_fs.o
    0x080081b8   0x000000c0   Code   RO         3334    i.USBD_ResetEP      usbd_stm32f4xx_fs.o
    0x08008278   0x00000002   Code   RO         3335    i.USBD_Resume       usbd_stm32f4xx_fs.o
    0x0800827a   0x00000004   Code   RO         1316    i.USBD_SOF_Event    usb_config.o
    0x0800827e   0x00000002   PAD
    0x08008280   0x00000018   Code   RO         3336    i.USBD_SetAddress   usbd_stm32f4xx_fs.o
    0x08008298   0x000000f8   Code   RO         3337    i.USBD_SetStallEP   usbd_stm32f4xx_fs.o
    0x08008390   0x00000010   Code   RO         1936    i.USBD_SetupStage   usbd_core.o
    0x080083a0   0x0000000e   Code   RO         1937    i.USBD_StatusInStage  usbd_core.o
    0x080083ae   0x00000002   PAD
    0x080083b0   0x00000010   Code   RO         1938    i.USBD_StatusOutStage  usbd_core.o
    0x080083c0   0x00000002   Code   RO         3338    i.USBD_Suspend      usbd_stm32f4xx_fs.o
    0x080083c2   0x00000002   Code   RO         3340    i.USBD_WakeUpCfg    usbd_stm32f4xx_fs.o
    0x080083c4   0x00000178   Code   RO         3341    i.USBD_WriteEP      usbd_stm32f4xx_fs.o
    0x0800853c   0x00000078   Code   RO         3234    i.Uart4_IRQ         usart.o
    0x080085b4   0x000000cc   Code   RO         3235    i.Uart4_Init        usart.o
    0x08008680   0x00000070   Code   RO         3236    i.Uart5_IRQ         usart.o
    0x080086f0   0x000000dc   Code   RO         3237    i.Uart5_Init        usart.o
    0x080087cc   0x00000094   Code   RO         3192    i.Ultra_Get         ultrasonic.o
    0x08008860   0x0000000c   Code   RO         3193    i.Ultrasonic_Init   ultrasonic.o
    0x0800886c   0x00000004   Code   RO         1223    i.UsageFault_Handler  stm32f4xx_it.o
    0x08008870   0x00000088   Code   RO         3239    i.Usart2_IRQ        usart.o
    0x080088f8   0x000000f0   Code   RO         3240    i.Usart2_Init       usart.o
    0x080089e8   0x0000000e   Code   RO         1503    i.Usb_Hid_Init      usbd_user_hid.o
    0x080089f6   0x00000002   PAD
    0x080089f8   0x000001f4   Code   RO         3021    i._TIM3_IRQHandler  pwm_in.o
    0x08008bec   0x000001f0   Code   RO         3022    i._TIM4_IRQHandler  pwm_in.o
    0x08008ddc   0x00000008   Code   RO         2375    i.bsp_Init          bsp.o
    0x08008de4   0x00000090   Code   RO         1589    i.check_fs          ff.o
    0x08008e74   0x00000014   Code   RO         1590    i.chk_chr           ff.o
    0x08008e88   0x00000038   Code   RO         1591    i.clmt_clust        ff.o
    0x08008ec0   0x0000001a   Code   RO         1592    i.clust2sect        ff.o
    0x08008eda   0x000000d6   Code   RO         1593    i.create_chain      ff.o
    0x08008fb0   0x00000160   Code   RO         1594    i.create_name       ff.o
    0x08009110   0x0000005c   Code   RO         1595    i.dir_alloc         ff.o
    0x0800916c   0x0000005c   Code   RO         1596    i.dir_find          ff.o
    0x080091c8   0x0000013a   Code   RO         1597    i.dir_next          ff.o
    0x08009302   0x0000003a   Code   RO         1599    i.dir_register      ff.o
    0x0800933c   0x000000c8   Code   RO         1601    i.dir_sdi           ff.o
    0x08009404   0x00000028   Code   RO         1869    i.disk_initialize   diskio.o
    0x0800942c   0x00000040   Code   RO         1870    i.disk_ioctl        diskio.o
    0x0800946c   0x0000003c   Code   RO         1871    i.disk_read         diskio.o
    0x080094a8   0x0000001c   Code   RO         1872    i.disk_status       diskio.o
    0x080094c4   0x0000003c   Code   RO         1873    i.disk_write        diskio.o
    0x08009500   0x00000020   Code   RO         1603    i.f_close           ff.o
    0x08009520   0x00000684   Code   RO         1608    i.f_mkfs            ff.o
    0x08009ba4   0x0000005c   Code   RO         1609    i.f_mount           ff.o
    0x08009c00   0x00000164   Code   RO         1610    i.f_open            ff.o
    0x08009d64   0x0000006e   Code   RO         1611    i.f_opendir         ff.o
    0x08009dd2   0x000001e2   Code   RO         1612    i.f_read            ff.o
    0x08009fb4   0x000000b0   Code   RO         1616    i.f_sync            ff.o
    0x0800a064   0x0000021c   Code   RO         1620    i.f_write           ff.o
    0x0800a280   0x000003d8   Code   RO         1621    i.find_volume       ff.o
    0x0800a658   0x00000090   Code   RO         1622    i.follow_path       ff.o
    0x0800a6e8   0x0000013e   Code   RO         1623    i.get_fat           ff.o
    0x0800a826   0x00000004   Code   RO         1874    i.get_fattime       diskio.o
    0x0800a82a   0x0000004a   Code   RO         1625    i.get_ldnumber      ff.o
    0x0800a874   0x00000018   Code   RO         1558    i.get_len_string_interface  version.o
    0x0800a88c   0x00000008   Code   RO         1559    i.get_uid_string_interface  version.o
    0x0800a894   0x000000cc   Code   RO          706    i.h_pid_init        height_ctrl.o
    0x0800a960   0x00000020   Code   RO         1626    i.ld_clust          ff.o
    0x0800a980   0x00000064   Code   RO            5    i.main              main.o
    0x0800a9e4   0x00000026   Code   RO         1627    i.mem_cmp           ff.o
    0x0800aa0a   0x0000001a   Code   RO         1628    i.mem_cpy           ff.o
    0x0800aa24   0x00000014   Code   RO         1629    i.mem_set           ff.o
    0x0800aa38   0x00000034   Code   RO         1630    i.move_window       ff.o
    0x0800aa6c   0x00000188   Code   RO         1631    i.put_fat           ff.o
    0x0800abf4   0x0000006c   Code   RO         1632    i.remove_chain      ff.o
    0x0800ac60   0x00000010   Code   RO         1633    i.st_clust          ff.o
    0x0800ac70   0x000000c8   Code   RO         1634    i.sync_fs           ff.o
    0x0800ad38   0x00000052   Code   RO         1635    i.sync_window       ff.o
    0x0800ad8a   0x00000004   Code   RO         1317    i.usbd_class_init   usb_config.o
    0x0800ad8e   0x0000000c   Code   RO         1940    i.usbd_connect      usbd_core.o
    0x0800ad9a   0x00000004   Code   RO         2098    i.usbd_hid_get_protocol  usbd_hid.o
    0x0800ad9e   0x00000036   Code   RO         1505    i.usbd_hid_get_report  usbd_user_hid.o
    0x0800add4   0x00000002   Code   RO         2101    i.usbd_hid_init     usbd_hid.o
    0x0800add6   0x00000002   Code   RO         2102    i.usbd_hid_set_protocol  usbd_hid.o
    0x0800add8   0x00000036   Code   RO         1506    i.usbd_hid_set_report  usbd_user_hid.o
    0x0800ae0e   0x00000002   PAD
    0x0800ae10   0x0000001c   Code   RO         1941    i.usbd_init         usbd_core.o
    0x0800ae2c   0x00000044   Code   RO         1942    i.usbd_reset_core   usbd_core.o
    0x0800ae70   0x00000030   Code   RO         3342    i.usbd_stm32_delay  usbd_stm32f4xx_fs.o
    0x0800aea0   0x00000036   Code   RO         1636    i.validate          ff.o
    0x0800aed6   0x00000002   PAD
    0x0800aed8   0x00000062   Code   RO         7788    x$fpl$d2f           fz_ws.l(d2f.o)
    0x0800af3a   0x0000002e   Code   RO         7797    x$fpl$dflt          fz_ws.l(dflt_clz.o)
    0x0800af68   0x00000154   Code   RO         7804    x$fpl$dmul          fz_ws.l(dmul.o)
    0x0800b0bc   0x0000009c   Code   RO         7867    x$fpl$dnaninf       fz_ws.l(dnaninf.o)
    0x0800b158   0x0000000c   Code   RO         7869    x$fpl$dretinf       fz_ws.l(dretinf.o)
    0x0800b164   0x000000c4   Code   RO         7810    x$fpl$fadd          fz_ws.l(faddsub_clz.o)
    0x0800b228   0x0000003e   Code   RO         7826    x$fpl$ffixu         fz_ws.l(ffixu.o)
    0x0800b266   0x00000002   PAD
    0x0800b268   0x00000030   Code   RO         7831    x$fpl$fflt          fz_ws.l(fflt_clz.o)
    0x0800b298   0x00000026   Code   RO         7830    x$fpl$ffltu         fz_ws.l(fflt_clz.o)
    0x0800b2be   0x00000002   PAD
    0x0800b2c0   0x00000102   Code   RO         7838    x$fpl$fmul          fz_ws.l(fmul.o)
    0x0800b3c2   0x0000008c   Code   RO         7873    x$fpl$fnaninf       fz_ws.l(fnaninf.o)
    0x0800b44e   0x0000000a   Code   RO         7875    x$fpl$fretinf       fz_ws.l(fretinf.o)
    0x0800b458   0x00000014   Code   RO         7811    x$fpl$frsb          fz_ws.l(faddsub_clz.o)
    0x0800b46c   0x000000ea   Code   RO         7812    x$fpl$fsub          fz_ws.l(faddsub_clz.o)
    0x0800b556   0x00000000   Code   RO         7879    x$fpl$usenofp       fz_ws.l(usenofp.o)
    0x0800b556   0x00000002   PAD
    0x0800b558   0x00000170   Data   RO         1322    .constdata          usb_config.o
    0x0800b6c8   0x0000002c   Data   RO         1637    .constdata          ff.o
    0x0800b6f4   0x00000094   Data   RO         6640    .constdata          os_cfg_app.o
    0x0800b788   0x0000016c   Data   RO         6881    .constdata          os_dbg.o
    0x0800b8f4   0x00000020   Data   RO         8077    Region$$Table       anon$$obj.o


    Execution Region RW_IRAM1 (Base: 0x20000000, Size: 0x00007978, Max: 0x00020000, ABSOLUTE, COMPRESSED[0x0000005c])

    Base Addr    Size         Type   Attr      Idx    E Section Name        Object

    0x20000000   0x00000001   Data   RW            7    .data               main.o
    0x20000001   0x00000003   PAD
    0x20000004   0x00000047   Data   RW          272    .data               ano_of.o
    0x2000004b   0x00000001   PAD
    0x2000004c   0x00000011   Data   RW          493    .data               data_transfer.o
    0x2000005d   0x00000001   Data   RW          947    .data               parameter.o
    0x2000005e   0x00000002   PAD
    0x20000060   0x00000048   Data   RW         1086    .data               rc.o
    0x200000a8   0x00000009   Data   RW         1323    .data               usb_config.o
    0x200000b1   0x00000003   PAD
    0x200000b4   0x0000000a   Data   RW         1638    .data               ff.o
    0x200000be   0x00000002   PAD
    0x200000c0   0x00000004   Data   RW         1875    .data               diskio.o
    0x200000c4   0x00000024   Data   RW         1943    .data               usbd_core.o
    0x200000e8   0x00000027   Data   RW         2104    .data               usbd_hid.o
    0x2000010f   0x00000001   PAD
    0x20000110   0x0000004a   Data   RW         2436    .data               ak8975.o
    0x2000015a   0x00000001   Data   RW         2618    .data               i2c_soft.o
    0x2000015b   0x00000001   PAD
    0x2000015c   0x0000001c   Data   RW         2828    .data               mpu6050.o
    0x20000178   0x00000026   Data   RW         2947    .data               ms5611.o
    0x2000019e   0x00000020   Data   RW         3024    .data               pwm_in.o
    0x200001be   0x00000002   PAD
    0x200001c0   0x00000014   Data   RW         3113    .data               time.o
    0x200001d4   0x00000005   Data   RW         3195    .data               ultrasonic.o
    0x200001d9   0x00000006   Data   RW         3243    .data               usart.o
    0x200001df   0x00000001   PAD
    0x200001e0   0x00000030   Data   RW         3344    .data               usbd_stm32f4xx_fs.o
    0x20000210   0x00000010   Data   RW         4678    .data               stm32f4xx_rcc.o
    0x20000220   0x00000014   Data   RW         5901    .data               system_stm32f4xx.o
    0x20000234   0x0000001c   Data   RW         5965    .data               cpu_core.o
    0x20000250   0x00000004   Data   RW         7151    .data               os_prio.o
    0x20000254   0x000000bc   Data   RW         7673    .data               os_var.o
    0x20000310   0x00000004   Data   RW         7697    .data               os_cpu_c.o
    0x20000314   0x000004c0   Zero   RW            6    .bss                main.o
    0x200007d4   0x00000032   Zero   RW          271    .bss                ano_of.o
    0x20000806   0x00000002   PAD
    0x20000808   0x00000204   Zero   RW          415    .bss                ctrl.o
    0x20000a0c   0x00000088   Zero   RW          492    .bss                data_transfer.o
    0x20000a94   0x000000d8   Zero   RW          707    .bss                height_ctrl.o
    0x20000b6c   0x00002174   Zero   RW          946    .bss                parameter.o
    0x20002ce0   0x00000320   Zero   RW         1321    .bss                usb_config.o
    0x20003000   0x00000051   Zero   RW         1560    .bss                version.o
    0x20003051   0x00000003   PAD
    0x20003054   0x00002a40   Zero   RW         2205    .bss                task.o
    0x20005a94   0x0000000c   Zero   RW         2519    .bss                drv_w25qxx.o
    0x20005aa0   0x00000180   Zero   RW         2827    .bss                mpu6050.o
    0x20005c20   0x00000038   Zero   RW         2946    .bss                ms5611.o
    0x20005c58   0x00000010   Zero   RW         3023    .bss                pwm_in.o
    0x20005c68   0x00000014   Zero   RW         3194    .bss                ultrasonic.o
    0x20005c7c   0x00000400   Zero   RW         3242    .bss                usart.o
    0x2000607c   0x00000070   Zero   RW         3343    .bss                usbd_stm32f4xx_fs.o
    0x200060ec   0x00000010   Zero   RW         5963    .bss                cpu_core.o
    0x200060fc   0x00000f60   Zero   RW         6639    .bss                os_cfg_app.o
    0x2000705c   0x000004bc   Zero   RW         7672    .bss                os_var.o
    0x20007518   0x00000060   Zero   RW         7933    .bss                c_w.l(libspace.o)
    0x20007578   0x00000000   Zero   RW          260    HEAP                startup_stm32f40_41xxx.o
    0x20007578   0x00000400   Zero   RW          259    STACK               startup_stm32f40_41xxx.o


==============================================================================

Image component sizes


      Code (inc. data)   RO Data    RW Data    ZI Data      Debug   Object Name

        22          0          0         74          0       2006   ak8975.o
      1036        150          0         71         50       3041   ano_of.o
         0          0          0          0          0       1682   anotc_baro_ctrl.o
       126         18          0          0          0       2538   bsp.o
        52          0          0          0          0        300   cpu_a.o
       540         98          0         28         16      15916   cpu_core.o
        32          8          0          0        516       2066   ctrl.o
      1964         96          0         17        136       5247   data_transfer.o
       256         22          0          4          0       4520   diskio.o
      1020         66          0          0         12       8109   drv_w25qxx.o
      7564        114         44         10          0      32107   ff.o
       204         42          0          0        216       2953   height_ctrl.o
       782         44          0          1          0       6463   i2c_soft.o
        96         10          0          0          0        491   init.o
       200         18          0          0          0        917   led.o
       102          0          0          0          0      12584   lib_mem.o
       160         36          0          1       1216     315313   main.o
       140         24          0          0          0       1523   misc.o
       638         10          0         28        384      18473   mpu6050.o
       148          8          0         38         56       4980   ms5611.o
         2          0        148          0       3936      21317   os_cfg_app.o
      2402        306          0          0          0      32842   os_core.o
       228          6          0          0          0        372   os_cpu_a.o
       580         56          0          4          0      24989   os_cpu_c.o
       424        278        364          0          0       4605   os_dbg.o
        24         10          0          0          0        762   os_flag.o
        24         10          0          0          0        769   os_mem.o
       106         12          0          0          0       1415   os_msg.o
      1132         56          0          0          0       5798   os_mutex.o
       136         16          0          4          0       2522   os_prio.o
        24         10          0          0          0        759   os_q.o
        24         10          0          0          0        761   os_sem.o
      1592        196          0          0          0       3731   os_stat.o
      2734        128          0          0          0      11042   os_task.o
      1162         88          0          0          0       5367   os_tick.o
       244         26          0          0          0       1497   os_time.o
       568        142          0          0          0       3165   os_tmr.o
         0          0          0        188       1212      17670   os_var.o
      1100        162          0          1       8564       7413   parameter.o
      1716        118          0         32         16       3024   pwm_in.o
       740         34          0          0          0       1191   pwm_out.o
        20          8          0         72          0       1902   rc.o
        68         24        392          0       1024        780   startup_stm32f40_41xxx.o
       228          0          0          0          0       2846   stm32f4xx_gpio.o
        58          0          0          0          0       4669   stm32f4xx_it.o
       392         48          0         16          0       5401   stm32f4xx_rcc.o
       200         12          0          0          0       3963   stm32f4xx_spi.o
      1390         66          0          0          0      16211   stm32f4xx_tim.o
       456          8          0          0          0       4870   stm32f4xx_usart.o
         0          0          0         20          0        600   system_stm32f4xx.o
       302         92          0          0      10816       2552   task.o
       100          4          0         20          0       2187   time.o
       160         18          0          5         20       1267   ultrasonic.o
      1032         86          0          6       1024       4523   usart.o
        28          0        368          9        800      27403   usb_config.o
      2758        344          0         36          0      11938   usbd_core.o
       452         88          0          0          0       2268   usbd_core_hid.o
      1414        234          0         39          0       8617   usbd_hid.o
      4662        304          0         48        112      41193   usbd_stm32f4xx_fs.o
       122          0          0          0          0       2367   usbd_user_hid.o
        32         10          0          0         81       1706   version.o

    ----------------------------------------------------------------------
     43964       3774       1348        788      30212     739503   Object Totals
         0          0         32          0          0          0   (incl. Generated)
        46          0          0         16          5          0   (incl. Padding)

    ----------------------------------------------------------------------

      Code (inc. data)   RO Data    RW Data    ZI Data      Debug   Library Member Name

        90          0          0          0          0          0   __dczerorl2.o
         8          0          0          0          0         68   __main.o
         0          0          0          0          0          0   __rtentry.o
        12          0          0          0          0          0   __rtentry2.o
         6          0          0          0          0          0   __rtentry4.o
        52          8          0          0          0          0   __scatter.o
        28          0          0          0          0          0   __scatter_zi.o
        18          0          0          0          0         80   exit.o
         6          0          0          0          0        152   heapauxi.o
         0          0          0          0          0          0   indicate_semi.o
         2          0          0          0          0          0   libinit.o
         2          0          0          0          0          0   libinit2.o
         2          0          0          0          0          0   libshutdown.o
         2          0          0          0          0          0   libshutdown2.o
         8          4          0          0         96         68   libspace.o
         2          0          0          0          0          0   rtexit.o
        10          0          0          0          0          0   rtexit2.o
        62          0          0          0          0         76   strlen.o
        12          4          0          0          0         68   sys_exit.o
        74          0          0          0          0         80   sys_stackheap_outer.o
         2          0          0          0          0         68   use_no_semi.o
        98          4          0          0          0         92   d2f.o
        46          0          0          0          0         68   dflt_clz.o
       340         12          0          0          0        104   dmul.o
       156          4          0          0          0         92   dnaninf.o
        12          0          0          0          0         68   dretinf.o
       450          8          0          0          0        236   faddsub_clz.o
        62          4          0          0          0         84   ffixu.o
        86          0          0          0          0        136   fflt_clz.o
       258          4          0          0          0         84   fmul.o
       140          4          0          0          0         84   fnaninf.o
        10          0          0          0          0         68   fretinf.o
         0          0          0          0          0          0   usenofp.o

    ----------------------------------------------------------------------
      2068         56          0          0         96       1776   Library Totals
        12          0          0          0          0          0   (incl. Padding)

    ----------------------------------------------------------------------

      Code (inc. data)   RO Data    RW Data    ZI Data      Debug   Library Name

       398         16          0          0         96        660   c_w.l
      1658         40          0          0          0       1116   fz_ws.l

    ----------------------------------------------------------------------
      2068         56          0          0         96       1776   Library Totals

    ----------------------------------------------------------------------

==============================================================================


      Code (inc. data)   RO Data    RW Data    ZI Data      Debug   

     46032       3830       1348        788      30308     722347   Grand Totals
     46032       3830       1348         92      30308     722347   ELF Image Totals (compressed)
     46032       3830       1348         92          0          0   ROM Totals

==============================================================================

    Total RO  Size (Code + RO Data)                47380 (  46.27kB)
    Total RW  Size (RW Data + ZI Data)             31096 (  30.37kB)
    Total ROM Size (Code + RO Data + RW Data)      47472 (  46.36kB)

==============================================================================

