<html>
<body>
<pre>
<h1>µVision Build Log</h1>
<h2>Tool Versions:</h2>
IDE-Version: ¦ÌVision V5.21.1.0
Copyright (C) 2016 ARM Ltd and ARM Germany GmbH. All rights reserved.
License Information: Magician Microsoft, Microsoft, LIC=6XJJJ-U6T14-8WX2D-8VG4Q-AWNZZ-932WQ
 
Tool Versions:
Toolchain:       MDK-ARM Professional  Version: 5.21a
Toolchain Path:  D:\Keil_v5\ARM\ARMCC\Bin
C Compiler:      Armcc.exe V5.06 update 3 (build 300)
Assembler:       Armasm.exe V5.06 update 3 (build 300)
Linker/Locator:  ArmLink.exe V5.06 update 3 (build 300)
Library Manager: ArmAr.exe V5.06 update 3 (build 300)
Hex Converter:   FromElf.exe V5.06 update 3 (build 300)
CPU DLL:         SARMCM3.DLL V5.21a
Dialog DLL:      DCM.DLL V1.13.8.0
Target DLL:      Segger\JL2CM3.dll V2.99.23.0
Dialog DLL:      TCM.DLL V1.14.14.0
 
<h2>Project:</h2>
E:\Workspace\MagicUVC\PRJ\MagicUVC.uvprojx
Project File Date:  03/22/2018

<h2>Output:</h2>
*** Using Compiler 'V5.06 update 3 (build 300)', folder: 'D:\Keil_v5\ARM\ARMCC\Bin'
Build target 'MagicUVC'
compiling main.c...
compiling stm32f4xx_it.c...
compiling anotc_baro_ctrl.c...
compiling ctrl.c...
..\SRC\applications\ctrl.c(235): warning:  #177-D: variable "curve" was declared but never referenced
  	float curve[MAXMOTORS];
..\SRC\applications\ctrl.c: 1 warning, 0 errors
compiling filter.c...
compiling data_transfer.c...
compiling fly_mode.c...
compiling height_ctrl.c...
compiling imu.c...
compiling init.c...
compiling parameter.c...
compiling rc.c...
compiling bsp.c...
compiling task.c...
compiling ak8975.c...
compiling led.c...
compiling ms5611.c...
compiling mpu6050.c...
compiling pwm_in.c...
compiling time.c...
compiling pwm_out.c...
compiling ultrasonic.c...
compiling usart.c...
..\SRC\drivers\usart.c(365): warning:  #940-D: missing return statement at end of non-void function "_sys_exit"
  } 
..\SRC\drivers\usart.c: 1 warning, 0 errors
linking...
Program Size: Code=82556 RO-data=1604 RW-data=2172 ZI-data=46956  
FromELF: creating hex file...
"..\OBJ\MagicUVC.axf" - 0 Error(s), 2 Warning(s).

<h2>Collection of Component include folders:</h2>
  E:\Workspace\MagicUVC\PRJ\RTE
  D:\Keil_v5\ARM\PACK\Keil\STM32F4xx_DFP\2.11.0\Drivers\CMSIS\Device\ST\STM32F4xx\Include

<h2>Collection of Component Files used:</h2>
Build Time Elapsed:  00:00:19
</pre>
</body>
</html>
